[00000] DAY      meanV=173.1 EO=1 IR=1 | fused[-] | tracks[-] reg[warmup n=1 r=nanpx]
[00001] DAY      meanV=173.1 EO=1 IR=1 | fused[-] | tracks[-] reg[warmup n=2 r=nanpx]
[00002] DAY      meanV=173.1 EO=1 IR=1 | fused[-] | tracks[-] reg[warmup n=3 r=nanpx]
[00003] DAY      meanV=173.1 EO=1 IR=1 | fused[-] | tracks[-] reg[warmup n=4 r=nanpx]
[00004] DAY      meanV=173.1 EO=1 IR=1 | fused[-] | tracks[-] reg[warmup n=5 r=nanpx]
[00005] DAY      meanV=173.1 EO=1 IR=1 | fused[-] | tracks[-] reg[warmup n=6 r=nanpx]
[00006] DAY      meanV=173.1 EO=1 IR=1 | fused[-] | tracks[-] reg[warmup n=7 r=nanpx]
[00007] DAY      meanV=173.1 EO=1 IR=1 | fused[-] | tracks[-] reg[warmup n=8 r=nanpx]
[00008] DAY      meanV=173.1 EO=1 IR=1 | fused[-] | tracks[-] reg[warmup n=9 r=nanpx]
[00009] DAY      meanV=173.0 EO=1 IR=1 | fused[-] | tracks[-] reg[warmup n=10 r=nanpx]
[00010] DAY      meanV=173.0 EO=1 IR=1 | fused[-] | tracks[-] reg[warmup n=11 r=nanpx]
[00011] DAY      meanV=173.0 EO=1 IR=1 | fused[-] | tracks[-] reg[warmup n=12 r=nanpx]
[00012] DAY      meanV=173.0 EO=1 IR=1 | fused[-] | tracks[-] reg[warmup n=13 r=nanpx]
[00013] DAY      meanV=173.1 EO=1 IR=1 | fused[-] | tracks[-] reg[warmup n=14 r=nanpx]
[00014] DAY      meanV=173.1 EO=1 IR=1 | fused[-] | tracks[-] reg[warmup n=15 r=nanpx]
[00015] DAY      meanV=173.1 EO=1 IR=1 | fused[-] | tracks[-] reg[warmup n=16 r=nanpx]
[00016] DAY      meanV=173.1 EO=1 IR=1 | fused[-] | tracks[-] reg[warmup n=17 r=nanpx]
[00017] DAY      meanV=173.1 EO=1 IR=1 | fused[-] | tracks[-] reg[warmup n=18 r=nanpx]
[00018] DAY      meanV=173.1 EO=1 IR=1 | fused[-] | tracks[-] reg[warmup n=19 r=nanpx]
[00019] DAY      meanV=173.1 EO=1 IR=1 | fused[-] | tracks[-] reg[warmup n=20 r=nanpx]
[00020] DAY      meanV=173.2 EO=1 IR=1 | fused[-] | tracks[-] reg[warmup n=21 r=nanpx]
[00021] DAY      meanV=173.2 EO=1 IR=1 | fused[-] | tracks[-] reg[warmup n=22 r=nanpx]
[00022] DAY      meanV=173.2 EO=1 IR=1 | fused[-] | tracks[-] reg[warmup n=23 r=nanpx]
[00023] DAY      meanV=173.2 EO=1 IR=1 | fused[-] | tracks[-] reg[warmup n=24 r=nanpx]
[00024] DAY      meanV=173.2 EO=1 IR=1 | fused[-] | tracks[-] reg[warmup n=25 r=nanpx]
[00025] DAY      meanV=173.1 EO=1 IR=1 | fused[-] | tracks[-] reg[warmup n=26 r=nanpx]
[00026] DAY      meanV=173.1 EO=1 IR=1 | fused[-] | tracks[-] reg[warmup n=27 r=nanpx]
[00027] DAY      meanV=173.1 EO=1 IR=1 | fused[-] | tracks[-] reg[warmup n=28 r=nanpx]
[00028] DAY      meanV=173.1 EO=1 IR=1 | fused[-] | tracks[-] reg[warmup n=29 r=nanpx]
[00029] DAY      meanV=173.1 EO=1 IR=1 | fused[-] | tracks[-] reg[warmup n=30 r=nanpx]
[00030] DAY      meanV=173.1 EO=1 IR=1 | fused[-] | tracks[-] reg[warmup n=31 r=nanpx]
[00031] DAY      meanV=173.1 EO=1 IR=1 | fused[-] | tracks[-] reg[warmup n=32 r=nanpx]
[00032] DAY      meanV=173.1 EO=1 IR=1 | fused[-] | tracks[-] reg[warmup n=33 r=nanpx]
[00033] DAY      meanV=173.1 EO=1 IR=1 | fused[-] | tracks[-] reg[warmup n=34 r=nanpx]
[00034] DAY      meanV=173.1 EO=1 IR=1 | fused[-] | tracks[-] reg[warmup n=35 r=nanpx]
[00035] DAY      meanV=173.0 EO=1 IR=1 | fused[-] | tracks[-] reg[warmup n=36 r=nanpx]
[00036] DAY      meanV=173.0 EO=1 IR=1 | fused[-] | tracks[-] reg[warmup n=37 r=nanpx]
[00037] DAY      meanV=173.0 EO=1 IR=1 | fused[-] | tracks[-] reg[warmup n=38 r=nanpx]
[00038] DAY      meanV=173.0 EO=1 IR=1 | fused[-] | tracks[-] reg[warmup n=39 r=nanpx]
[00039] DAY      meanV=173.0 EO=1 IR=1 | fused[-] | tracks[-] reg[warmup n=40 r=nanpx]
[00040] DAY      meanV=173.0 EO=1 IR=1 | fused[-] | tracks[-] reg[warmup n=41 r=nanpx]
[00041] DAY      meanV=173.1 EO=1 IR=1 | fused[-] | tracks[-] reg[warmup n=42 r=nanpx]
[00042] DAY      meanV=173.1 EO=1 IR=1 | fused[-] | tracks[-] reg[warmup n=43 r=nanpx]
[00043] DAY      meanV=173.1 EO=1 IR=1 | fused[-] | tracks[-] reg[warmup n=44 r=nanpx]
[00044] DAY      meanV=173.1 EO=1 IR=1 | fused[-] | tracks[-] reg[warmup n=45 r=nanpx]
[00045] DAY      meanV=173.1 EO=1 IR=1 | fused[-] | tracks[-] reg[warmup n=46 r=nanpx]
[00046] DAY      meanV=173.0 EO=1 IR=1 | fused[-] | tracks[-] reg[warmup n=47 r=nanpx]
[00047] DAY      meanV=173.0 EO=1 IR=1 | fused[-] | tracks[-] reg[warmup n=48 r=nanpx]
[00048] DAY      meanV=173.0 EO=1 IR=1 | fused[-] | tracks[-] reg[warmup n=49 r=nanpx]
[00049] DAY      meanV=173.1 EO=1 IR=1 | fused[-] | tracks[-] reg[warmup n=50 r=nanpx]
[00050] DAY      meanV=173.1 EO=1 IR=1 | fused[-] | tracks[-] reg[warmup n=51 r=nanpx]
[00051] DAY      meanV=173.1 EO=1 IR=1 | fused[-] | tracks[-] reg[warmup n=52 r=nanpx]
[00052] DAY      meanV=173.0 EO=1 IR=1 | fused[-] | tracks[-] reg[warmup n=53 r=nanpx]
[00053] DAY      meanV=173.0 EO=1 IR=1 | fused[-] | tracks[-] reg[warmup n=54 r=nanpx]
[00054] DAY      meanV=173.0 EO=1 IR=1 | fused[-] | tracks[-] reg[warmup n=55 r=nanpx]
[00055] DAY      meanV=173.0 EO=1 IR=1 | fused[-] | tracks[-] reg[warmup n=56 r=nanpx]
[00056] DAY      meanV=173.0 EO=1 IR=1 | fused[-] | tracks[-] reg[warmup n=57 r=nanpx]
[00057] DAY      meanV=173.0 EO=1 IR=1 | fused[-] | tracks[-] reg[warmup n=58 r=nanpx]
[00058] DAY      meanV=173.0 EO=1 IR=1 | fused[-] | tracks[-] reg[warmup n=59 r=nanpx]
[00059] DAY      meanV=173.0 EO=1 IR=1 | fused[-] | tracks[-] reg[warmup n=60 r=nanpx]
[00060] DAY      meanV=173.0 EO=1 IR=1 | fused[-] | tracks[-] reg[warmup n=61 r=nanpx]
[00061] DAY      meanV=173.1 EO=1 IR=1 | fused[-] | tracks[-] reg[warmup n=62 r=nanpx]
[00062] DAY      meanV=173.1 EO=1 IR=1 | fused[-] | tracks[-] reg[warmup n=63 r=nanpx]
[00063] DAY      meanV=173.1 EO=1 IR=1 | fused[-] | tracks[-] reg[warmup n=64 r=nanpx]
[00064] DAY      meanV=173.1 EO=1 IR=1 | fused[-] | tracks[-] reg[warmup n=65 r=nanpx]
[00065] DAY      meanV=173.1 EO=1 IR=1 | fused[-] | tracks[-] reg[warmup n=66 r=nanpx]
[00066] DAY      meanV=173.1 EO=1 IR=1 | fused[-] | tracks[-] reg[warmup n=67 r=nanpx]
[00067] DAY      meanV=173.1 EO=1 IR=1 | fused[-] | tracks[-] reg[warmup n=68 r=nanpx]
[00068] DAY      meanV=173.1 EO=1 IR=1 | fused[-] | tracks[-] reg[warmup n=69 r=nanpx]
[00069] DAY      meanV=173.0 EO=1 IR=1 | fused[-] | tracks[-] reg[warmup n=70 r=nanpx]
[00070] DAY      meanV=173.0 EO=1 IR=1 | fused[-] | tracks[-] reg[warmup n=71 r=nanpx]
[00071] DAY      meanV=173.0 EO=1 IR=1 | fused[-] | tracks[-] reg[warmup n=72 r=nanpx]
[00072] DAY      meanV=173.0 EO=1 IR=1 | fused[-] | tracks[-] reg[warmup n=73 r=nanpx]
[00073] DAY      meanV=173.0 EO=1 IR=1 | fused[-] | tracks[-] reg[warmup n=74 r=nanpx]
[00074] DAY      meanV=173.0 EO=1 IR=1 | fused[-] | tracks[-] reg[warmup n=75 r=nanpx]
[00075] DAY      meanV=173.0 EO=1 IR=1 | fused[-] | tracks[-] reg[warmup n=76 r=nanpx]
[00076] DAY      meanV=173.0 EO=1 IR=1 | fused[-] | tracks[-] reg[warmup n=77 r=nanpx]
[00077] DAY      meanV=173.0 EO=1 IR=1 | fused[-] | tracks[-] reg[warmup n=78 r=nanpx]
[00078] DAY      meanV=172.9 EO=1 IR=1 | fused[-] | tracks[-] reg[warmup n=79 r=nanpx]
[00079] DAY      meanV=173.0 EO=1 IR=1 | fused[-] | tracks[-] reg[warmup n=80 r=nanpx]
[00080] DAY      meanV=172.9 EO=1 IR=1 | fused[-] | tracks[-] reg[warmup n=81 r=nanpx]
[00081] DAY      meanV=173.0 EO=1 IR=1 | fused[-] | tracks[-] reg[warmup n=82 r=nanpx]
[00082] DAY      meanV=172.9 EO=1 IR=1 | fused[-] | tracks[-] reg[warmup n=83 r=nanpx]
[00083] DAY      meanV=172.9 EO=1 IR=1 | fused[-] | tracks[-] reg[warmup n=84 r=nanpx]
[00084] DAY      meanV=172.9 EO=1 IR=1 | fused[-] | tracks[-] reg[warmup n=85 r=nanpx]
[00085] DAY      meanV=172.9 EO=1 IR=1 | fused[-] | tracks[-] reg[warmup n=86 r=nanpx]
[00086] DAY      meanV=172.9 EO=1 IR=1 | fused[-] | tracks[-] reg[warmup n=87 r=nanpx]
[00087] DAY      meanV=172.9 EO=1 IR=1 | fused[-] | tracks[-] reg[warmup n=88 r=nanpx]
[00088] DAY      meanV=172.9 EO=1 IR=1 | fused[-] | tracks[-] reg[warmup n=89 r=nanpx]
[00089] DAY      meanV=172.9 EO=1 IR=1 | fused[-] | tracks[-] reg[warmup n=90 r=nanpx]
[00090] DAY      meanV=172.9 EO=1 IR=1 | fused[-] | tracks[-] reg[warmup n=91 r=nanpx]
[00091] DAY      meanV=172.9 EO=1 IR=1 | fused[-] | tracks[-] reg[warmup n=92 r=nanpx]
[00092] DAY      meanV=172.9 EO=1 IR=1 | fused[-] | tracks[-] reg[warmup n=93 r=nanpx]
[00093] DAY      meanV=172.9 EO=1 IR=1 | fused[-] | tracks[-] reg[warmup n=94 r=nanpx]
[00094] DAY      meanV=172.9 EO=1 IR=1 | fused[-] | tracks[-] reg[warmup n=95 r=nanpx]
[00095] DAY      meanV=172.9 EO=1 IR=1 | fused[-] | tracks[-] reg[warmup n=96 r=nanpx]
[00096] DAY      meanV=172.9 EO=1 IR=1 | fused[-] | tracks[-] reg[warmup n=97 r=nanpx]
[00097] DAY      meanV=172.9 EO=1 IR=1 | fused[-] | tracks[-] reg[warmup n=98 r=nanpx]
[00098] DAY      meanV=172.9 EO=1 IR=1 | fused[-] | tracks[-] reg[warmup n=99 r=nanpx]
[00099] DAY      meanV=172.9 EO=1 IR=1 | fused[-] | tracks[-] reg[warmup n=100 r=nanpx]
[00100] DAY      meanV=172.9 EO=1 IR=1 | fused[-] | tracks[-] reg[warmup n=101 r=nanpx]
[00101] DAY      meanV=172.9 EO=1 IR=1 | fused[-] | tracks[-] reg[warmup n=102 r=nanpx]
[00102] DAY      meanV=172.9 EO=1 IR=1 | fused[-] | tracks[-] reg[warmup n=103 r=nanpx]
[00103] DAY      meanV=172.9 EO=1 IR=1 | fused[-] | tracks[-] reg[warmup n=104 r=nanpx]
[00104] DAY      meanV=172.9 EO=1 IR=1 | fused[-] | tracks[-] reg[warmup n=105 r=nanpx]
[00105] DAY      meanV=172.9 EO=1 IR=1 | fused[-] | tracks[-] reg[warmup n=106 r=nanpx]
[00106] DAY      meanV=172.9 EO=1 IR=1 | fused[-] | tracks[-] reg[warmup n=107 r=nanpx]
[00107] DAY      meanV=172.9 EO=1 IR=1 | fused[-] | tracks[-] reg[warmup n=108 r=nanpx]
[00108] DAY      meanV=172.9 EO=1 IR=1 | fused[-] | tracks[-] reg[warmup n=109 r=nanpx]
[00109] DAY      meanV=172.9 EO=1 IR=1 | fused[-] | tracks[-] reg[warmup n=110 r=nanpx]
[00110] DAY      meanV=172.9 EO=1 IR=1 | fused[-] | tracks[-] reg[warmup n=111 r=nanpx]
[00111] DAY      meanV=172.9 EO=1 IR=1 | fused[-] | tracks[-] reg[warmup n=112 r=nanpx]
[00112] DAY      meanV=172.9 EO=1 IR=1 | fused[-] | tracks[-] reg[warmup n=113 r=nanpx]
[00113] DAY      meanV=172.9 EO=1 IR=1 | fused[-] | tracks[-] reg[warmup n=114 r=nanpx]
[00114] DAY      meanV=172.9 EO=1 IR=1 | fused[-] | tracks[-] reg[warmup n=115 r=nanpx]
[00115] DAY      meanV=172.9 EO=1 IR=1 | fused[-] | tracks[-] reg[warmup n=116 r=nanpx]
[00116] DAY      meanV=172.9 EO=1 IR=1 | fused[-] | tracks[-] reg[warmup n=117 r=nanpx]
[00117] DAY      meanV=172.9 EO=1 IR=1 | fused[-] | tracks[-] reg[warmup n=118 r=nanpx]
[00118] DAY      meanV=172.9 EO=1 IR=1 | fused[-] | tracks[-] reg[warmup n=119 r=nanpx]
[00119] DAY      meanV=172.9 EO=1 IR=1 | fused[-] | tracks[-] reg[warmup n=120 r=nanpx]
[00120] DAY      meanV=172.9 EO=1 IR=1 | fused[-] | tracks[-] reg[warmup n=121 r=nanpx]
[00121] DAY      meanV=172.9 EO=1 IR=1 | fused[-] | tracks[-] reg[warmup n=122 r=nanpx]
[00122] DAY      meanV=172.9 EO=1 IR=1 | fused[-] | tracks[-] reg[warmup n=123 r=nanpx]
[00123] DAY      meanV=172.9 EO=1 IR=1 | fused[-] | tracks[-] reg[warmup n=124 r=nanpx]
[00124] DAY      meanV=172.9 EO=1 IR=1 | fused[-] | tracks[-] reg[warmup n=125 r=nanpx]
[00125] DAY      meanV=172.9 EO=1 IR=1 | fused[-] | tracks[-] reg[warmup n=126 r=nanpx]
[00126] DAY      meanV=172.9 EO=1 IR=1 | fused[-] | tracks[-] reg[warmup n=127 r=nanpx]
[00127] DAY      meanV=172.9 EO=1 IR=1 | fused[-] | tracks[-] reg[warmup n=128 r=nanpx]
[00128] DAY      meanV=172.9 EO=1 IR=1 | fused[-] | tracks[-] reg[warmup n=129 r=nanpx]
[00129] DAY      meanV=172.9 EO=1 IR=1 | fused[-] | tracks[-] reg[warmup n=130 r=nanpx]
[00130] DAY      meanV=172.9 EO=1 IR=1 | fused[-] | tracks[-] reg[warmup n=131 r=nanpx]
[00131] DAY      meanV=172.9 EO=1 IR=1 | fused[-] | tracks[-] reg[warmup n=132 r=nanpx]
[00132] DAY      meanV=172.9 EO=1 IR=1 | fused[-] | tracks[-] reg[warmup n=133 r=nanpx]
[00133] DAY      meanV=172.9 EO=1 IR=1 | fused[-] | tracks[-] reg[warmup n=134 r=nanpx]
[00134] DAY      meanV=172.9 EO=1 IR=1 | fused[-] | tracks[-] reg[warmup n=135 r=nanpx]
[00135] DAY      meanV=173.0 EO=1 IR=1 | fused[-] | tracks[-] reg[warmup n=136 r=nanpx]
[00136] DAY      meanV=173.0 EO=1 IR=1 | fused[-] | tracks[-] reg[warmup n=137 r=nanpx]
[00137] DAY      meanV=173.0 EO=1 IR=1 | fused[-] | tracks[-] reg[warmup n=138 r=nanpx]
[00138] DAY      meanV=173.0 EO=1 IR=1 | fused[-] | tracks[-] reg[warmup n=139 r=nanpx]
[00139] DAY      meanV=173.0 EO=1 IR=1 | fused[-] | tracks[-] reg[warmup n=140 r=nanpx]
[00140] DAY      meanV=173.0 EO=1 IR=1 | fused[-] | tracks[-] reg[warmup n=141 r=nanpx]
[00141] DAY      meanV=173.0 EO=1 IR=1 | fused[-] | tracks[-] reg[warmup n=142 r=nanpx]
[00142] DAY      meanV=172.9 EO=1 IR=1 | fused[-] | tracks[-] reg[warmup n=143 r=nanpx]
[00143] DAY      meanV=172.9 EO=1 IR=1 | fused[-] | tracks[-] reg[warmup n=144 r=nanpx]
[00144] DAY      meanV=172.9 EO=1 IR=1 | fused[-] | tracks[-] reg[warmup n=145 r=nanpx]
[00145] DAY      meanV=173.0 EO=1 IR=1 | fused[-] | tracks[-] reg[warmup n=146 r=nanpx]
[00146] DAY      meanV=173.0 EO=1 IR=1 | fused[-] | tracks[-] reg[warmup n=147 r=nanpx]
[00147] DAY      meanV=172.9 EO=1 IR=1 | fused[-] | tracks[-] reg[warmup n=148 r=nanpx]
[00148] DAY      meanV=172.9 EO=1 IR=1 | fused[-] | tracks[-] reg[warmup n=149 r=nanpx]
[00149] DAY      meanV=172.9 EO=1 IR=1 | fused[-] | tracks[-] reg[warmup n=150 r=nanpx]
[00150] DAY      meanV=172.9 EO=1 IR=1 | fused[-] | tracks[-] reg[warmup n=151 r=nanpx]
[00151] DAY      meanV=172.9 EO=1 IR=1 | fused[-] | tracks[-] reg[warmup n=152 r=nanpx]
[00152] DAY      meanV=172.9 EO=1 IR=1 | fused[-] | tracks[-] reg[warmup n=153 r=nanpx]
[00153] DAY      meanV=172.8 EO=1 IR=1 | fused[-] | tracks[-] reg[warmup n=154 r=nanpx]
[00154] DAY      meanV=172.8 EO=1 IR=1 | fused[-] | tracks[-] reg[warmup n=155 r=nanpx]
[00155] DAY      meanV=172.8 EO=1 IR=1 | fused[-] | tracks[-] reg[warmup n=156 r=nanpx]
[00156] DAY      meanV=172.8 EO=1 IR=1 | fused[-] | tracks[-] reg[warmup n=157 r=nanpx]
[00157] DAY      meanV=172.8 EO=1 IR=1 | fused[-] | tracks[-] reg[warmup n=158 r=nanpx]
[00158] DAY      meanV=172.5 EO=1 IR=1 | fused[-] | tracks[-] reg[warmup n=159 r=nanpx]
[00159] DAY      meanV=172.0 EO=1 IR=1 | fused[-] | tracks[-] reg[warmup n=160 r=nanpx]
[00160] DAY      meanV=171.6 EO=1 IR=1 | fused[-] | tracks[-] reg[warmup n=161 r=nanpx]
[00161] DAY      meanV=171.5 EO=1 IR=1 | fused[-] | tracks[-] reg[warmup n=162 r=nanpx]
[00162] DAY      meanV=171.5 EO=1 IR=1 | fused[-] | tracks[-] reg[warmup n=163 r=nanpx]
[00163] DAY      meanV=171.5 EO=1 IR=1 | fused[-] | tracks[-] reg[warmup n=164 r=nanpx]
[00164] DAY      meanV=171.5 EO=1 IR=1 | fused[-] | tracks[-] reg[warmup n=165 r=nanpx]
[00165] DAY      meanV=171.5 EO=1 IR=1 | fused[-] | tracks[-] reg[warmup n=166 r=nanpx]
[00166] DAY      meanV=171.5 EO=1 IR=1 | fused[-] | tracks[-] reg[warmup n=167 r=nanpx]
[00167] DAY      meanV=171.6 EO=1 IR=1 | fused[-] | tracks[-] reg[warmup n=168 r=nanpx]
[00168] DAY      meanV=171.6 EO=1 IR=1 | fused[-] | tracks[-] reg[warmup n=169 r=nanpx]
[00169] DAY      meanV=171.6 EO=1 IR=1 | fused[-] | tracks[-] reg[warmup n=170 r=nanpx]
[00170] DAY      meanV=171.7 EO=1 IR=1 | fused[-] | tracks[-] reg[warmup n=171 r=nanpx]
[00171] DAY      meanV=171.7 EO=1 IR=1 | fused[-] | tracks[-] reg[warmup n=172 r=nanpx]
[00172] DAY      meanV=171.7 EO=1 IR=1 | fused[-] | tracks[-] reg[warmup n=173 r=nanpx]
[00173] DAY      meanV=171.7 EO=1 IR=1 | fused[-] | tracks[-] reg[warmup n=174 r=nanpx]
[00174] DAY      meanV=171.7 EO=1 IR=1 | fused[-] | tracks[-] reg[warmup n=175 r=nanpx]
[00175] DAY      meanV=171.7 EO=1 IR=1 | fused[-] | tracks[-] reg[warmup n=176 r=nanpx]
[00176] DAY      meanV=171.7 EO=1 IR=1 | fused[-] | tracks[-] reg[warmup n=177 r=nanpx]
[00177] DAY      meanV=171.7 EO=1 IR=1 | fused[EO+IR:0.61] | tracks[-] reg[warmup n=178 r=nanpx]
[00178] DAY      meanV=171.7 EO=1 IR=1 | fused[EO+IR:0.62] | tracks[-] reg[warmup n=179 r=nanpx]
[00179] DAY      meanV=171.8 EO=1 IR=1 | fused[EO+IR:0.64] | tracks[#1@(644,782)] reg[warmup n=180 r=nanpx]
[00180] DAY      meanV=171.8 EO=1 IR=1 | fused[EO+IR:0.62] | tracks[#1@(648,782)] reg[warmup n=181 r=nanpx]
[00181] DAY      meanV=171.8 EO=1 IR=1 | fused[EO+IR:0.64] | tracks[#1@(660,782)] reg[warmup n=182 r=nanpx]
[00182] DAY      meanV=171.8 EO=1 IR=1 | fused[EO+IR:0.61] | tracks[#1@(667,782)] reg[warmup n=183 r=nanpx]
[00183] DAY      meanV=171.8 EO=1 IR=1 | fused[EO+IR:0.64] | tracks[#1@(678,782)] reg[warmup n=184 r=nanpx]
[00184] DAY      meanV=171.8 EO=1 IR=1 | fused[EO+IR:0.64] | tracks[#1@(687,782)] reg[warmup n=185 r=nanpx]
[00185] DAY      meanV=171.8 EO=1 IR=1 | fused[EO+IR:0.64] | tracks[#1@(697,782)] reg[warmup n=186 r=nanpx]
[00186] DAY      meanV=171.8 EO=1 IR=1 | fused[EO+IR:0.65] | tracks[#1@(701,782)] reg[warmup n=187 r=nanpx]
[00187] DAY      meanV=171.8 EO=1 IR=1 | fused[EO+IR:0.65] | tracks[#1@(711,782)] reg[warmup n=188 r=nanpx]
[00188] DAY      meanV=171.8 EO=1 IR=1 | fused[-] | tracks[#1@(721,782)] reg[warmup n=189 r=nanpx]
[00189] DAY      meanV=171.8 EO=1 IR=1 | fused[-] | tracks[#1@(730,782)] reg[warmup n=190 r=nanpx]
[00190] DAY      meanV=171.8 EO=1 IR=1 | fused[-] | tracks[#1@(739,782)] reg[warmup n=191 r=nanpx]
[00191] DAY      meanV=171.8 EO=1 IR=1 | fused[-] | tracks[#1@(749,783)] reg[warmup n=192 r=nanpx]
[00192] DAY      meanV=171.8 EO=1 IR=1 | fused[-] | tracks[#1@(758,783)] reg[warmup n=193 r=nanpx]
[00193] DAY      meanV=171.8 EO=1 IR=1 | fused[-] | tracks[-] reg[warmup n=194 r=nanpx]
[00194] DAY      meanV=171.8 EO=1 IR=1 | fused[-] | tracks[-] reg[warmup n=195 r=nanpx]
[00195] DAY      meanV=171.8 EO=1 IR=1 | fused[-] | tracks[-] reg[warmup n=196 r=nanpx]
[00196] DAY      meanV=171.8 EO=1 IR=1 | fused[-] | tracks[-] reg[warmup n=197 r=nanpx]
[00197] DAY      meanV=171.8 EO=1 IR=1 | fused[-] | tracks[-] reg[warmup n=198 r=nanpx]
[00198] DAY      meanV=171.8 EO=1 IR=1 | fused[-] | tracks[-] reg[warmup n=199 r=nanpx]
[00199] DAY      meanV=171.8 EO=1 IR=1 | fused[-] | tracks[-] reg[warmup n=200 r=nanpx]
[00200] DAY      meanV=171.8 EO=1 IR=1 | fused[-] | tracks[-] reg[warmup n=201 r=nanpx]
[00201] DAY      meanV=171.8 EO=1 IR=1 | fused[-] | tracks[-] reg[warmup n=202 r=nanpx]
[00202] DAY      meanV=171.8 EO=1 IR=1 | fused[-] | tracks[-] reg[warmup n=203 r=nanpx]
[00203] DAY      meanV=171.4 EO=1 IR=1 | fused[-] | tracks[-] reg[warmup n=204 r=nanpx]
[00204] DAY      meanV=171.0 EO=1 IR=1 | fused[-] | tracks[-] reg[warmup n=205 r=nanpx]
[00205] DAY      meanV=170.4 EO=1 IR=1 | fused[-] | tracks[-] reg[warmup n=206 r=nanpx]
[00206] DAY      meanV=170.4 EO=1 IR=1 | fused[-] | tracks[-] reg[warmup n=207 r=nanpx]
[00207] DAY      meanV=170.4 EO=1 IR=1 | fused[-] | tracks[-] reg[warmup n=208 r=nanpx]
[00208] DAY      meanV=170.4 EO=1 IR=1 | fused[-] | tracks[-] reg[warmup n=209 r=nanpx]
[00209] DAY      meanV=170.4 EO=1 IR=1 | fused[-] | tracks[-] reg[warmup n=210 r=nanpx]
[00210] DAY      meanV=170.4 EO=1 IR=1 | fused[-] | tracks[-] reg[warmup n=211 r=nanpx]
[00211] DAY      meanV=170.4 EO=1 IR=1 | fused[-] | tracks[-] reg[warmup n=212 r=nanpx]
[00212] DAY      meanV=170.4 EO=1 IR=1 | fused[-] | tracks[-] reg[warmup n=213 r=nanpx]
[00213] DAY      meanV=170.5 EO=1 IR=1 | fused[-] | tracks[-] reg[warmup n=214 r=nanpx]
[00214] DAY      meanV=170.5 EO=1 IR=1 | fused[-] | tracks[-] reg[warmup n=215 r=nanpx]
[00215] DAY      meanV=170.5 EO=1 IR=1 | fused[-] | tracks[-] reg[warmup n=216 r=nanpx]
[00216] DAY      meanV=170.5 EO=1 IR=1 | fused[-] | tracks[-] reg[warmup n=217 r=nanpx]
[00217] DAY      meanV=170.5 EO=1 IR=1 | fused[-] | tracks[-] reg[warmup n=218 r=nanpx]
[00218] DAY      meanV=170.6 EO=1 IR=1 | fused[-] | tracks[-] reg[warmup n=219 r=nanpx]
[00219] DAY      meanV=170.6 EO=1 IR=1 | fused[-] | tracks[-] reg[warmup n=220 r=nanpx]
[00220] DAY      meanV=170.6 EO=1 IR=1 | fused[-] | tracks[-] reg[warmup n=221 r=nanpx]
[00221] DAY      meanV=170.6 EO=1 IR=1 | fused[-] | tracks[-] reg[warmup n=222 r=nanpx]
[00222] DAY      meanV=170.6 EO=1 IR=1 | fused[-] | tracks[-] reg[warmup n=223 r=nanpx]
[00223] DAY      meanV=170.6 EO=1 IR=1 | fused[-] | tracks[-] reg[warmup n=224 r=nanpx]
[00224] DAY      meanV=170.7 EO=1 IR=1 | fused[-] | tracks[-] reg[warmup n=225 r=nanpx]
[00225] DAY      meanV=170.7 EO=1 IR=1 | fused[-] | tracks[-] reg[warmup n=226 r=nanpx]
[00226] DAY      meanV=170.7 EO=1 IR=1 | fused[-] | tracks[-] reg[warmup n=227 r=nanpx]
[00227] DAY      meanV=170.7 EO=1 IR=1 | fused[-] | tracks[-] reg[warmup n=228 r=nanpx]
[00228] DAY      meanV=170.7 EO=1 IR=1 | fused[-] | tracks[-] reg[warmup n=229 r=nanpx]
[00229] DAY      meanV=170.7 EO=1 IR=1 | fused[-] | tracks[-] reg[warmup n=230 r=nanpx]
[00230] DAY      meanV=170.7 EO=1 IR=1 | fused[-] | tracks[-] reg[warmup n=231 r=nanpx]
[00231] DAY      meanV=170.8 EO=1 IR=1 | fused[-] | tracks[-] reg[warmup n=232 r=nanpx]
[00232] DAY      meanV=170.8 EO=1 IR=1 | fused[-] | tracks[-] reg[warmup n=233 r=nanpx]
[00233] DAY      meanV=170.8 EO=1 IR=1 | fused[-] | tracks[-] reg[warmup n=234 r=nanpx]
[00234] DAY      meanV=170.8 EO=1 IR=1 | fused[-] | tracks[-] reg[warmup n=235 r=nanpx]
[00235] DAY      meanV=170.9 EO=1 IR=1 | fused[-] | tracks[-] reg[warmup n=236 r=nanpx]
[00236] DAY      meanV=170.9 EO=1 IR=1 | fused[-] | tracks[-] reg[warmup n=237 r=nanpx]
[00237] DAY      meanV=170.9 EO=1 IR=1 | fused[-] | tracks[-] reg[warmup n=238 r=nanpx]
[00238] DAY      meanV=170.9 EO=1 IR=1 | fused[-] | tracks[-] reg[warmup n=239 r=nanpx]
[00239] DAY      meanV=170.8 EO=1 IR=1 | fused[-] | tracks[-] reg[warmup n=240 r=nanpx]
[00240] DAY      meanV=170.8 EO=1 IR=1 | fused[-] | tracks[-] reg[warmup n=241 r=nanpx]
[00241] DAY      meanV=170.8 EO=1 IR=1 | fused[-] | tracks[-] reg[warmup n=242 r=nanpx]
[00242] DAY      meanV=170.8 EO=1 IR=1 | fused[-] | tracks[-] reg[warmup n=243 r=nanpx]
[00243] DAY      meanV=170.8 EO=1 IR=1 | fused[-] | tracks[-] reg[warmup n=244 r=nanpx]
[00244] DAY      meanV=170.8 EO=1 IR=1 | fused[-] | tracks[-] reg[warmup n=245 r=nanpx]
[00245] DAY      meanV=170.8 EO=1 IR=1 | fused[-] | tracks[-] reg[warmup n=246 r=nanpx]
[00246] DAY      meanV=170.8 EO=1 IR=1 | fused[-] | tracks[-] reg[warmup n=247 r=nanpx]
[00247] DAY      meanV=170.8 EO=1 IR=1 | fused[-] | tracks[-] reg[warmup n=248 r=nanpx]
[00248] DAY      meanV=170.8 EO=1 IR=1 | fused[-] | tracks[-] reg[warmup n=249 r=nanpx]
[00249] DAY      meanV=170.8 EO=1 IR=1 | fused[-] | tracks[-] reg[warmup n=250 r=nanpx]
[00250] DAY      meanV=170.8 EO=1 IR=1 | fused[-] | tracks[-] reg[warmup n=251 r=nanpx]
[00251] DAY      meanV=170.8 EO=1 IR=1 | fused[-] | tracks[-] reg[warmup n=252 r=nanpx]
[00252] DAY      meanV=170.8 EO=1 IR=1 | fused[-] | tracks[-] reg[warmup n=253 r=nanpx]
[00253] DAY      meanV=170.8 EO=1 IR=1 | fused[-] | tracks[-] reg[warmup n=254 r=nanpx]
[00254] DAY      meanV=170.8 EO=1 IR=1 | fused[-] | tracks[-] reg[warmup n=255 r=nanpx]
[00255] DAY      meanV=170.8 EO=1 IR=1 | fused[-] | tracks[-] reg[warmup n=256 r=nanpx]
[00256] DAY      meanV=170.8 EO=1 IR=1 | fused[-] | tracks[-] reg[warmup n=257 r=nanpx]
[00257] DAY      meanV=170.8 EO=1 IR=1 | fused[-] | tracks[-] reg[warmup n=258 r=nanpx]
[00258] DAY      meanV=170.8 EO=1 IR=1 | fused[-] | tracks[-] reg[warmup n=259 r=nanpx]
[00259] DAY      meanV=170.8 EO=1 IR=1 | fused[-] | tracks[-] reg[warmup n=260 r=nanpx]
[00260] DAY      meanV=170.8 EO=1 IR=1 | fused[-] | tracks[-] reg[warmup n=261 r=nanpx]
[00261] DAY      meanV=170.8 EO=1 IR=1 | fused[-] | tracks[-] reg[warmup n=262 r=nanpx]
[00262] DAY      meanV=170.8 EO=2 IR=1 | fused[-] | tracks[-] reg[warmup n=262 r=nanpx]
[00263] DAY      meanV=170.8 EO=1 IR=1 | fused[-] | tracks[-] reg[warmup n=263 r=nanpx]
[00264] DAY      meanV=170.8 EO=1 IR=1 | fused[-] | tracks[-] reg[warmup n=264 r=nanpx]
[00265] DAY      meanV=170.9 EO=1 IR=1 | fused[-] | tracks[-] reg[warmup n=265 r=nanpx]
[00266] DAY      meanV=170.9 EO=1 IR=1 | fused[-] | tracks[-] reg[warmup n=266 r=nanpx]
[00267] DAY      meanV=170.9 EO=1 IR=1 | fused[-] | tracks[-] reg[warmup n=267 r=nanpx]
[00268] DAY      meanV=170.9 EO=1 IR=1 | fused[-] | tracks[-] reg[warmup n=268 r=nanpx]
[00269] DAY      meanV=170.9 EO=1 IR=1 | fused[-] | tracks[-] reg[warmup n=269 r=nanpx]
[00270] DAY      meanV=170.8 EO=1 IR=1 | fused[-] | tracks[-] reg[warmup n=270 r=nanpx]
[00271] DAY      meanV=170.8 EO=1 IR=1 | fused[-] | tracks[-] reg[warmup n=271 r=nanpx]
[00272] DAY      meanV=170.8 EO=1 IR=1 | fused[-] | tracks[-] reg[warmup n=272 r=nanpx]
[00273] DAY      meanV=170.8 EO=1 IR=1 | fused[-] | tracks[-] reg[warmup n=273 r=nanpx]
[00274] DAY      meanV=170.8 EO=1 IR=1 | fused[-] | tracks[-] reg[warmup n=274 r=nanpx]
[00275] DAY      meanV=170.8 EO=1 IR=1 | fused[-] | tracks[-] reg[warmup n=275 r=nanpx]
[00276] DAY      meanV=170.8 EO=1 IR=1 | fused[-] | tracks[-] reg[warmup n=276 r=nanpx]
[00277] DAY      meanV=170.8 EO=1 IR=1 | fused[-] | tracks[-] reg[warmup n=277 r=nanpx]
[00278] DAY      meanV=170.7 EO=1 IR=1 | fused[-] | tracks[-] reg[warmup n=278 r=nanpx]
[00279] DAY      meanV=170.8 EO=1 IR=1 | fused[-] | tracks[-] reg[warmup n=279 r=nanpx]
[00280] DAY      meanV=170.8 EO=1 IR=1 | fused[-] | tracks[-] reg[warmup n=280 r=nanpx]
[00281] DAY      meanV=170.7 EO=1 IR=1 | fused[-] | tracks[-] reg[warmup n=281 r=nanpx]
[00282] DAY      meanV=170.7 EO=1 IR=1 | fused[-] | tracks[-] reg[warmup n=282 r=nanpx]
[00283] DAY      meanV=170.8 EO=1 IR=1 | fused[-] | tracks[-] reg[warmup n=283 r=nanpx]
[00284] DAY      meanV=170.8 EO=1 IR=1 | fused[-] | tracks[-] reg[warmup n=284 r=nanpx]
[00285] DAY      meanV=170.8 EO=1 IR=1 | fused[-] | tracks[-] reg[warmup n=285 r=nanpx]
[00286] DAY      meanV=170.8 EO=1 IR=1 | fused[-] | tracks[-] reg[warmup n=286 r=nanpx]
[00287] DAY      meanV=170.8 EO=1 IR=1 | fused[-] | tracks[-] reg[warmup n=287 r=nanpx]
[00288] DAY      meanV=170.8 EO=1 IR=1 | fused[-] | tracks[-] reg[warmup n=288 r=nanpx]
[00289] DAY      meanV=170.8 EO=1 IR=1 | fused[-] | tracks[-] reg[warmup n=289 r=nanpx]
[00290] DAY      meanV=170.8 EO=1 IR=1 | fused[-] | tracks[-] reg[warmup n=290 r=nanpx]
[00291] DAY      meanV=170.8 EO=1 IR=1 | fused[-] | tracks[-] reg[warmup n=291 r=nanpx]
[00292] DAY      meanV=170.8 EO=1 IR=1 | fused[-] | tracks[-] reg[warmup n=292 r=nanpx]
[00293] DAY      meanV=170.8 EO=1 IR=1 | fused[-] | tracks[-] reg[warmup n=293 r=nanpx]
[00294] DAY      meanV=170.8 EO=1 IR=1 | fused[-] | tracks[-] reg[warmup n=294 r=nanpx]
[00295] DAY      meanV=170.8 EO=1 IR=1 | fused[-] | tracks[-] reg[warmup n=295 r=nanpx]
[00296] DAY      meanV=170.8 EO=1 IR=1 | fused[-] | tracks[-] reg[warmup n=296 r=nanpx]
[00297] DAY      meanV=170.8 EO=1 IR=1 | fused[-] | tracks[-] reg[warmup n=297 r=nanpx]
[00298] DAY      meanV=170.7 EO=1 IR=1 | fused[-] | tracks[-] reg[warmup n=298 r=nanpx]
[00299] DAY      meanV=170.7 EO=1 IR=1 | fused[-] | tracks[-] reg[warmup n=299 r=nanpx]
[00300] DAY      meanV=170.7 EO=1 IR=1 | fused[-] | tracks[-] reg[warmup n=300 r=nanpx]
[00301] DAY      meanV=170.7 EO=1 IR=1 | fused[-] | tracks[-] reg[warmup n=301 r=nanpx]
[00302] DAY      meanV=170.7 EO=1 IR=1 | fused[-] | tracks[-] reg[warmup n=302 r=nanpx]
[00303] DAY      meanV=170.7 EO=1 IR=1 | fused[-] | tracks[-] reg[warmup n=303 r=nanpx]
[00304] DAY      meanV=170.7 EO=1 IR=1 | fused[-] | tracks[-] reg[warmup n=304 r=nanpx]
[00305] DAY      meanV=170.7 EO=1 IR=1 | fused[-] | tracks[-] reg[warmup n=305 r=nanpx]
[00306] DAY      meanV=170.7 EO=1 IR=1 | fused[-] | tracks[-] reg[warmup n=306 r=nanpx]
[00307] DAY      meanV=170.7 EO=1 IR=1 | fused[-] | tracks[-] reg[warmup n=307 r=nanpx]
[00308] DAY      meanV=170.8 EO=1 IR=1 | fused[-] | tracks[-] reg[warmup n=308 r=nanpx]
[00309] DAY      meanV=170.8 EO=1 IR=1 | fused[-] | tracks[-] reg[warmup n=309 r=nanpx]
[00310] DAY      meanV=170.8 EO=1 IR=1 | fused[-] | tracks[-] reg[warmup n=310 r=nanpx]
[00311] DAY      meanV=170.8 EO=1 IR=1 | fused[-] | tracks[-] reg[warmup n=311 r=nanpx]
[00312] DAY      meanV=170.8 EO=1 IR=1 | fused[-] | tracks[-] reg[warmup n=312 r=nanpx]
[00313] DAY      meanV=170.8 EO=1 IR=1 | fused[-] | tracks[-] reg[warmup n=313 r=nanpx]
[00314] DAY      meanV=170.8 EO=1 IR=1 | fused[-] | tracks[-] reg[warmup n=314 r=nanpx]
[00315] DAY      meanV=170.8 EO=1 IR=1 | fused[-] | tracks[-] reg[warmup n=315 r=nanpx]
[00316] DAY      meanV=170.8 EO=1 IR=1 | fused[-] | tracks[-] reg[warmup n=316 r=nanpx]
[00317] DAY      meanV=170.8 EO=1 IR=1 | fused[-] | tracks[-] reg[warmup n=317 r=nanpx]
[00318] DAY      meanV=170.8 EO=1 IR=1 | fused[-] | tracks[-] reg[warmup n=318 r=nanpx]
[00319] DAY      meanV=170.8 EO=1 IR=1 | fused[-] | tracks[-] reg[warmup n=319 r=nanpx]
[00320] DAY      meanV=170.8 EO=1 IR=1 | fused[-] | tracks[-] reg[warmup n=320 r=nanpx]
[00321] DAY      meanV=170.8 EO=1 IR=1 | fused[-] | tracks[-] reg[warmup n=321 r=nanpx]
[00322] DAY      meanV=170.8 EO=1 IR=1 | fused[-] | tracks[-] reg[warmup n=322 r=nanpx]
[00323] DAY      meanV=170.8 EO=1 IR=1 | fused[-] | tracks[-] reg[warmup n=323 r=nanpx]
[00324] DAY      meanV=170.6 EO=1 IR=1 | fused[-] | tracks[-] reg[warmup n=324 r=nanpx]
[00325] DAY      meanV=170.6 EO=1 IR=1 | fused[-] | tracks[-] reg[warmup n=325 r=nanpx]
[00326] DAY      meanV=170.5 EO=1 IR=1 | fused[-] | tracks[-] reg[warmup n=326 r=nanpx]
[00327] DAY      meanV=170.5 EO=1 IR=1 | fused[-] | tracks[-] reg[warmup n=327 r=nanpx]
[00328] DAY      meanV=170.5 EO=1 IR=1 | fused[-] | tracks[-] reg[warmup n=328 r=nanpx]
[00329] DAY      meanV=170.5 EO=1 IR=1 | fused[-] | tracks[-] reg[warmup n=329 r=nanpx]
[00330] DAY      meanV=170.5 EO=1 IR=1 | fused[-] | tracks[-] reg[warmup n=330 r=nanpx]
[00331] DAY      meanV=170.5 EO=1 IR=1 | fused[-] | tracks[-] reg[warmup n=331 r=nanpx]
[00332] DAY      meanV=170.4 EO=1 IR=1 | fused[-] | tracks[-] reg[warmup n=332 r=nanpx]
[00333] DAY      meanV=170.3 EO=1 IR=1 | fused[-] | tracks[-] reg[warmup n=333 r=nanpx]
[00334] DAY      meanV=170.3 EO=1 IR=1 | fused[-] | tracks[-] reg[warmup n=334 r=nanpx]
[00335] DAY      meanV=170.3 EO=1 IR=1 | fused[-] | tracks[-] reg[warmup n=335 r=nanpx]
[00336] DAY      meanV=170.3 EO=1 IR=1 | fused[-] | tracks[-] reg[warmup n=336 r=nanpx]
[00337] DAY      meanV=170.3 EO=1 IR=1 | fused[-] | tracks[-] reg[warmup n=337 r=nanpx]
[00338] DAY      meanV=170.4 EO=1 IR=1 | fused[-] | tracks[-] reg[warmup n=338 r=nanpx]
[00339] DAY      meanV=170.4 EO=1 IR=1 | fused[-] | tracks[-] reg[warmup n=339 r=nanpx]
[00340] DAY      meanV=170.4 EO=1 IR=1 | fused[-] | tracks[-] reg[warmup n=340 r=nanpx]
[00341] DAY      meanV=170.0 EO=1 IR=1 | fused[-] | tracks[-] reg[warmup n=341 r=nanpx]
[00342] DAY      meanV=169.6 EO=1 IR=1 | fused[-] | tracks[-] reg[warmup n=342 r=nanpx]
[00343] DAY      meanV=169.5 EO=1 IR=1 | fused[-] | tracks[-] reg[warmup n=343 r=nanpx]
[00344] DAY      meanV=169.5 EO=1 IR=1 | fused[-] | tracks[-] reg[warmup n=344 r=nanpx]
[00345] DAY      meanV=169.5 EO=1 IR=1 | fused[-] | tracks[-] reg[warmup n=345 r=nanpx]
[00346] DAY      meanV=169.5 EO=1 IR=1 | fused[-] | tracks[-] reg[warmup n=346 r=nanpx]
[00347] DAY      meanV=169.6 EO=1 IR=1 | fused[-] | tracks[-] reg[warmup n=347 r=nanpx]
[00348] DAY      meanV=169.6 EO=1 IR=1 | fused[-] | tracks[-] reg[warmup n=348 r=nanpx]
[00349] DAY      meanV=169.6 EO=1 IR=1 | fused[-] | tracks[-] reg[warmup n=349 r=nanpx]
[00350] DAY      meanV=169.7 EO=1 IR=1 | fused[-] | tracks[-] reg[warmup n=350 r=nanpx]
[00351] DAY      meanV=169.7 EO=1 IR=1 | fused[-] | tracks[-] reg[warmup n=351 r=nanpx]
[00352] DAY      meanV=169.8 EO=1 IR=1 | fused[-] | tracks[-] reg[warmup n=352 r=nanpx]
[00353] DAY      meanV=169.3 EO=1 IR=1 | fused[-] | tracks[-] reg[warmup n=353 r=nanpx]
[00354] DAY      meanV=169.0 EO=1 IR=1 | fused[-] | tracks[-] reg[warmup n=354 r=nanpx]
[00355] DAY      meanV=168.4 EO=1 IR=1 | fused[-] | tracks[-] reg[warmup n=355 r=nanpx]
[00356] DAY      meanV=168.3 EO=1 IR=1 | fused[-] | tracks[-] reg[warmup n=356 r=nanpx]
[00357] DAY      meanV=168.3 EO=1 IR=1 | fused[-] | tracks[-] reg[warmup n=357 r=nanpx]
[00358] DAY      meanV=168.3 EO=1 IR=1 | fused[-] | tracks[-] reg[warmup n=358 r=nanpx]
[00359] DAY      meanV=168.3 EO=1 IR=1 | fused[-] | tracks[-] reg[warmup n=359 r=nanpx]
[00360] DAY      meanV=168.4 EO=1 IR=1 | fused[-] | tracks[-] reg[warmup n=360 r=nanpx]
[00361] DAY      meanV=168.4 EO=1 IR=1 | fused[-] | tracks[-] reg[warmup n=361 r=nanpx]
[00362] DAY      meanV=168.5 EO=1 IR=1 | fused[-] | tracks[-] reg[warmup n=362 r=nanpx]
[00363] DAY      meanV=168.5 EO=1 IR=1 | fused[-] | tracks[-] reg[warmup n=363 r=nanpx]
[00364] DAY      meanV=168.6 EO=1 IR=1 | fused[-] | tracks[-] reg[warmup n=364 r=nanpx]
[00365] DAY      meanV=168.6 EO=1 IR=1 | fused[-] | tracks[-] reg[warmup n=365 r=nanpx]
[00366] DAY      meanV=168.6 EO=1 IR=1 | fused[-] | tracks[-] reg[warmup n=366 r=nanpx]
[00367] DAY      meanV=168.7 EO=1 IR=1 | fused[-] | tracks[-] reg[warmup n=367 r=nanpx]
[00368] DAY      meanV=168.7 EO=1 IR=1 | fused[-] | tracks[-] reg[warmup n=368 r=nanpx]
[00369] DAY      meanV=168.7 EO=1 IR=1 | fused[-] | tracks[-] reg[warmup n=369 r=nanpx]
[00370] DAY      meanV=168.7 EO=1 IR=1 | fused[-] | tracks[-] reg[warmup n=370 r=nanpx]
[00371] DAY      meanV=168.7 EO=1 IR=1 | fused[-] | tracks[-] reg[warmup n=371 r=nanpx]
[00372] DAY      meanV=168.7 EO=1 IR=1 | fused[-] | tracks[-] reg[warmup n=372 r=nanpx]
[00373] DAY      meanV=168.8 EO=1 IR=1 | fused[-] | tracks[-] reg[warmup n=373 r=nanpx]
[00374] DAY      meanV=168.6 EO=1 IR=1 | fused[-] | tracks[-] reg[warmup n=374 r=nanpx]
[00375] DAY      meanV=168.3 EO=1 IR=1 | fused[-] | tracks[-] reg[warmup n=375 r=nanpx]
[00376] DAY      meanV=167.7 EO=1 IR=1 | fused[-] | tracks[-] reg[warmup n=376 r=nanpx]
[00377] DAY      meanV=167.6 EO=1 IR=1 | fused[-] | tracks[-] reg[warmup n=377 r=nanpx]
[00378] DAY      meanV=167.6 EO=1 IR=1 | fused[-] | tracks[-] reg[warmup n=378 r=nanpx]
[00379] DAY      meanV=167.6 EO=1 IR=1 | fused[-] | tracks[-] reg[warmup n=379 r=nanpx]
[00380] DAY      meanV=167.7 EO=1 IR=1 | fused[-] | tracks[-] reg[warmup n=380 r=nanpx]
[00381] DAY      meanV=167.8 EO=1 IR=1 | fused[-] | tracks[-] reg[warmup n=381 r=nanpx]
[00382] DAY      meanV=167.8 EO=1 IR=1 | fused[-] | tracks[-] reg[warmup n=382 r=nanpx]
[00383] DAY      meanV=167.9 EO=1 IR=1 | fused[-] | tracks[-] reg[warmup n=383 r=nanpx]
[00384] DAY      meanV=167.9 EO=1 IR=1 | fused[-] | tracks[-] reg[warmup n=384 r=nanpx]
[00385] DAY      meanV=167.9 EO=1 IR=1 | fused[-] | tracks[-] reg[warmup n=385 r=nanpx]
[00386] DAY      meanV=168.0 EO=1 IR=1 | fused[-] | tracks[-] reg[warmup n=386 r=nanpx]
[00387] DAY      meanV=168.0 EO=1 IR=1 | fused[EO+IR:0.62] | tracks[-] reg[LOCKED n=387 r=2.3px]
[00388] DAY      meanV=168.0 EO=1 IR=1 | fused[EO+IR:0.66] | tracks[-] reg[LOCKED n=388 r=2.3px]
[00389] DAY      meanV=168.0 EO=1 IR=1 | fused[EO+IR:0.67] | tracks[#2@(1168,689)] reg[LOCKED n=389 r=2.3px]
[00390] DAY      meanV=168.0 EO=1 IR=1 | fused[EO+IR:0.64] | tracks[#2@(1168,685)] reg[LOCKED n=390 r=2.3px]
[00391] DAY      meanV=168.1 EO=1 IR=1 | fused[EO+IR:0.62] | tracks[#2@(1169,680)] reg[LOCKED n=391 r=2.3px]
[00392] DAY      meanV=168.0 EO=1 IR=1 | fused[EO+IR:0.63] | tracks[#2@(1167,674)] reg[LOCKED n=392 r=2.3px]
[00393] DAY      meanV=168.1 EO=1 IR=1 | fused[EO+IR:0.69] | tracks[#2@(1168,668)] reg[LOCKED n=393 r=2.3px]
[00394] DAY      meanV=168.1 EO=1 IR=1 | fused[EO+IR:0.65] | tracks[#2@(1167,662)] reg[LOCKED n=394 r=2.3px]
[00395] DAY      meanV=168.1 EO=1 IR=1 | fused[EO+IR:0.65] | tracks[#2@(1167,655)] reg[LOCKED n=395 r=2.3px]
[00396] DAY      meanV=168.0 EO=1 IR=1 | fused[EO+IR:0.68] | tracks[#2@(1164,651)] reg[LOCKED n=396 r=2.3px]
[00397] DAY      meanV=168.1 EO=1 IR=1 | fused[EO+IR:0.65] | tracks[#2@(1163,645)] reg[LOCKED n=397 r=2.3px]
[00398] DAY      meanV=168.1 EO=1 IR=1 | fused[EO+IR:0.63] | tracks[#2@(1164,638)] reg[LOCKED n=398 r=2.3px]
[00399] DAY      meanV=168.1 EO=1 IR=1 | fused[EO+IR:0.64] | tracks[#2@(1163,631)] reg[LOCKED n=399 r=2.3px]
[00400] DAY      meanV=168.1 EO=1 IR=1 | fused[EO+IR:0.69] | tracks[#2@(1162,625)] reg[LOCKED n=400 r=2.3px]
[00401] DAY      meanV=168.1 EO=1 IR=1 | fused[-] | tracks[#2@(1161,618)] reg[LOCKED n=401 r=2.3px]
[00402] DAY      meanV=168.1 EO=1 IR=1 | fused[EO+IR:0.63] | tracks[#2@(1163,613)] reg[LOCKED n=402 r=2.3px]
[00403] DAY      meanV=168.1 EO=1 IR=1 | fused[EO+IR:0.70] | tracks[#2@(1165,606)] reg[LOCKED n=403 r=2.3px]
[00404] DAY      meanV=168.1 EO=1 IR=1 | fused[EO+IR:0.66] | tracks[#2@(1163,598)] reg[LOCKED n=404 r=2.3px]
[00405] DAY      meanV=168.1 EO=1 IR=1 | fused[-] | tracks[#2@(1161,590)] reg[LOCKED n=405 r=2.3px]
[00406] DAY      meanV=168.1 EO=1 IR=1 | fused[-] | tracks[#2@(1160,582)] reg[LOCKED n=406 r=2.3px]
[00407] DAY      meanV=168.1 EO=1 IR=1 | fused[EO+IR:0.68] | tracks[#2@(1163,568)] reg[LOCKED n=407 r=2.2px]
[00408] DAY      meanV=168.1 EO=1 IR=1 | fused[EO+IR:0.64] | tracks[#2@(1164,563)] reg[LOCKED n=408 r=2.2px]
[00409] DAY      meanV=168.1 EO=1 IR=1 | fused[EO+IR:0.69] | tracks[#2@(1167,555)] reg[LOCKED n=409 r=2.2px]
[00410] DAY      meanV=168.1 EO=1 IR=1 | fused[EO+IR:0.66] | tracks[#2@(1164,547)] reg[LOCKED n=410 r=2.2px]
[00411] DAY      meanV=168.0 EO=1 IR=1 | fused[EO+IR:0.66] | tracks[#2@(1165,538)] reg[LOCKED n=411 r=2.2px]
[00412] DAY      meanV=168.0 EO=1 IR=1 | fused[EO+IR:0.68] | tracks[#2@(1166,530)] reg[LOCKED n=412 r=2.2px]
[00413] DAY      meanV=168.0 EO=1 IR=1 | fused[EO+IR:0.66] | tracks[#2@(1166,521)] reg[LOCKED n=413 r=2.2px]
[00414] DAY      meanV=168.5 EO=1 IR=1 | fused[EO+IR:0.67] | tracks[#2@(1163,516)] reg[LOCKED n=414 r=2.2px]
[00415] DAY      meanV=168.9 EO=1 IR=1 | fused[EO+IR:0.70] | tracks[#2@(1164,509)] reg[LOCKED n=415 r=2.2px]
[00416] DAY      meanV=169.2 EO=1 IR=1 | fused[EO+IR:0.66] | tracks[#2@(1162,500)] reg[LOCKED n=416 r=2.2px]
[00417] DAY      meanV=169.3 EO=1 IR=1 | fused[EO+IR:0.68] | tracks[#2@(1163,491)] reg[LOCKED n=417 r=2.2px]
[00418] DAY      meanV=169.3 EO=1 IR=1 | fused[EO+IR:0.68] | tracks[#2@(1166,482)] reg[LOCKED n=418 r=2.2px]
[00419] DAY      meanV=169.3 EO=1 IR=1 | fused[-] | tracks[#2@(1169,474)] reg[LOCKED n=419 r=2.2px]
[00420] DAY      meanV=169.3 EO=1 IR=1 | fused[EO+IR:0.67] | tracks[#2@(1166,469)] reg[LOCKED n=420 r=2.2px]
[00421] DAY      meanV=169.2 EO=1 IR=1 | fused[EO+IR:0.69] | tracks[#2@(1163,461)] reg[LOCKED n=421 r=2.2px]
[00422] DAY      meanV=169.2 EO=1 IR=1 | fused[EO+IR:0.64] | tracks[#2@(1162,452)] reg[LOCKED n=422 r=2.2px]
[00423] DAY      meanV=169.6 EO=1 IR=1 | fused[EO+IR:0.68] | tracks[#2@(1164,443)] reg[LOCKED n=423 r=2.2px]
[00424] DAY      meanV=169.9 EO=1 IR=1 | fused[-] | tracks[#2@(1165,434)] reg[LOCKED n=424 r=2.2px]
[00425] DAY      meanV=170.5 EO=1 IR=1 | fused[-] | tracks[#2@(1165,425)] reg[LOCKED n=425 r=2.2px]
[00426] DAY      meanV=170.6 EO=1 IR=1 | fused[EO+IR:0.68] | tracks[#2@(1163,422)] reg[LOCKED n=426 r=2.2px]
[00427] DAY      meanV=170.6 EO=1 IR=1 | fused[EO+IR:0.68] | tracks[#2@(1164,411)] reg[LOCKED n=427 r=2.2px]
[00428] DAY      meanV=170.6 EO=1 IR=1 | fused[-] | tracks[#2@(1164,402)] reg[LOCKED n=428 r=2.2px]
[00429] DAY      meanV=170.5 EO=1 IR=1 | fused[-] | tracks[#2@(1164,392)] reg[LOCKED n=429 r=2.2px]
[00430] DAY      meanV=170.5 EO=1 IR=1 | fused[-] | tracks[#2@(1164,382)] reg[LOCKED n=430 r=2.2px]
[00431] DAY      meanV=170.4 EO=1 IR=1 | fused[-] | tracks[#2@(1164,372)] reg[LOCKED n=431 r=2.2px]
[00432] DAY      meanV=170.4 EO=1 IR=1 | fused[-] | tracks[#2@(1164,362)] reg[LOCKED n=432 r=2.2px]
[00433] DAY      meanV=170.4 EO=1 IR=1 | fused[-] | tracks[-] reg[LOCKED n=433 r=2.2px]
[00434] DAY      meanV=170.4 EO=1 IR=1 | fused[-] | tracks[-] reg[LOCKED n=434 r=2.2px]
[00435] DAY      meanV=170.3 EO=1 IR=1 | fused[-] | tracks[-] reg[LOCKED n=435 r=2.2px]
[00436] DAY      meanV=170.2 EO=1 IR=1 | fused[-] | tracks[-] reg[LOCKED n=436 r=2.2px]
[00437] DAY      meanV=170.2 EO=1 IR=1 | fused[-] | tracks[-] reg[LOCKED n=437 r=2.2px]
[00438] DAY      meanV=170.2 EO=1 IR=1 | fused[-] | tracks[-] reg[LOCKED n=438 r=2.2px]
[00439] DAY      meanV=170.1 EO=1 IR=1 | fused[-] | tracks[-] reg[LOCKED n=439 r=2.2px]
[00440] DAY      meanV=170.1 EO=1 IR=1 | fused[-] | tracks[-] reg[LOCKED n=440 r=2.2px]
[00441] DAY      meanV=170.1 EO=1 IR=1 | fused[-] | tracks[-] reg[LOCKED n=441 r=2.2px]
[00442] DAY      meanV=170.1 EO=1 IR=1 | fused[-] | tracks[-] reg[LOCKED n=442 r=2.2px]
[00443] DAY      meanV=170.1 EO=1 IR=1 | fused[-] | tracks[-] reg[LOCKED n=443 r=2.2px]
[00444] DAY      meanV=170.1 EO=1 IR=1 | fused[-] | tracks[-] reg[LOCKED n=444 r=2.2px]
[00445] DAY      meanV=170.1 EO=1 IR=1 | fused[-] | tracks[-] reg[LOCKED n=445 r=2.2px]
[00446] DAY      meanV=170.0 EO=1 IR=1 | fused[-] | tracks[-] reg[LOCKED n=446 r=2.2px]
[00447] DAY      meanV=170.0 EO=1 IR=1 | fused[-] | tracks[-] reg[LOCKED n=447 r=2.3px]
[00448] DAY      meanV=170.0 EO=1 IR=1 | fused[-] | tracks[-] reg[LOCKED n=448 r=2.3px]
[00449] DAY      meanV=170.0 EO=1 IR=1 | fused[-] | tracks[-] reg[LOCKED n=449 r=2.3px]
[00450] DAY      meanV=170.0 EO=1 IR=1 | fused[EO+IR:0.66] | tracks[-] reg[LOCKED n=450 r=2.3px]
[00451] DAY      meanV=170.0 EO=1 IR=1 | fused[EO+IR:0.67] | tracks[-] reg[LOCKED n=451 r=2.3px]
[00452] DAY      meanV=170.0 EO=1 IR=1 | fused[EO+IR:0.66] | tracks[#3@(1156,217)] reg[LOCKED n=452 r=2.3px]
[00453] DAY      meanV=170.0 EO=1 IR=1 | fused[-] | tracks[#3@(1152,211)] reg[LOCKED n=453 r=2.3px]
[00454] DAY      meanV=170.0 EO=1 IR=1 | fused[-] | tracks[#3@(1148,204)] reg[LOCKED n=454 r=2.3px]
[00455] DAY      meanV=170.0 EO=1 IR=1 | fused[-] | tracks[#3@(1145,198)] reg[LOCKED n=455 r=2.3px]
[00456] DAY      meanV=170.0 EO=1 IR=1 | fused[EO+IR:0.66] | tracks[#3@(1157,194)] reg[LOCKED n=456 r=2.3px]
[00457] DAY      meanV=170.0 EO=1 IR=1 | fused[-] | tracks[#3@(1158,188)] reg[LOCKED n=457 r=2.3px]
[00458] DAY      meanV=169.9 EO=1 IR=1 | fused[-] | tracks[#3@(1160,183)] reg[LOCKED n=458 r=2.3px]
[00459] DAY      meanV=170.0 EO=1 IR=1 | fused[-] | tracks[#3@(1161,177)] reg[LOCKED n=459 r=2.3px]
[00460] DAY      meanV=170.0 EO=1 IR=1 | fused[-] | tracks[#3@(1162,171)] reg[LOCKED n=460 r=2.3px]
[00461] DAY      meanV=170.0 EO=1 IR=1 | fused[-] | tracks[#3@(1164,166)] reg[LOCKED n=461 r=2.3px]
[00462] DAY      meanV=170.0 EO=1 IR=1 | fused[-] | tracks[-] reg[LOCKED n=462 r=2.3px]
[00463] DAY      meanV=170.0 EO=1 IR=1 | fused[-] | tracks[-] reg[LOCKED n=463 r=2.3px]
[00464] DAY      meanV=170.0 EO=1 IR=1 | fused[-] | tracks[-] reg[LOCKED n=464 r=2.3px]
[00465] DAY      meanV=169.5 EO=1 IR=1 | fused[-] | tracks[-] reg[LOCKED n=465 r=2.3px]
[00466] DAY      meanV=169.2 EO=1 IR=1 | fused[-] | tracks[-] reg[LOCKED n=466 r=2.3px]
[00467] DAY      meanV=168.6 EO=1 IR=1 | fused[-] | tracks[-] reg[LOCKED n=467 r=2.3px]
[00468] DAY      meanV=168.3 EO=1 IR=1 | fused[-] | tracks[-] reg[LOCKED n=468 r=2.3px]
[00469] DAY      meanV=168.0 EO=1 IR=1 | fused[-] | tracks[-] reg[LOCKED n=469 r=2.3px]
[00470] DAY      meanV=167.9 EO=1 IR=1 | fused[-] | tracks[-] reg[LOCKED n=470 r=2.3px]
[00471] DAY      meanV=167.9 EO=1 IR=1 | fused[-] | tracks[-] reg[LOCKED n=471 r=2.3px]
[00472] DAY      meanV=167.9 EO=1 IR=1 | fused[-] | tracks[-] reg[LOCKED n=472 r=2.3px]
[00473] DAY      meanV=167.9 EO=1 IR=1 | fused[-] | tracks[-] reg[LOCKED n=473 r=2.3px]
[00474] DAY      meanV=168.0 EO=1 IR=1 | fused[-] | tracks[-] reg[LOCKED n=474 r=2.3px]
[00475] DAY      meanV=168.0 EO=1 IR=1 | fused[-] | tracks[-] reg[LOCKED n=475 r=2.3px]
[00476] DAY      meanV=168.1 EO=1 IR=1 | fused[-] | tracks[-] reg[LOCKED n=476 r=2.3px]
[00477] DAY      meanV=168.1 EO=1 IR=1 | fused[-] | tracks[-] reg[LOCKED n=477 r=2.3px]
[00478] DAY      meanV=168.2 EO=1 IR=1 | fused[-] | tracks[-] reg[LOCKED n=478 r=2.3px]
[00479] DAY      meanV=168.2 EO=1 IR=1 | fused[-] | tracks[-] reg[LOCKED n=479 r=2.3px]
[00480] DAY      meanV=168.2 EO=1 IR=1 | fused[-] | tracks[-] reg[LOCKED n=480 r=2.3px]
[00481] DAY      meanV=168.3 EO=1 IR=1 | fused[-] | tracks[-] reg[LOCKED n=481 r=2.3px]
[00482] DAY      meanV=167.8 EO=1 IR=1 | fused[-] | tracks[-] reg[LOCKED n=482 r=2.3px]
[00483] DAY      meanV=167.5 EO=1 IR=1 | fused[-] | tracks[-] reg[LOCKED n=483 r=2.3px]
[00484] DAY      meanV=166.9 EO=1 IR=1 | fused[-] | tracks[-] reg[LOCKED n=484 r=2.3px]
[00485] DAY      meanV=166.8 EO=1 IR=1 | fused[-] | tracks[-] reg[LOCKED n=485 r=2.3px]
[00486] DAY      meanV=166.8 EO=1 IR=1 | fused[-] | tracks[-] reg[LOCKED n=486 r=2.3px]
[00487] DAY      meanV=166.8 EO=1 IR=1 | fused[EO+IR:0.67] | tracks[-] reg[LOCKED n=487 r=2.4px]
[00488] DAY      meanV=166.9 EO=1 IR=1 | fused[EO+IR:0.66] | tracks[-] reg[LOCKED n=488 r=2.4px]
[00489] DAY      meanV=167.0 EO=1 IR=1 | fused[EO+IR:0.66] | tracks[#4@(1155,66)] reg[LOCKED n=489 r=2.4px]
[00490] DAY      meanV=167.0 EO=1 IR=1 | fused[EO+IR:0.64] | tracks[#4@(1155,64)] reg[LOCKED n=490 r=2.4px]
[00491] DAY      meanV=167.1 EO=1 IR=1 | fused[EO+IR:0.65] | tracks[#4@(1153,62)] reg[LOCKED n=491 r=2.4px]
[00492] DAY      meanV=167.2 EO=1 IR=1 | fused[EO+IR:0.66] | tracks[#4@(1151,61)] reg[LOCKED n=492 r=2.4px]
[00493] DAY      meanV=167.2 EO=1 IR=1 | fused[EO+IR:0.62] | tracks[#4@(1154,59)] reg[LOCKED n=493 r=2.4px]
[00494] DAY      meanV=167.2 EO=1 IR=1 | fused[EO+IR:0.66] | tracks[#4@(1152,58)] reg[LOCKED n=494 r=2.4px]
[00495] DAY      meanV=167.3 EO=1 IR=1 | fused[EO+IR:0.67] | tracks[#4@(1153,56)] reg[LOCKED n=495 r=2.4px]
[00496] DAY      meanV=167.3 EO=1 IR=1 | fused[EO+IR:0.66] | tracks[#4@(1154,54)] reg[LOCKED n=496 r=2.4px]
[00497] DAY      meanV=167.3 EO=1 IR=1 | fused[EO+IR:0.65] | tracks[#4@(1156,53)] reg[LOCKED n=497 r=2.4px]
[00498] DAY      meanV=167.4 EO=1 IR=1 | fused[EO+IR:0.66] | tracks[#4@(1154,52)] reg[LOCKED n=498 r=2.4px]
[00499] DAY      meanV=167.4 EO=1 IR=1 | fused[EO+IR:0.66] | tracks[#4@(1154,51)] reg[LOCKED n=499 r=2.4px]
[00500] DAY      meanV=167.5 EO=1 IR=1 | fused[EO+IR:0.67] | tracks[#4@(1154,50)] reg[LOCKED n=500 r=2.4px]
[00501] DAY      meanV=167.5 EO=1 IR=1 | fused[EO+IR:0.65] | tracks[#4@(1156,50)] reg[LOCKED n=501 r=2.4px]
[00502] DAY      meanV=167.6 EO=1 IR=1 | fused[EO+IR:0.65] | tracks[#4@(1155,49)] reg[LOCKED n=502 r=2.4px]
[00503] DAY      meanV=167.6 EO=1 IR=1 | fused[EO+IR:0.66] | tracks[#4@(1155,48)] reg[LOCKED n=503 r=2.4px]
[00504] DAY      meanV=167.6 EO=1 IR=1 | fused[EO+IR:0.66] | tracks[#4@(1156,48)] reg[LOCKED n=504 r=2.4px]
[00505] DAY      meanV=167.6 EO=1 IR=1 | fused[EO+IR:0.66] | tracks[#4@(1156,48)] reg[LOCKED n=505 r=2.4px]
[00506] DAY      meanV=167.6 EO=1 IR=1 | fused[EO+IR:0.66] | tracks[#4@(1156,48)] reg[LOCKED n=506 r=2.4px]
[00507] DAY      meanV=167.6 EO=1 IR=1 | fused[EO+IR:0.66] | tracks[#4@(1153,45)] reg[LOCKED n=507 r=2.4px]
[00508] DAY      meanV=167.6 EO=1 IR=1 | fused[EO+IR:0.67] | tracks[#4@(1152,45)] reg[LOCKED n=508 r=2.4px]
[00509] DAY      meanV=167.6 EO=1 IR=1 | fused[EO+IR:0.65] | tracks[#4@(1151,44)] reg[LOCKED n=509 r=2.4px]
[00510] DAY      meanV=167.6 EO=1 IR=1 | fused[EO+IR:0.65] | tracks[#4@(1152,44)] reg[LOCKED n=510 r=2.4px]
[00511] DAY      meanV=167.6 EO=1 IR=1 | fused[EO+IR:0.66] | tracks[#4@(1152,43)] reg[LOCKED n=511 r=2.4px]
[00512] DAY      meanV=167.6 EO=1 IR=1 | fused[EO+IR:0.66] | tracks[#4@(1149,43)] reg[LOCKED n=512 r=2.4px]
[00513] DAY      meanV=168.1 EO=1 IR=1 | fused[EO+IR:0.66] | tracks[#4@(1151,44)] reg[LOCKED n=513 r=2.4px]
[00514] DAY      meanV=168.4 EO=1 IR=1 | fused[EO+IR:0.66] | tracks[#4@(1152,43)] reg[LOCKED n=514 r=2.4px]
[00515] DAY      meanV=169.0 EO=1 IR=1 | fused[EO+IR:0.66] | tracks[#4@(1151,43)] reg[LOCKED n=515 r=2.4px]
[00516] DAY      meanV=169.4 EO=1 IR=1 | fused[EO+IR:0.67] | tracks[#4@(1149,43)] reg[LOCKED n=516 r=2.4px]
[00517] DAY      meanV=169.4 EO=1 IR=1 | fused[EO+IR:0.66] | tracks[#4@(1153,43)] reg[LOCKED n=517 r=2.4px]
[00518] DAY      meanV=169.5 EO=1 IR=1 | fused[EO+IR:0.67] | tracks[#4@(1151,43)] reg[LOCKED n=518 r=2.4px]
[00519] DAY      meanV=169.4 EO=1 IR=1 | fused[EO+IR:0.66] | tracks[#4@(1152,43)] reg[LOCKED n=519 r=2.4px]
[00520] DAY      meanV=169.4 EO=1 IR=1 | fused[EO+IR:0.66] | tracks[#4@(1151,43)] reg[LOCKED n=520 r=2.4px]
[00521] DAY      meanV=169.3 EO=1 IR=1 | fused[EO+IR:0.67] | tracks[#4@(1150,43)] reg[LOCKED n=521 r=2.4px]
[00522] DAY      meanV=169.3 EO=1 IR=1 | fused[EO+IR:0.67] | tracks[#4@(1152,43)] reg[LOCKED n=522 r=2.4px]
[00523] DAY      meanV=169.2 EO=1 IR=1 | fused[EO+IR:0.66] | tracks[#4@(1153,42)] reg[LOCKED n=523 r=2.4px]
[00524] DAY      meanV=169.4 EO=1 IR=1 | fused[EO+IR:0.66] | tracks[#4@(1152,43)] reg[LOCKED n=524 r=2.4px]
[00525] DAY      meanV=169.8 EO=1 IR=1 | fused[EO+IR:0.67] | tracks[#4@(1151,42)] reg[LOCKED n=525 r=2.4px]
[00526] DAY      meanV=170.1 EO=1 IR=1 | fused[EO+IR:0.66] | tracks[#4@(1153,43)] reg[LOCKED n=526 r=2.4px]
[00527] DAY      meanV=170.7 EO=1 IR=1 | fused[EO+IR:0.65] | tracks[#4@(1153,42)] reg[LOCKED n=527 r=2.5px]
[00528] DAY      meanV=171.0 EO=1 IR=1 | fused[EO+IR:0.66] | tracks[#4@(1153,42)] reg[LOCKED n=528 r=2.5px]
[00529] DAY      meanV=171.5 EO=1 IR=1 | fused[EO+IR:0.65] | tracks[#4@(1154,42)] reg[LOCKED n=529 r=2.5px]
[00530] DAY      meanV=171.6 EO=1 IR=1 | fused[EO+IR:0.65] | tracks[#4@(1153,42)] reg[LOCKED n=530 r=2.5px]
[00531] DAY      meanV=171.5 EO=1 IR=1 | fused[EO+IR:0.65] | tracks[#4@(1153,42)] reg[LOCKED n=531 r=2.5px]
[00532] DAY      meanV=171.5 EO=1 IR=1 | fused[EO+IR:0.66] | tracks[#4@(1153,42)] reg[LOCKED n=532 r=2.5px]
[00533] DAY      meanV=171.4 EO=1 IR=1 | fused[EO+IR:0.65] | tracks[#4@(1152,42)] reg[LOCKED n=533 r=2.5px]
[00534] DAY      meanV=171.3 EO=1 IR=1 | fused[EO+IR:0.66] | tracks[#4@(1153,42)] reg[LOCKED n=534 r=2.5px]
[00535] DAY      meanV=171.2 EO=1 IR=1 | fused[EO+IR:0.67] | tracks[#4@(1153,43)] reg[LOCKED n=535 r=2.5px]
[00536] DAY      meanV=171.1 EO=1 IR=1 | fused[EO+IR:0.65] | tracks[#4@(1152,44)] reg[LOCKED n=536 r=2.5px]
[00537] DAY      meanV=171.1 EO=1 IR=1 | fused[EO+IR:0.65] | tracks[#4@(1151,44)] reg[LOCKED n=537 r=2.5px]
[00538] DAY      meanV=171.0 EO=1 IR=1 | fused[EO+IR:0.65] | tracks[#4@(1148,45)] reg[LOCKED n=538 r=2.5px]
[00539] DAY      meanV=170.9 EO=1 IR=1 | fused[EO+IR:0.64] | tracks[#4@(1147,45)] reg[LOCKED n=539 r=2.5px]
[00540] DAY      meanV=170.8 EO=1 IR=1 | fused[EO+IR:0.62] | tracks[#4@(1148,46)] reg[LOCKED n=540 r=2.5px]
[00541] DAY      meanV=170.8 EO=1 IR=1 | fused[EO+IR:0.63] | tracks[#4@(1147,46)] reg[LOCKED n=541 r=2.5px]
[00542] DAY      meanV=170.8 EO=1 IR=1 | fused[EO+IR:0.63] | tracks[#4@(1148,47)] reg[LOCKED n=542 r=2.5px]
[00543] DAY      meanV=170.8 EO=1 IR=1 | fused[EO+IR:0.64] | tracks[#4@(1144,48)] reg[LOCKED n=543 r=2.5px]
[00544] DAY      meanV=170.7 EO=1 IR=1 | fused[EO+IR:0.64] | tracks[#4@(1143,48)] reg[LOCKED n=544 r=2.5px]
[00545] DAY      meanV=170.6 EO=1 IR=1 | fused[EO+IR:0.60] | tracks[#4@(1140,50)] reg[LOCKED n=545 r=2.5px]
[00546] DAY      meanV=170.6 EO=1 IR=1 | fused[EO+IR:0.60] | tracks[#4@(1138,52)] reg[LOCKED n=546 r=2.5px]
[00547] DAY      meanV=170.6 EO=1 IR=1 | fused[EO+IR:0.63] | tracks[#4@(1140,53)] reg[LOCKED n=547 r=2.7px]
[00548] DAY      meanV=170.6 EO=1 IR=1 | fused[EO+IR:0.65] | tracks[#4@(1138,55)] reg[LOCKED n=548 r=2.7px]
[00549] DAY      meanV=170.6 EO=1 IR=1 | fused[EO+IR:0.66] | tracks[#4@(1134,56)] reg[LOCKED n=549 r=2.7px]
[00550] DAY      meanV=170.5 EO=1 IR=1 | fused[EO+IR:0.61] | tracks[#4@(1128,58)] reg[LOCKED n=550 r=2.7px]
[00551] DAY      meanV=170.6 EO=1 IR=1 | fused[EO+IR:0.62] | tracks[#4@(1127,61)] reg[LOCKED n=551 r=2.7px]
[00552] DAY      meanV=170.6 EO=1 IR=1 | fused[EO+IR:0.60] | tracks[#4@(1125,63)] reg[LOCKED n=552 r=2.7px]
[00553] DAY      meanV=170.6 EO=1 IR=0 | fused[-] | tracks[#4@(1123,65)] reg[LOCKED n=552 r=2.7px]
[00554] DAY      meanV=170.6 EO=1 IR=0 | fused[-] | tracks[#4@(1120,66)] reg[LOCKED n=552 r=2.7px]
[00555] DAY      meanV=170.6 EO=1 IR=1 | fused[EO+IR:0.61] | tracks[#4@(1116,70)] reg[LOCKED n=553 r=2.7px]
[00556] DAY      meanV=170.6 EO=1 IR=1 | fused[EO+IR:0.61] | tracks[#4@(1112,73)] reg[LOCKED n=554 r=2.7px]
[00557] DAY      meanV=170.6 EO=1 IR=1 | fused[EO+IR:0.57] | tracks[#4@(1107,75)] reg[LOCKED n=555 r=2.7px]
[00558] DAY      meanV=170.6 EO=1 IR=1 | fused[EO+IR:0.59] | tracks[#4@(1102,77)] reg[LOCKED n=556 r=2.7px]
[00559] DAY      meanV=170.6 EO=1 IR=1 | fused[EO+IR:0.61] | tracks[#4@(1098,79)] reg[LOCKED n=557 r=2.7px]
[00560] DAY      meanV=170.6 EO=1 IR=1 | fused[EO+IR:0.64] | tracks[#4@(1092,84)] reg[LOCKED n=558 r=2.7px]
[00561] DAY      meanV=170.6 EO=1 IR=1 | fused[EO+IR:0.64] | tracks[#4@(1086,88)] reg[LOCKED n=559 r=2.7px]
[00562] DAY      meanV=170.6 EO=1 IR=1 | fused[EO+IR:0.64] | tracks[#4@(1083,90)] reg[LOCKED n=560 r=2.7px]
[00563] DAY      meanV=170.6 EO=1 IR=1 | fused[EO+IR:0.62] | tracks[#4@(1076,93)] reg[LOCKED n=561 r=2.7px]
[00564] DAY      meanV=170.6 EO=1 IR=1 | fused[EO+IR:0.60] | tracks[#4@(1070,95)] reg[LOCKED n=562 r=2.7px]
[00565] DAY      meanV=170.6 EO=1 IR=1 | fused[EO+IR:0.62] | tracks[#4@(1064,97)] reg[LOCKED n=563 r=2.7px]
[00566] DAY      meanV=170.6 EO=2 IR=1 | fused[EO+IR:0.48] | tracks[#4@(1064,100)] reg[LOCKED n=563 r=2.7px]
[00567] DAY      meanV=170.6 EO=1 IR=1 | fused[EO+IR:0.63] | tracks[#4@(1052,106)] reg[LOCKED n=564 r=2.7px]
[00568] DAY      meanV=170.6 EO=1 IR=1 | fused[EO+IR:0.62] | tracks[#4@(1044,111)] reg[LOCKED n=565 r=2.7px]
[00569] DAY      meanV=170.5 EO=1 IR=1 | fused[EO+IR:0.63] | tracks[#4@(1037,115)] reg[LOCKED n=566 r=2.7px]
[00570] DAY      meanV=170.5 EO=1 IR=1 | fused[EO+IR:0.62] | tracks[#4@(1030,116)] reg[LOCKED n=567 r=2.5px]
[00571] DAY      meanV=170.5 EO=1 IR=1 | fused[EO+IR:0.60] | tracks[#4@(1023,120)] reg[LOCKED n=568 r=2.5px]
[00572] DAY      meanV=170.5 EO=1 IR=1 | fused[EO+IR:0.62] | tracks[#4@(1016,125)] reg[LOCKED n=569 r=2.5px]
[00573] DAY      meanV=170.5 EO=1 IR=1 | fused[EO+IR:0.56] | tracks[#4@(1005,130)] reg[LOCKED n=570 r=2.5px]
[00574] DAY      meanV=170.5 EO=1 IR=0 | fused[-] | tracks[#4@(995,135)] reg[LOCKED n=570 r=2.5px]
[00575] DAY      meanV=170.5 EO=1 IR=1 | fused[EO+IR:0.64] | tracks[#4@(992,140)] reg[LOCKED n=571 r=2.5px]
[00576] DAY      meanV=170.5 EO=1 IR=1 | fused[EO+IR:0.61] | tracks[#4@(983,143)] reg[LOCKED n=572 r=2.5px]
[00577] DAY      meanV=170.4 EO=1 IR=0 | fused[-] | tracks[#4@(974,147)] reg[LOCKED n=572 r=2.5px]
[00578] DAY      meanV=170.4 EO=1 IR=0 | fused[-] | tracks[#4@(966,150)] reg[LOCKED n=572 r=2.5px]
[00579] DAY      meanV=170.4 EO=1 IR=1 | fused[EO+IR:0.59] | tracks[#4@(958,160)] reg[LOCKED n=573 r=2.5px]
[00580] DAY      meanV=170.4 EO=1 IR=0 | fused[-] | tracks[#4@(950,165)] reg[LOCKED n=573 r=2.5px]
[00581] DAY      meanV=170.4 EO=1 IR=1 | fused[EO+IR:0.57] | tracks[#4@(937,170)] reg[LOCKED n=574 r=2.5px]
[00582] DAY      meanV=170.4 EO=1 IR=1 | fused[-] | tracks[#4@(927,175)] reg[LOCKED n=575 r=2.5px]
[00583] DAY      meanV=170.4 EO=1 IR=1 | fused[-] | tracks[#4@(916,180)] reg[LOCKED n=576 r=2.5px]
[00584] DAY      meanV=170.4 EO=1 IR=0 | fused[-] | tracks[#4@(905,185)] reg[LOCKED n=576 r=2.5px]
[00585] DAY      meanV=170.4 EO=1 IR=1 | fused[EO+IR:0.63] | tracks[#4@(905,190)] reg[LOCKED n=577 r=2.5px]
[00586] DAY      meanV=170.4 EO=1 IR=0 | fused[-] | tracks[#4@(897,195)] reg[LOCKED n=577 r=2.5px]
[00587] DAY      meanV=170.4 EO=1 IR=1 | fused[EO+IR:0.62] | tracks[#4@(882,204)] reg[LOCKED n=578 r=2.5px]
[00588] DAY      meanV=170.4 EO=1 IR=1 | fused[-] | tracks[#4@(870,211)] reg[LOCKED n=579 r=2.5px]
[00589] DAY      meanV=170.3 EO=1 IR=1 | fused[-] | tracks[#4@(859,218)] reg[LOCKED n=580 r=2.5px]
[00590] DAY      meanV=170.3 EO=1 IR=1 | fused[-] | tracks[#4@(847,225)] reg[LOCKED n=581 r=2.5px]
[00591] DAY      meanV=170.3 EO=1 IR=1 | fused[-] | tracks[#4@(835,232)] reg[LOCKED n=582 r=2.5px]
[00592] DAY      meanV=170.3 EO=1 IR=1 | fused[-] | tracks[#4@(824,239)] reg[LOCKED n=583 r=2.5px]
[00593] DAY      meanV=170.3 EO=1 IR=1 | fused[EO+IR:0.60] | tracks[#4@(825,237)] reg[LOCKED n=584 r=2.5px]
[00594] DAY      meanV=170.4 EO=1 IR=1 | fused[-] | tracks[#4@(817,242)] reg[LOCKED n=585 r=2.5px]
[00595] DAY      meanV=170.4 EO=1 IR=1 | fused[-] | tracks[#4@(808,247)] reg[LOCKED n=586 r=2.5px]
[00596] DAY      meanV=170.4 EO=1 IR=1 | fused[-] | tracks[#4@(799,252)] reg[LOCKED n=587 r=2.5px]
[00597] DAY      meanV=170.4 EO=1 IR=1 | fused[-] | tracks[#4@(790,257)] reg[LOCKED n=588 r=2.5px]
[00598] DAY      meanV=170.4 EO=1 IR=1 | fused[-] | tracks[#4@(781,262)] reg[LOCKED n=589 r=2.5px]
[00599] DAY      meanV=170.4 EO=1 IR=1 | fused[-] | tracks[-] reg[LOCKED n=590 r=2.5px]
[00600] DAY      meanV=170.4 EO=1 IR=1 | fused[-] | tracks[-] reg[LOCKED n=591 r=2.5px]
[00601] DAY      meanV=170.4 EO=1 IR=1 | fused[-] | tracks[-] reg[LOCKED n=592 r=2.5px]
[00602] DAY      meanV=170.4 EO=1 IR=1 | fused[-] | tracks[-] reg[LOCKED n=593 r=2.5px]
[00603] DAY      meanV=170.4 EO=1 IR=1 | fused[-] | tracks[-] reg[LOCKED n=594 r=2.5px]
[00604] DAY      meanV=170.4 EO=1 IR=1 | fused[-] | tracks[-] reg[LOCKED n=595 r=2.5px]
[00605] DAY      meanV=170.4 EO=1 IR=1 | fused[-] | tracks[-] reg[LOCKED n=596 r=2.5px]
[00606] DAY      meanV=170.4 EO=1 IR=1 | fused[-] | tracks[-] reg[LOCKED n=597 r=2.5px]
[00607] DAY      meanV=170.4 EO=1 IR=1 | fused[-] | tracks[-] reg[LOCKED n=598 r=2.5px]
[00608] DAY      meanV=170.4 EO=1 IR=1 | fused[-] | tracks[-] reg[LOCKED n=599 r=2.5px]
[00609] DAY      meanV=170.4 EO=1 IR=1 | fused[-] | tracks[-] reg[LOCKED n=600 r=2.5px]
[00610] DAY      meanV=170.3 EO=1 IR=1 | fused[-] | tracks[-] reg[LOCKED n=600 r=2.5px]
[00611] DAY      meanV=170.3 EO=1 IR=1 | fused[-] | tracks[-] reg[LOCKED n=600 r=2.5px]
[00612] DAY      meanV=170.4 EO=1 IR=1 | fused[-] | tracks[-] reg[LOCKED n=600 r=2.5px]
[00613] DAY      meanV=170.4 EO=1 IR=1 | fused[-] | tracks[-] reg[LOCKED n=600 r=2.5px]
[00614] DAY      meanV=170.3 EO=1 IR=1 | fused[-] | tracks[-] reg[LOCKED n=600 r=2.5px]
[00615] DAY      meanV=170.3 EO=1 IR=1 | fused[-] | tracks[-] reg[LOCKED n=600 r=2.5px]
[00616] DAY      meanV=170.4 EO=1 IR=1 | fused[-] | tracks[-] reg[LOCKED n=600 r=2.5px]
[00617] DAY      meanV=170.3 EO=1 IR=1 | fused[EO+IR:0.62] | tracks[-] reg[LOCKED n=600 r=2.5px]
[00618] DAY      meanV=170.3 EO=1 IR=1 | fused[-] | tracks[-] reg[LOCKED n=600 r=2.5px]
[00619] DAY      meanV=170.4 EO=1 IR=1 | fused[-] | tracks[-] reg[LOCKED n=600 r=2.5px]
[00620] DAY      meanV=170.4 EO=1 IR=1 | fused[-] | tracks[-] reg[LOCKED n=600 r=2.5px]
[00621] DAY      meanV=170.4 EO=1 IR=1 | fused[-] | tracks[-] reg[LOCKED n=600 r=2.5px]
[00622] DAY      meanV=170.4 EO=1 IR=1 | fused[EO+IR:0.61] | tracks[-] reg[LOCKED n=600 r=2.5px]
[00623] DAY      meanV=170.4 EO=1 IR=1 | fused[EO+IR:0.63] | tracks[-] reg[LOCKED n=600 r=2.5px]
[00624] DAY      meanV=170.4 EO=1 IR=1 | fused[-] | tracks[-] reg[LOCKED n=600 r=2.5px]
[00625] DAY      meanV=170.4 EO=1 IR=1 | fused[-] | tracks[-] reg[LOCKED n=600 r=2.5px]
[00626] DAY      meanV=170.3 EO=1 IR=1 | fused[-] | tracks[-] reg[LOCKED n=600 r=2.5px]
[00627] DAY      meanV=170.4 EO=1 IR=1 | fused[-] | tracks[-] reg[LOCKED n=600 r=2.5px]
[00628] DAY      meanV=170.3 EO=1 IR=1 | fused[-] | tracks[-] reg[LOCKED n=600 r=2.5px]
[00629] DAY      meanV=170.4 EO=1 IR=1 | fused[EO+IR:0.62] | tracks[#6@(470,464)] reg[LOCKED n=600 r=2.5px]
[00630] DAY      meanV=170.3 EO=1 IR=1 | fused[-] | tracks[#6@(460,470)] reg[LOCKED n=600 r=2.5px]
[00631] DAY      meanV=170.3 EO=1 IR=1 | fused[-] | tracks[#6@(451,477)] reg[LOCKED n=600 r=2.5px]
[00632] DAY      meanV=170.3 EO=1 IR=1 | fused[-] | tracks[#6@(442,484)] reg[LOCKED n=600 r=2.5px]
[00633] DAY      meanV=170.3 EO=1 IR=1 | fused[-] | tracks[#6@(432,490)] reg[LOCKED n=600 r=2.5px]
[00634] DAY      meanV=170.3 EO=1 IR=1 | fused[EO+IR:0.62] | tracks[#6@(429,493)] reg[LOCKED n=600 r=2.5px]
[00635] DAY      meanV=170.3 EO=1 IR=1 | fused[EO+IR:0.61] | tracks[#6@(421,500)] reg[LOCKED n=600 r=2.5px]
[00636] DAY      meanV=170.3 EO=1 IR=1 | fused[-] | tracks[#6@(414,506)] reg[LOCKED n=600 r=2.5px]
[00637] DAY      meanV=170.4 EO=1 IR=1 | fused[-] | tracks[#6@(406,512)] reg[LOCKED n=600 r=2.5px]
[00638] DAY      meanV=170.4 EO=1 IR=1 | fused[-] | tracks[#6@(399,519)] reg[LOCKED n=600 r=2.5px]
[00639] DAY      meanV=170.4 EO=1 IR=1 | fused[EO+IR:0.60] | tracks[#6@(388,522)] reg[LOCKED n=600 r=2.5px]
[00640] DAY      meanV=170.4 EO=1 IR=1 | fused[EO+IR:0.61] | tracks[#6@(379,528)] reg[LOCKED n=600 r=2.5px]
[00641] DAY      meanV=170.4 EO=1 IR=1 | fused[EO+IR:0.63] | tracks[#6@(373,534)] reg[LOCKED n=600 r=2.5px]
[00642] DAY      meanV=170.4 EO=1 IR=1 | fused[-] | tracks[#6@(365,540)] reg[LOCKED n=600 r=2.5px]
[00643] DAY      meanV=170.4 EO=1 IR=1 | fused[EO+IR:0.61] | tracks[#6@(360,542)] reg[LOCKED n=600 r=2.5px]
[00644] DAY      meanV=170.4 EO=1 IR=1 | fused[EO+IR:0.60] | tracks[#6@(351,548)] reg[LOCKED n=600 r=2.5px]
[00645] DAY      meanV=170.4 EO=1 IR=1 | fused[EO+IR:0.63] | tracks[#6@(343,554)] reg[LOCKED n=600 r=2.5px]
[00646] DAY      meanV=170.4 EO=1 IR=1 | fused[EO+IR:0.63] | tracks[#6@(337,560)] reg[LOCKED n=600 r=2.5px]
[00647] DAY      meanV=170.4 EO=1 IR=1 | fused[EO+IR:0.59] | tracks[#6@(328,566)] reg[LOCKED n=600 r=2.5px]
[00648] DAY      meanV=170.4 EO=1 IR=1 | fused[-] | tracks[#6@(320,572)] reg[LOCKED n=600 r=2.5px]
[00649] DAY      meanV=170.6 EO=1 IR=1 | fused[EO+IR:0.59] | tracks[#6@(316,575)] reg[LOCKED n=600 r=2.5px]
[00650] DAY      meanV=170.9 EO=1 IR=1 | fused[EO+IR:0.62] | tracks[#6@(312,580)] reg[LOCKED n=600 r=2.5px]
[00651] DAY      meanV=171.0 EO=1 IR=1 | fused[EO+IR:0.58] | tracks[#6@(303,585)] reg[LOCKED n=600 r=2.5px]
[00652] DAY      meanV=171.0 EO=1 IR=1 | fused[EO+IR:0.58] | tracks[#6@(298,590)] reg[LOCKED n=600 r=2.5px]
[00653] DAY      meanV=171.0 EO=1 IR=1 | fused[EO+IR:0.60] | tracks[#6@(293,595)] reg[LOCKED n=600 r=2.5px]
[00654] DAY      meanV=170.9 EO=1 IR=1 | fused[EO+IR:0.59] | tracks[#6@(289,598)] reg[LOCKED n=600 r=2.5px]
[00655] DAY      meanV=170.9 EO=1 IR=1 | fused[EO+IR:0.63] | tracks[#6@(284,603)] reg[LOCKED n=600 r=2.5px]
[00656] DAY      meanV=170.9 EO=1 IR=1 | fused[EO+IR:0.63] | tracks[#6@(275,608)] reg[LOCKED n=600 r=2.5px]
[00657] DAY      meanV=170.9 EO=1 IR=1 | fused[EO+IR:0.61] | tracks[#6@(270,612)] reg[LOCKED n=600 r=2.5px]
[00658] DAY      meanV=170.9 EO=1 IR=1 | fused[EO+IR:0.60] | tracks[#6@(267,617)] reg[LOCKED n=600 r=2.5px]
[00659] DAY      meanV=170.9 EO=1 IR=1 | fused[EO+IR:0.62] | tracks[#6@(259,622)] reg[LOCKED n=600 r=2.5px]
[00660] DAY      meanV=170.9 EO=1 IR=1 | fused[EO+IR:0.63] | tracks[#6@(255,625)] reg[LOCKED n=600 r=2.5px]
[00661] DAY      meanV=170.9 EO=1 IR=1 | fused[EO+IR:0.62] | tracks[#6@(253,628)] reg[LOCKED n=600 r=2.5px]
[00662] DAY      meanV=170.9 EO=1 IR=1 | fused[EO+IR:0.62] | tracks[#6@(249,633)] reg[LOCKED n=600 r=2.5px]
[00663] DAY      meanV=170.9 EO=1 IR=1 | fused[EO+IR:0.62] | tracks[#6@(240,637)] reg[LOCKED n=600 r=2.5px]
[00664] DAY      meanV=170.9 EO=1 IR=1 | fused[EO+IR:0.61] | tracks[#6@(238,640)] reg[LOCKED n=600 r=2.5px]
[00665] DAY      meanV=170.9 EO=1 IR=1 | fused[EO+IR:0.61] | tracks[#6@(237,644)] reg[LOCKED n=600 r=2.5px]
[00666] DAY      meanV=170.9 EO=1 IR=1 | fused[EO+IR:0.64] | tracks[#6@(235,647)] reg[LOCKED n=600 r=2.5px]
[00667] DAY      meanV=170.9 EO=1 IR=1 | fused[EO+IR:0.65] | tracks[#6@(230,650)] reg[LOCKED n=600 r=2.5px]
[00668] DAY      meanV=170.8 EO=1 IR=1 | fused[EO+IR:0.63] | tracks[#6@(226,654)] reg[LOCKED n=600 r=2.5px]
[00669] DAY      meanV=170.9 EO=1 IR=1 | fused[EO+IR:0.62] | tracks[#6@(224,657)] reg[LOCKED n=600 r=2.5px]
[00670] DAY      meanV=170.8 EO=1 IR=1 | fused[EO+IR:0.62] | tracks[#6@(221,660)] reg[LOCKED n=600 r=2.5px]
[00671] DAY      meanV=170.8 EO=1 IR=1 | fused[EO+IR:0.61] | tracks[#6@(219,663)] reg[LOCKED n=600 r=2.5px]
[00672] DAY      meanV=170.8 EO=1 IR=1 | fused[EO+IR:0.62] | tracks[#6@(216,666)] reg[LOCKED n=600 r=2.5px]
[00673] DAY      meanV=170.8 EO=1 IR=1 | fused[EO+IR:0.58] | tracks[#6@(213,669)] reg[LOCKED n=600 r=2.5px]
[00674] DAY      meanV=170.8 EO=1 IR=1 | fused[EO+IR:0.61] | tracks[#6@(209,671)] reg[LOCKED n=600 r=2.5px]
[00675] DAY      meanV=170.8 EO=1 IR=1 | fused[EO+IR:0.64] | tracks[#6@(208,674)] reg[LOCKED n=600 r=2.5px]
[00676] DAY      meanV=170.8 EO=1 IR=1 | fused[EO+IR:0.64] | tracks[#6@(210,677)] reg[LOCKED n=600 r=2.5px]
[00677] DAY      meanV=170.8 EO=1 IR=1 | fused[EO+IR:0.65] | tracks[#6@(203,680)] reg[LOCKED n=600 r=2.5px]
[00678] DAY      meanV=170.8 EO=1 IR=1 | fused[EO+IR:0.64] | tracks[#6@(202,682)] reg[LOCKED n=600 r=2.5px]
[00679] DAY      meanV=170.8 EO=1 IR=1 | fused[EO+IR:0.63] | tracks[#6@(202,683)] reg[LOCKED n=600 r=2.5px]
[00680] DAY      meanV=170.8 EO=1 IR=1 | fused[EO+IR:0.60] | tracks[#6@(200,686)] reg[LOCKED n=600 r=2.5px]
[00681] DAY      meanV=170.8 EO=1 IR=1 | fused[EO+IR:0.60] | tracks[#6@(197,688)] reg[LOCKED n=600 r=2.5px]
[00682] DAY      meanV=170.8 EO=1 IR=1 | fused[EO+IR:0.64] | tracks[#6@(196,690)] reg[LOCKED n=600 r=2.5px]
[00683] DAY      meanV=170.8 EO=1 IR=1 | fused[EO+IR:0.62] | tracks[#6@(195,693)] reg[LOCKED n=600 r=2.5px]
[00684] DAY      meanV=170.8 EO=1 IR=1 | fused[EO+IR:0.63] | tracks[#6@(192,694)] reg[LOCKED n=600 r=2.5px]
[00685] DAY      meanV=171.3 EO=1 IR=1 | fused[EO+IR:0.64] | tracks[#6@(194,695)] reg[LOCKED n=600 r=2.5px]
[00686] DAY      meanV=171.6 EO=1 IR=1 | fused[EO+IR:0.64] | tracks[#6@(196,698)] reg[LOCKED n=600 r=2.5px]
[00687] DAY      meanV=172.2 EO=1 IR=1 | fused[EO+IR:0.64] | tracks[#6@(194,700)] reg[LOCKED n=600 r=2.5px]
[00688] DAY      meanV=172.3 EO=1 IR=1 | fused[EO+IR:0.63] | tracks[#6@(190,702)] reg[LOCKED n=600 r=2.5px]
[00689] DAY      meanV=172.3 EO=1 IR=1 | fused[EO+IR:0.64] | tracks[#6@(190,703)] reg[LOCKED n=600 r=2.5px]
[00690] DAY      meanV=172.3 EO=1 IR=1 | fused[EO+IR:0.64] | tracks[#6@(191,704)] reg[LOCKED n=600 r=2.5px]
[00691] DAY      meanV=172.3 EO=1 IR=1 | fused[EO+IR:0.63] | tracks[#6@(193,705)] reg[LOCKED n=600 r=2.5px]
[00692] DAY      meanV=172.2 EO=1 IR=1 | fused[EO+IR:0.62] | tracks[#6@(194,707)] reg[LOCKED n=600 r=2.5px]
[00693] DAY      meanV=172.2 EO=1 IR=1 | fused[EO+IR:0.61] | tracks[#6@(193,709)] reg[LOCKED n=600 r=2.5px]
[00694] DAY      meanV=172.1 EO=1 IR=1 | fused[EO+IR:0.60] | tracks[#6@(194,711)] reg[LOCKED n=600 r=2.5px]
[00695] DAY      meanV=172.1 EO=1 IR=1 | fused[EO+IR:0.59] | tracks[#6@(193,712)] reg[LOCKED n=600 r=2.5px]
[00696] DAY      meanV=172.0 EO=1 IR=1 | fused[EO+IR:0.60] | tracks[#6@(194,713)] reg[LOCKED n=600 r=2.5px]
[00697] DAY      meanV=172.0 EO=1 IR=1 | fused[EO+IR:0.61] | tracks[#6@(193,716)] reg[LOCKED n=600 r=2.5px]
[00698] DAY      meanV=172.0 EO=1 IR=1 | fused[EO+IR:0.61] | tracks[#6@(194,716)] reg[LOCKED n=600 r=2.5px]
[00699] DAY      meanV=171.9 EO=1 IR=1 | fused[EO+IR:0.65] | tracks[#6@(190,718)] reg[LOCKED n=600 r=2.5px]
[00700] DAY      meanV=171.9 EO=1 IR=1 | fused[EO+IR:0.65] | tracks[#6@(192,719)] reg[LOCKED n=600 r=2.5px]
[00701] DAY      meanV=171.9 EO=1 IR=1 | fused[EO+IR:0.65] | tracks[#6@(193,721)] reg[LOCKED n=600 r=2.5px]
[00702] DAY      meanV=171.8 EO=1 IR=1 | fused[EO+IR:0.65] | tracks[#6@(193,722)] reg[LOCKED n=600 r=2.5px]
[00703] DAY      meanV=171.8 EO=1 IR=1 | fused[EO+IR:0.64] | tracks[#6@(193,723)] reg[LOCKED n=600 r=2.5px]
[00704] DAY      meanV=171.8 EO=1 IR=1 | fused[EO+IR:0.65] | tracks[#6@(193,725)] reg[LOCKED n=600 r=2.5px]
[00705] DAY      meanV=171.8 EO=1 IR=1 | fused[EO+IR:0.62] | tracks[#6@(195,727)] reg[LOCKED n=600 r=2.5px]
[00706] DAY      meanV=171.8 EO=1 IR=1 | fused[EO+IR:0.61] | tracks[#6@(193,729)] reg[LOCKED n=600 r=2.5px]
[00707] DAY      meanV=171.8 EO=1 IR=1 | fused[EO+IR:0.61] | tracks[#6@(196,730)] reg[LOCKED n=600 r=2.5px]
[00708] DAY      meanV=171.8 EO=1 IR=1 | fused[EO+IR:0.61] | tracks[#6@(192,730)] reg[LOCKED n=600 r=2.5px]
[00709] DAY      meanV=171.8 EO=1 IR=1 | fused[EO+IR:0.56] | tracks[#6@(196,731)] reg[LOCKED n=600 r=2.5px]
[00710] DAY      meanV=171.8 EO=1 IR=1 | fused[EO+IR:0.60] | tracks[#6@(195,732)] reg[LOCKED n=600 r=2.5px]
[00711] DAY      meanV=171.8 EO=1 IR=1 | fused[EO+IR:0.60] | tracks[#6@(195,732)] reg[LOCKED n=600 r=2.5px]
[00712] DAY      meanV=171.8 EO=1 IR=1 | fused[EO+IR:0.61] | tracks[#6@(198,732)] reg[LOCKED n=600 r=2.5px]
[00713] DAY      meanV=171.8 EO=1 IR=1 | fused[EO+IR:0.61] | tracks[#6@(198,733)] reg[LOCKED n=600 r=2.5px]
[00714] DAY      meanV=171.8 EO=1 IR=1 | fused[EO+IR:0.59] | tracks[#6@(196,733)] reg[LOCKED n=600 r=2.5px]
[00715] DAY      meanV=171.8 EO=1 IR=1 | fused[EO+IR:0.58] | tracks[#6@(196,734)] reg[LOCKED n=600 r=2.5px]
[00716] DAY      meanV=171.8 EO=1 IR=1 | fused[EO+IR:0.57] | tracks[#6@(197,734)] reg[LOCKED n=600 r=2.5px]
[00717] DAY      meanV=171.8 EO=1 IR=1 | fused[EO+IR:0.60] | tracks[#6@(195,734)] reg[LOCKED n=600 r=2.5px]
[00718] DAY      meanV=171.8 EO=1 IR=1 | fused[EO+IR:0.60] | tracks[#6@(197,734)] reg[LOCKED n=600 r=2.5px]
[00719] DAY      meanV=171.8 EO=1 IR=1 | fused[EO+IR:0.58] | tracks[#6@(199,734)] reg[LOCKED n=600 r=2.5px]
[00720] DAY      meanV=171.8 EO=1 IR=1 | fused[EO+IR:0.60] | tracks[#6@(198,734)] reg[LOCKED n=600 r=2.5px]
[00721] DAY      meanV=171.8 EO=1 IR=1 | fused[EO+IR:0.59] | tracks[#6@(200,734)] reg[LOCKED n=600 r=2.5px]
[00722] DAY      meanV=171.8 EO=1 IR=1 | fused[EO+IR:0.59] | tracks[#6@(200,735)] reg[LOCKED n=600 r=2.5px]
[00723] DAY      meanV=171.8 EO=1 IR=1 | fused[EO+IR:0.59] | tracks[#6@(200,734)] reg[LOCKED n=600 r=2.5px]
[00724] DAY      meanV=171.8 EO=1 IR=1 | fused[EO+IR:0.59] | tracks[#6@(200,734)] reg[LOCKED n=600 r=2.5px]
[00725] DAY      meanV=171.8 EO=1 IR=1 | fused[EO+IR:0.59] | tracks[#6@(200,734)] reg[LOCKED n=600 r=2.5px]
[00726] DAY      meanV=171.8 EO=1 IR=1 | fused[EO+IR:0.59] | tracks[#6@(198,735)] reg[LOCKED n=600 r=2.5px]
[00727] DAY      meanV=171.8 EO=1 IR=1 | fused[EO+IR:0.59] | tracks[#6@(198,735)] reg[LOCKED n=600 r=2.5px]
[00728] DAY      meanV=171.8 EO=1 IR=1 | fused[EO+IR:0.63] | tracks[#6@(198,735)] reg[LOCKED n=600 r=2.5px]
[00729] DAY      meanV=171.7 EO=1 IR=1 | fused[EO+IR:0.62] | tracks[#6@(195,734)] reg[LOCKED n=600 r=2.5px]
[00730] DAY      meanV=171.7 EO=1 IR=1 | fused[EO+IR:0.63] | tracks[#6@(197,734)] reg[LOCKED n=600 r=2.5px]
[00731] DAY      meanV=171.7 EO=1 IR=1 | fused[EO+IR:0.63] | tracks[#6@(195,734)] reg[LOCKED n=600 r=2.5px]
[00732] DAY      meanV=171.8 EO=1 IR=1 | fused[EO+IR:0.63] | tracks[#6@(194,734)] reg[LOCKED n=600 r=2.5px]
[00733] DAY      meanV=171.8 EO=1 IR=1 | fused[EO+IR:0.65] | tracks[#6@(193,734)] reg[LOCKED n=600 r=2.5px]
[00734] DAY      meanV=171.7 EO=1 IR=1 | fused[EO+IR:0.64] | tracks[#6@(193,734)] reg[LOCKED n=600 r=2.5px]
[00735] DAY      meanV=171.7 EO=1 IR=1 | fused[EO+IR:0.64] | tracks[#6@(192,734)] reg[LOCKED n=600 r=2.5px]
[00736] DAY      meanV=171.7 EO=1 IR=1 | fused[EO+IR:0.64] | tracks[#6@(191,734)] reg[LOCKED n=600 r=2.5px]
[00737] DAY      meanV=171.7 EO=1 IR=1 | fused[EO+IR:0.64] | tracks[#6@(192,734)] reg[LOCKED n=600 r=2.5px]
[00738] DAY      meanV=171.7 EO=1 IR=1 | fused[EO+IR:0.64] | tracks[#6@(194,734)] reg[LOCKED n=600 r=2.5px]
[00739] DAY      meanV=171.7 EO=1 IR=1 | fused[EO+IR:0.64] | tracks[#6@(196,734)] reg[LOCKED n=600 r=2.5px]
[00740] DAY      meanV=171.7 EO=1 IR=1 | fused[EO+IR:0.65] | tracks[#6@(191,734)] reg[LOCKED n=600 r=2.5px]
[00741] DAY      meanV=171.8 EO=1 IR=1 | fused[EO+IR:0.64] | tracks[#6@(189,734)] reg[LOCKED n=600 r=2.5px]
[00742] DAY      meanV=171.8 EO=1 IR=1 | fused[EO+IR:0.65] | tracks[#6@(191,733)] reg[LOCKED n=600 r=2.5px]
[00743] DAY      meanV=171.8 EO=1 IR=1 | fused[EO+IR:0.65] | tracks[#6@(190,733)] reg[LOCKED n=600 r=2.5px]
[00744] DAY      meanV=171.8 EO=1 IR=1 | fused[EO+IR:0.64] | tracks[#6@(190,733)] reg[LOCKED n=600 r=2.5px]
[00745] DAY      meanV=172.0 EO=1 IR=1 | fused[EO+IR:0.66] | tracks[#6@(190,733)] reg[LOCKED n=600 r=2.5px]
[00746] DAY      meanV=172.5 EO=1 IR=1 | fused[EO+IR:0.64] | tracks[#6@(192,733)] reg[LOCKED n=600 r=2.5px]
[00747] DAY      meanV=172.9 EO=1 IR=1 | fused[EO+IR:0.65] | tracks[#6@(191,733)] reg[LOCKED n=600 r=2.5px]
[00748] DAY      meanV=173.1 EO=1 IR=1 | fused[EO+IR:0.63] | tracks[#6@(192,733)] reg[LOCKED n=600 r=2.5px]
[00749] DAY      meanV=173.1 EO=1 IR=1 | fused[EO+IR:0.63] | tracks[#6@(194,733)] reg[LOCKED n=600 r=2.5px]
[00750] DAY      meanV=173.2 EO=1 IR=1 | fused[EO+IR:0.65] | tracks[#6@(197,733)] reg[LOCKED n=600 r=2.5px]
[00751] DAY      meanV=173.1 EO=1 IR=1 | fused[EO+IR:0.64] | tracks[#6@(197,733)] reg[LOCKED n=600 r=2.5px]
[00752] DAY      meanV=173.1 EO=1 IR=1 | fused[EO+IR:0.64] | tracks[#6@(195,733)] reg[LOCKED n=600 r=2.5px]
[00753] DAY      meanV=173.1 EO=1 IR=1 | fused[EO+IR:0.65] | tracks[#6@(199,733)] reg[LOCKED n=600 r=2.5px]
[00754] DAY      meanV=173.0 EO=1 IR=1 | fused[EO+IR:0.65] | tracks[#6@(195,733)] reg[LOCKED n=600 r=2.5px]
[00755] DAY      meanV=173.0 EO=1 IR=1 | fused[EO+IR:0.66] | tracks[#6@(198,733)] reg[LOCKED n=600 r=2.5px]
[00756] DAY      meanV=172.9 EO=1 IR=1 | fused[EO+IR:0.65] | tracks[#6@(199,733)] reg[LOCKED n=600 r=2.5px]
[00757] DAY      meanV=172.9 EO=1 IR=1 | fused[EO+IR:0.65] | tracks[#6@(196,732)] reg[LOCKED n=600 r=2.5px]
[00758] DAY      meanV=172.8 EO=1 IR=1 | fused[EO+IR:0.65] | tracks[#6@(197,732)] reg[LOCKED n=600 r=2.5px]
[00759] DAY      meanV=172.8 EO=1 IR=1 | fused[EO+IR:0.66] | tracks[#6@(199,732)] reg[LOCKED n=600 r=2.5px]
[00760] DAY      meanV=172.8 EO=1 IR=1 | fused[EO+IR:0.66] | tracks[#6@(199,732)] reg[LOCKED n=600 r=2.5px]
[00761] DAY      meanV=172.8 EO=1 IR=1 | fused[EO+IR:0.66] | tracks[#6@(200,731)] reg[LOCKED n=600 r=2.5px]
[00762] DAY      meanV=172.7 EO=1 IR=1 | fused[EO+IR:0.66] | tracks[#6@(200,731)] reg[LOCKED n=600 r=2.5px]
[00763] DAY      meanV=172.8 EO=1 IR=1 | fused[EO+IR:0.66] | tracks[#6@(200,731)] reg[LOCKED n=600 r=2.5px]
[00764] DAY      meanV=172.7 EO=1 IR=1 | fused[EO+IR:0.67] | tracks[#6@(200,731)] reg[LOCKED n=600 r=2.5px]
[00765] DAY      meanV=172.8 EO=1 IR=1 | fused[EO+IR:0.67] | tracks[#6@(201,731)] reg[LOCKED n=600 r=2.5px]
[00766] DAY      meanV=172.7 EO=1 IR=1 | fused[EO+IR:0.68] | tracks[#6@(200,731)] reg[LOCKED n=600 r=2.5px]
[00767] DAY      meanV=172.7 EO=1 IR=1 | fused[EO+IR:0.66] | tracks[#6@(200,730)] reg[LOCKED n=600 r=2.5px]
[00768] DAY      meanV=172.7 EO=1 IR=1 | fused[EO+IR:0.66] | tracks[#6@(200,730)] reg[LOCKED n=600 r=2.5px]
[00769] DAY      meanV=172.7 EO=1 IR=1 | fused[EO+IR:0.65] | tracks[#6@(201,730)] reg[LOCKED n=600 r=2.5px]
[00770] DAY      meanV=172.7 EO=1 IR=1 | fused[EO+IR:0.66] | tracks[#6@(201,729)] reg[LOCKED n=600 r=2.5px]
[00771] DAY      meanV=172.7 EO=1 IR=1 | fused[EO+IR:0.66] | tracks[#6@(201,729)] reg[LOCKED n=600 r=2.5px]
[00772] DAY      meanV=172.7 EO=1 IR=1 | fused[EO+IR:0.66] | tracks[#6@(202,729)] reg[LOCKED n=600 r=2.5px]
[00773] DAY      meanV=172.7 EO=1 IR=1 | fused[EO+IR:0.68] | tracks[#6@(200,729)] reg[LOCKED n=600 r=2.5px]
[00774] DAY      meanV=172.7 EO=1 IR=1 | fused[EO+IR:0.67] | tracks[#6@(202,729)] reg[LOCKED n=600 r=2.5px]
Processed 775 frame pair(s).
