[00000] DAY      EO=1 IR=1 fused[EO+IR:0.64] tracks[-]
[00001] DAY      EO=2 IR=1 fused[EO+IR:0.64] tracks[-]
[00002] DAY      EO=2 IR=1 fused[EO+IR:0.63] tracks[#1]
[00003] DAY      EO=1 IR=1 fused[EO+IR:0.63] tracks[#1]
[00004] DAY      EO=1 IR=1 fused[EO+IR:0.60] tracks[#1]
[00005] DAY      EO=1 IR=1 fused[EO+IR:0.60] tracks[#1]
[00006] DAY      EO=1 IR=1 fused[EO+IR:0.59] tracks[#1]
[00007] DAY      EO=1 IR=1 fused[EO+IR:0.60] tracks[#1]
[00008] DAY      EO=1 IR=1 fused[EO+IR:0.61] tracks[#1]
[00009] DAY      EO=1 IR=1 fused[EO+IR:0.63] tracks[#1]
[00010] DAY      EO=1 IR=1 fused[EO+IR:0.63] tracks[#1]
[00011] DAY      EO=1 IR=1 fused[EO+IR:0.63] tracks[#1]
[00012] DAY      EO=1 IR=1 fused[EO+IR:0.63] tracks[#1]
[00013] DAY      EO=1 IR=1 fused[EO+IR:0.63] tracks[#1]
[00014] DAY      EO=1 IR=1 fused[EO+IR:0.64] tracks[#1]
[00015] DAY      EO=1 IR=1 fused[EO+IR:0.64] tracks[#1]
[00016] DAY      EO=1 IR=1 fused[EO+IR:0.64] tracks[#1]
[00017] DAY      EO=1 IR=1 fused[EO+IR:0.64] tracks[#1]
[00018] DAY      EO=1 IR=1 fused[EO+IR:0.64] tracks[#1]
[00019] DAY      EO=1 IR=1 fused[EO+IR:0.63] tracks[#1]
[00020] DAY      EO=1 IR=1 fused[EO+IR:0.64] tracks[#1]
[00021] DAY      EO=1 IR=1 fused[EO+IR:0.63] tracks[#1]
[00022] DAY      EO=1 IR=1 fused[EO+IR:0.63] tracks[#1]
[00023] DAY      EO=1 IR=1 fused[EO+IR:0.63] tracks[#1]
[00024] DAY      EO=1 IR=1 fused[EO+IR:0.63] tracks[#1]
[00025] DAY      EO=1 IR=1 fused[EO+IR:0.62] tracks[#1]
[00026] DAY      EO=1 IR=1 fused[EO+IR:0.63] tracks[#1]
[00027] DAY      EO=1 IR=1 fused[EO+IR:0.63] tracks[#1]
[00028] DAY      EO=1 IR=1 fused[EO+IR:0.63] tracks[#1]
[00029] DAY      EO=1 IR=1 fused[EO+IR:0.64] tracks[#1]
[00030] DAY      EO=1 IR=1 fused[EO+IR:0.64] tracks[#1]
[00031] DAY      EO=1 IR=1 fused[EO+IR:0.65] tracks[#1]
[00032] DAY      EO=1 IR=1 fused[EO+IR:0.64] tracks[#1]
[00033] DAY      EO=1 IR=1 fused[EO+IR:0.64] tracks[#1]
[00034] DAY      EO=1 IR=1 fused[EO+IR:0.64] tracks[#1]
[00035] DAY      EO=1 IR=1 fused[EO+IR:0.64] tracks[#1]
[00036] DAY      EO=1 IR=1 fused[EO+IR:0.65] tracks[#1]
[00037] DAY      EO=1 IR=1 fused[EO+IR:0.65] tracks[#1]
[00038] DAY      EO=1 IR=1 fused[EO+IR:0.65] tracks[#1]
[00039] DAY      EO=1 IR=1 fused[EO+IR:0.65] tracks[#1]
[00040] DAY      EO=1 IR=1 fused[EO+IR:0.65] tracks[#1]
[00041] DAY      EO=1 IR=1 fused[EO+IR:0.64] tracks[#1]
[00042] DAY      EO=1 IR=1 fused[EO+IR:0.64] tracks[#1]
[00043] DAY      EO=1 IR=1 fused[EO+IR:0.65] tracks[#1]
[00044] DAY      EO=1 IR=1 fused[EO+IR:0.66] tracks[#1]
[00045] DAY      EO=1 IR=1 fused[EO+IR:0.66] tracks[#1]
[00046] DAY      EO=1 IR=1 fused[EO+IR:0.66] tracks[#1]
[00047] DAY      EO=1 IR=1 fused[EO+IR:0.68] tracks[#1]
[00048] DAY      EO=1 IR=1 fused[EO+IR:0.66] tracks[#1]
[00049] DAY      EO=1 IR=1 fused[EO+IR:0.66] tracks[#1]
[00050] DAY      EO=1 IR=1 fused[EO+IR:0.67] tracks[#1]
[00051] DAY      EO=1 IR=1 fused[EO+IR:0.68] tracks[#1]
[00052] DAY      EO=1 IR=1 fused[EO+IR:0.68] tracks[#1]
[00053] DAY      EO=1 IR=1 fused[EO+IR:0.68] tracks[#1]
[00054] DAY      EO=1 IR=1 fused[EO+IR:0.67] tracks[#1]
[00055] DAY      EO=1 IR=1 fused[EO+IR:0.68] tracks[#1]
[00056] DAY      EO=1 IR=1 fused[EO+IR:0.68] tracks[#1]
[00057] DAY      EO=1 IR=1 fused[EO+IR:0.68] tracks[#1]
[00058] DAY      EO=1 IR=1 fused[EO+IR:0.68] tracks[#1]
[00059] DAY      EO=1 IR=1 fused[EO+IR:0.67] tracks[#1]
[00060] DAY      EO=1 IR=1 fused[EO+IR:0.67] tracks[#1]
[00061] DAY      EO=1 IR=1 fused[EO+IR:0.67] tracks[#1]
[00062] DAY      EO=1 IR=1 fused[EO+IR:0.68] tracks[#1]
[00063] DAY      EO=1 IR=1 fused[EO+IR:0.68] tracks[#1]
[00064] DAY      EO=1 IR=1 fused[EO+IR:0.67] tracks[#1]
[00065] DAY      EO=1 IR=1 fused[EO+IR:0.66] tracks[#1]
[00066] DAY      EO=1 IR=1 fused[EO+IR:0.67] tracks[#1]
[00067] DAY      EO=1 IR=1 fused[EO+IR:0.67] tracks[#1]
[00068] DAY      EO=1 IR=1 fused[EO+IR:0.66] tracks[#1]
[00069] DAY      EO=1 IR=1 fused[EO+IR:0.68] tracks[#1]
[00070] DAY      EO=1 IR=1 fused[EO+IR:0.66] tracks[#1]
[00071] DAY      EO=1 IR=1 fused[EO+IR:0.66] tracks[#1]
[00072] DAY      EO=1 IR=1 fused[EO+IR:0.67] tracks[#1]
[00073] DAY      EO=1 IR=1 fused[EO+IR:0.66] tracks[#1]
[00074] DAY      EO=1 IR=1 fused[EO+IR:0.65] tracks[#1]
[00075] DAY      EO=1 IR=1 fused[EO+IR:0.65] tracks[#1]
[00076] DAY      EO=1 IR=1 fused[EO+IR:0.64] tracks[#1]
[00077] DAY      EO=1 IR=1 fused[EO+IR:0.64] tracks[#1]
[00078] DAY      EO=1 IR=1 fused[EO+IR:0.64] tracks[#1]
[00079] DAY      EO=1 IR=1 fused[EO+IR:0.64] tracks[#1]
[00080] DAY      EO=1 IR=1 fused[EO+IR:0.64] tracks[#1]
[00081] DAY      EO=1 IR=1 fused[EO+IR:0.64] tracks[#1]
[00082] DAY      EO=1 IR=1 fused[EO+IR:0.65] tracks[#1]
[00083] DAY      EO=1 IR=1 fused[EO+IR:0.63] tracks[#1]
[00084] DAY      EO=1 IR=1 fused[EO+IR:0.63] tracks[#1]
[00085] DAY      EO=1 IR=1 fused[EO+IR:0.63] tracks[#1]
[00086] DAY      EO=1 IR=1 fused[EO+IR:0.64] tracks[#1]
[00087] DAY      EO=1 IR=1 fused[EO+IR:0.63] tracks[#1]
[00088] DAY      EO=1 IR=1 fused[EO+IR:0.63] tracks[#1]
[00089] DAY      EO=1 IR=1 fused[EO+IR:0.64] tracks[#1]
[00090] DAY      EO=1 IR=1 fused[EO+IR:0.64] tracks[#1]
[00091] DAY      EO=1 IR=1 fused[EO+IR:0.62] tracks[#1]
[00092] DAY      EO=1 IR=1 fused[EO+IR:0.64] tracks[#1]
[00093] DAY      EO=1 IR=1 fused[EO+IR:0.63] tracks[#1]
[00094] DAY      EO=1 IR=1 fused[EO+IR:0.63] tracks[#1]
[00095] DAY      EO=1 IR=1 fused[EO+IR:0.63] tracks[#1]
[00096] DAY      EO=1 IR=1 fused[EO+IR:0.62] tracks[#1]
[00097] DAY      EO=1 IR=1 fused[EO+IR:0.63] tracks[#1]
[00098] DAY      EO=1 IR=1 fused[EO+IR:0.62] tracks[#1]
[00099] DAY      EO=1 IR=1 fused[EO+IR:0.62] tracks[#1]
[00100] DAY      EO=1 IR=1 fused[EO+IR:0.62] tracks[#1]
[00101] DAY      EO=1 IR=1 fused[EO+IR:0.62] tracks[#1]
[00102] DAY      EO=1 IR=1 fused[EO+IR:0.61] tracks[#1]
[00103] DAY      EO=1 IR=1 fused[EO+IR:0.60] tracks[#1]
[00104] DAY      EO=1 IR=1 fused[EO+IR:0.61] tracks[#1]
[00105] DAY      EO=1 IR=1 fused[EO+IR:0.61] tracks[#1]
[00106] DAY      EO=1 IR=1 fused[EO+IR:0.61] tracks[#1]
[00107] DAY      EO=1 IR=1 fused[EO+IR:0.62] tracks[#1]
[00108] DAY      EO=1 IR=1 fused[EO+IR:0.62] tracks[#1]
[00109] DAY      EO=1 IR=1 fused[EO+IR:0.63] tracks[#1]
[00110] DAY      EO=1 IR=1 fused[EO+IR:0.64] tracks[#1]
[00111] DAY      EO=1 IR=1 fused[EO+IR:0.64] tracks[#1]
[00112] DAY      EO=1 IR=1 fused[EO+IR:0.65] tracks[#1]
[00113] DAY      EO=1 IR=1 fused[EO+IR:0.65] tracks[#1]
[00114] DAY      EO=1 IR=1 fused[EO+IR:0.65] tracks[#1]
[00115] DAY      EO=1 IR=1 fused[EO+IR:0.65] tracks[#1]
[00116] DAY      EO=1 IR=1 fused[EO+IR:0.64] tracks[#1]
[00117] DAY      EO=1 IR=1 fused[EO+IR:0.63] tracks[#1]
[00118] DAY      EO=1 IR=1 fused[EO+IR:0.63] tracks[#1]
[00119] DAY      EO=1 IR=1 fused[EO+IR:0.64] tracks[#1]
[00120] DAY      EO=1 IR=1 fused[EO+IR:0.64] tracks[#1]
[00121] DAY      EO=1 IR=1 fused[EO+IR:0.62] tracks[#1]
[00122] DAY      EO=1 IR=1 fused[EO+IR:0.63] tracks[#1]
[00123] DAY      EO=1 IR=1 fused[EO+IR:0.63] tracks[#1]
[00124] DAY      EO=1 IR=1 fused[EO+IR:0.63] tracks[#1]
[00125] DAY      EO=1 IR=1 fused[EO+IR:0.64] tracks[#1]
[00126] DAY      EO=1 IR=1 fused[EO+IR:0.63] tracks[#1]
[00127] DAY      EO=1 IR=1 fused[EO+IR:0.64] tracks[#1]
[00128] DAY      EO=1 IR=1 fused[EO+IR:0.64] tracks[#1]
[00129] DAY      EO=1 IR=1 fused[EO+IR:0.64] tracks[#1]
[00130] DAY      EO=1 IR=1 fused[EO+IR:0.63] tracks[#1]
[00131] DAY      EO=1 IR=1 fused[EO+IR:0.65] tracks[#1]
[00132] DAY      EO=1 IR=1 fused[EO+IR:0.64] tracks[#1]
[00133] DAY      EO=1 IR=1 fused[EO+IR:0.64] tracks[#1]
[00134] DAY      EO=1 IR=1 fused[EO+IR:0.63] tracks[#1]
[00135] DAY      EO=1 IR=1 fused[EO+IR:0.63] tracks[#1]
[00136] DAY      EO=1 IR=1 fused[EO+IR:0.62] tracks[#1]
[00137] DAY      EO=1 IR=1 fused[EO+IR:0.62] tracks[#1]
[00138] DAY      EO=1 IR=1 fused[EO+IR:0.62] tracks[#1]
[00139] DAY      EO=1 IR=1 fused[EO+IR:0.62] tracks[#1]
[00140] DAY      EO=1 IR=1 fused[EO+IR:0.62] tracks[#1]
[00141] DAY      EO=1 IR=1 fused[EO+IR:0.62] tracks[#1]
[00142] DAY      EO=1 IR=1 fused[EO+IR:0.62] tracks[#1]
[00143] DAY      EO=1 IR=1 fused[EO+IR:0.63] tracks[#1]
[00144] DAY      EO=1 IR=1 fused[EO+IR:0.63] tracks[#1]
[00145] DAY      EO=1 IR=1 fused[EO+IR:0.62] tracks[#1]
[00146] DAY      EO=1 IR=1 fused[EO+IR:0.63] tracks[#1]
[00147] DAY      EO=1 IR=1 fused[EO+IR:0.63] tracks[#1]
[00148] DAY      EO=1 IR=1 fused[EO+IR:0.62] tracks[#1]
[00149] DAY      EO=1 IR=1 fused[EO+IR:0.62] tracks[#1]
[00150] DAY      EO=2 IR=1 fused[EO+IR:0.62] tracks[#1]
[00151] DAY      EO=1 IR=1 fused[EO+IR:0.63] tracks[#1]
[00152] DAY      EO=1 IR=1 fused[EO+IR:0.61] tracks[#1]
[00153] DAY      EO=1 IR=1 fused[EO+IR:0.62] tracks[#1]
[00154] DAY      EO=1 IR=1 fused[EO+IR:0.63] tracks[#1]
[00155] DAY      EO=1 IR=1 fused[EO+IR:0.63] tracks[#1]
[00156] DAY      EO=1 IR=1 fused[EO+IR:0.62] tracks[#1]
[00157] DAY      EO=1 IR=1 fused[EO+IR:0.62] tracks[#1]
[00158] DAY      EO=1 IR=1 fused[EO+IR:0.61] tracks[#1]
[00159] DAY      EO=1 IR=1 fused[EO+IR:0.60] tracks[#1]
[00160] DAY      EO=1 IR=1 fused[EO+IR:0.62] tracks[#1]
[00161] DAY      EO=1 IR=1 fused[EO+IR:0.61] tracks[#1]
[00162] DAY      EO=1 IR=1 fused[EO+IR:0.62] tracks[#1]
[00163] DAY      EO=1 IR=1 fused[EO+IR:0.61] tracks[#1]
[00164] DAY      EO=1 IR=1 fused[EO+IR:0.61] tracks[#1]
[00165] DAY      EO=1 IR=1 fused[EO+IR:0.60] tracks[#1]
[00166] DAY      EO=1 IR=1 fused[EO+IR:0.62] tracks[#1]
[00167] DAY      EO=1 IR=1 fused[EO+IR:0.63] tracks[#1]
[00168] DAY      EO=1 IR=1 fused[EO+IR:0.63] tracks[#1]
[00169] DAY      EO=1 IR=1 fused[EO+IR:0.62] tracks[#1]
[00170] DAY      EO=1 IR=1 fused[EO+IR:0.60] tracks[#1]
[00171] DAY      EO=1 IR=1 fused[EO+IR:0.62] tracks[#1]
[00172] DAY      EO=1 IR=1 fused[EO+IR:0.60] tracks[#1]
[00173] DAY      EO=1 IR=1 fused[EO+IR:0.61] tracks[#1]
[00174] DAY      EO=1 IR=1 fused[EO+IR:0.61] tracks[#1]
[00175] DAY      EO=1 IR=1 fused[EO+IR:0.62] tracks[#1]
[00176] DAY      EO=1 IR=1 fused[EO+IR:0.62] tracks[#1]
[00177] DAY      EO=1 IR=1 fused[EO+IR:0.63] tracks[#1]
[00178] DAY      EO=1 IR=1 fused[EO+IR:0.64] tracks[#1]
[00179] DAY      EO=1 IR=1 fused[EO+IR:0.63] tracks[#1]
[00180] DAY      EO=1 IR=1 fused[EO+IR:0.64] tracks[#1]
[00181] DAY      EO=1 IR=1 fused[EO+IR:0.64] tracks[#1]
[00182] DAY      EO=1 IR=1 fused[EO+IR:0.62] tracks[#1]
[00183] DAY      EO=1 IR=1 fused[EO+IR:0.64] tracks[#1]
[00184] DAY      EO=1 IR=1 fused[EO+IR:0.63] tracks[#1]
[00185] DAY      EO=1 IR=1 fused[EO+IR:0.64] tracks[#1]
[00186] DAY      EO=1 IR=1 fused[EO+IR:0.64] tracks[#1]
[00187] DAY      EO=1 IR=1 fused[EO+IR:0.65] tracks[#1]
[00188] DAY      EO=1 IR=1 fused[EO+IR:0.65] tracks[#1]
[00189] DAY      EO=1 IR=1 fused[EO+IR:0.64] tracks[#1]
[00190] DAY      EO=1 IR=1 fused[EO+IR:0.65] tracks[#1]
[00191] DAY      EO=1 IR=1 fused[EO+IR:0.64] tracks[#1]
[00192] DAY      EO=2 IR=1 fused[EO+IR:0.64] tracks[#1]
[00193] DAY      EO=2 IR=1 fused[EO+IR:0.63] tracks[#1]
[00194] DAY      EO=1 IR=1 fused[EO+IR:0.63] tracks[#1]
[00195] DAY      EO=2 IR=1 fused[EO+IR:0.64] tracks[#1]
[00196] DAY      EO=1 IR=1 fused[EO+IR:0.63] tracks[#1]
[00197] DAY      EO=1 IR=1 fused[EO+IR:0.62] tracks[#1]
[00198] DAY      EO=1 IR=1 fused[EO+IR:0.63] tracks[#1]
[00199] DAY      EO=1 IR=1 fused[EO+IR:0.65] tracks[#1]
[00200] DAY      EO=1 IR=1 fused[EO+IR:0.64] tracks[#1]
[00201] DAY      EO=1 IR=1 fused[EO+IR:0.64] tracks[#1]
[00202] DAY      EO=1 IR=1 fused[EO+IR:0.64] tracks[#1]
[00203] DAY      EO=1 IR=1 fused[EO+IR:0.65] tracks[#1]
[00204] DAY      EO=1 IR=1 fused[EO+IR:0.64] tracks[#1]
[00205] DAY      EO=1 IR=1 fused[EO+IR:0.65] tracks[#1]
[00206] DAY      EO=1 IR=1 fused[EO+IR:0.63] tracks[#1]
[00207] DAY      EO=1 IR=1 fused[EO+IR:0.65] tracks[#1]
[00208] DAY      EO=1 IR=1 fused[EO+IR:0.65] tracks[#1]
[00209] DAY      EO=1 IR=1 fused[EO+IR:0.63] tracks[#1]
[00210] DAY      EO=1 IR=1 fused[EO+IR:0.65] tracks[#1]
[00211] DAY      EO=1 IR=1 fused[EO+IR:0.66] tracks[#1]
[00212] DAY      EO=1 IR=1 fused[EO+IR:0.64] tracks[#1]
[00213] DAY      EO=1 IR=1 fused[EO+IR:0.66] tracks[#1]
[00214] DAY      EO=1 IR=1 fused[EO+IR:0.66] tracks[#1]
[00215] DAY      EO=1 IR=1 fused[EO+IR:0.65] tracks[#1]
[00216] DAY      EO=1 IR=1 fused[EO+IR:0.66] tracks[#1]
[00217] DAY      EO=1 IR=1 fused[EO+IR:0.65] tracks[#1]
[00218] DAY      EO=1 IR=1 fused[EO+IR:0.66] tracks[#1]
[00219] DAY      EO=1 IR=1 fused[EO+IR:0.66] tracks[#1]
[00220] DAY      EO=1 IR=1 fused[EO+IR:0.65] tracks[#1]
[00221] DAY      EO=1 IR=1 fused[EO+IR:0.66] tracks[#1]
[00222] DAY      EO=1 IR=1 fused[EO+IR:0.66] tracks[#1]
[00223] DAY      EO=1 IR=1 fused[EO+IR:0.65] tracks[#1]
[00224] DAY      EO=1 IR=1 fused[EO+IR:0.65] tracks[#1]
[00225] DAY      EO=1 IR=1 fused[EO+IR:0.66] tracks[#1]
[00226] DAY      EO=1 IR=1 fused[EO+IR:0.65] tracks[#1]
[00227] DAY      EO=1 IR=1 fused[EO+IR:0.65] tracks[#1]
[00228] DAY      EO=1 IR=1 fused[EO+IR:0.65] tracks[#1]
[00229] DAY      EO=1 IR=1 fused[EO+IR:0.66] tracks[#1]
[00230] DAY      EO=1 IR=1 fused[EO+IR:0.66] tracks[#1]
[00231] DAY      EO=1 IR=1 fused[EO+IR:0.65] tracks[#1]
[00232] DAY      EO=1 IR=1 fused[EO+IR:0.64] tracks[#1]
[00233] DAY      EO=1 IR=1 fused[EO+IR:0.66] tracks[#1]
[00234] DAY      EO=1 IR=1 fused[EO+IR:0.68] tracks[#1]
[00235] DAY      EO=2 IR=1 fused[EO+IR:0.66] tracks[#1]
[00236] DAY      EO=1 IR=1 fused[EO+IR:0.65] tracks[#1]
[00237] DAY      EO=1 IR=1 fused[EO+IR:0.65] tracks[#1]
[00238] DAY      EO=1 IR=1 fused[EO+IR:0.65] tracks[#1]
[00239] DAY      EO=1 IR=1 fused[EO+IR:0.67] tracks[#1]
[00240] DAY      EO=1 IR=1 fused[EO+IR:0.67] tracks[#1]
[00241] DAY      EO=1 IR=1 fused[EO+IR:0.67] tracks[#1]
[00242] DAY      EO=1 IR=1 fused[EO+IR:0.66] tracks[#1]
[00243] DAY      EO=2 IR=1 fused[EO+IR:0.66] tracks[#1]
[00244] DAY      EO=1 IR=1 fused[EO+IR:0.65] tracks[#1]
[00245] DAY      EO=2 IR=1 fused[EO+IR:0.64] tracks[#1]
[00246] DAY      EO=1 IR=1 fused[EO+IR:0.63] tracks[#1]
[00247] DAY      EO=1 IR=1 fused[EO+IR:0.64] tracks[#1]
[00248] DAY      EO=1 IR=1 fused[EO+IR:0.62] tracks[#1]
[00249] DAY      EO=1 IR=1 fused[EO+IR:0.63] tracks[#1]
[00250] DAY      EO=1 IR=1 fused[EO+IR:0.64] tracks[#1]
[00251] DAY      EO=1 IR=1 fused[EO+IR:0.63] tracks[#1]
[00252] DAY      EO=1 IR=1 fused[EO+IR:0.64] tracks[#1]
[00253] DAY      EO=1 IR=1 fused[EO+IR:0.64] tracks[#1]
[00254] DAY      EO=1 IR=1 fused[EO+IR:0.66] tracks[#1]
[00255] DAY      EO=1 IR=1 fused[EO+IR:0.66] tracks[#1]
[00256] DAY      EO=1 IR=1 fused[EO+IR:0.65] tracks[#1]
[00257] DAY      EO=1 IR=1 fused[EO+IR:0.66] tracks[#1]
[00258] DAY      EO=2 IR=1 fused[EO+IR:0.65] tracks[#1]
[00259] DAY      EO=1 IR=1 fused[EO+IR:0.66] tracks[#1]
[00260] DAY      EO=1 IR=1 fused[EO+IR:0.65] tracks[#1]
[00261] DAY      EO=1 IR=1 fused[EO+IR:0.65] tracks[#1]
[00262] DAY      EO=2 IR=1 fused[EO+IR:0.65] tracks[#1]
[00263] DAY      EO=1 IR=1 fused[EO+IR:0.65] tracks[#1]
[00264] DAY      EO=1 IR=1 fused[EO+IR:0.65] tracks[#1]
[00265] DAY      EO=1 IR=1 fused[EO+IR:0.64] tracks[#1]
[00266] DAY      EO=1 IR=1 fused[EO+IR:0.63] tracks[#1]
[00267] DAY      EO=1 IR=1 fused[EO+IR:0.63] tracks[#1]
[00268] DAY      EO=1 IR=1 fused[EO+IR:0.62] tracks[#1]
[00269] DAY      EO=1 IR=1 fused[EO+IR:0.63] tracks[#1]
[00270] DAY      EO=1 IR=1 fused[EO+IR:0.63] tracks[#1]
[00271] DAY      EO=1 IR=1 fused[EO+IR:0.63] tracks[#1]
[00272] DAY      EO=1 IR=1 fused[EO+IR:0.63] tracks[#1]
[00273] DAY      EO=1 IR=1 fused[EO+IR:0.63] tracks[#1]
[00274] DAY      EO=1 IR=1 fused[EO+IR:0.63] tracks[#1]
[00275] DAY      EO=1 IR=1 fused[EO+IR:0.64] tracks[#1]
[00276] DAY      EO=1 IR=1 fused[EO+IR:0.64] tracks[#1]
[00277] DAY      EO=1 IR=1 fused[EO+IR:0.63] tracks[#1]
[00278] DAY      EO=1 IR=1 fused[EO+IR:0.64] tracks[#1]
[00279] DAY      EO=1 IR=1 fused[EO+IR:0.64] tracks[#1]
[00280] DAY      EO=1 IR=1 fused[EO+IR:0.64] tracks[#1]
[00281] DAY      EO=1 IR=1 fused[EO+IR:0.65] tracks[#1]
[00282] DAY      EO=1 IR=1 fused[EO+IR:0.64] tracks[#1]
[00283] DAY      EO=1 IR=1 fused[EO+IR:0.64] tracks[#1]
[00284] DAY      EO=1 IR=1 fused[EO+IR:0.64] tracks[#1]
[00285] DAY      EO=1 IR=1 fused[EO+IR:0.65] tracks[#1]
[00286] DAY      EO=1 IR=1 fused[EO+IR:0.65] tracks[#1]
[00287] DAY      EO=1 IR=1 fused[EO+IR:0.65] tracks[#1]
[00288] DAY      EO=1 IR=1 fused[EO+IR:0.65] tracks[#1]
[00289] DAY      EO=1 IR=1 fused[EO+IR:0.64] tracks[#1]
[00290] DAY      EO=1 IR=1 fused[EO+IR:0.65] tracks[#1]
[00291] DAY      EO=1 IR=1 fused[EO+IR:0.65] tracks[#1]
[00292] DAY      EO=1 IR=1 fused[EO+IR:0.66] tracks[#1]
[00293] DAY      EO=1 IR=1 fused[EO+IR:0.66] tracks[#1]
[00294] DAY      EO=1 IR=1 fused[EO+IR:0.66] tracks[#1]
[00295] DAY      EO=1 IR=1 fused[EO+IR:0.67] tracks[#1]
[00296] DAY      EO=1 IR=1 fused[EO+IR:0.67] tracks[#1]
[00297] DAY      EO=1 IR=1 fused[EO+IR:0.67] tracks[#1]
[00298] DAY      EO=1 IR=1 fused[EO+IR:0.67] tracks[#1]
[00299] DAY      EO=1 IR=1 fused[EO+IR:0.67] tracks[#1]
[00300] DAY      EO=1 IR=1 fused[EO+IR:0.67] tracks[#1]
[00301] DAY      EO=1 IR=1 fused[EO+IR:0.67] tracks[#1]
[00302] DAY      EO=1 IR=1 fused[EO+IR:0.67] tracks[#1]
[00303] DAY      EO=1 IR=1 fused[EO+IR:0.68] tracks[#1]
[00304] DAY      EO=1 IR=1 fused[EO+IR:0.68] tracks[#1]
[00305] DAY      EO=1 IR=1 fused[EO+IR:0.68] tracks[#1]
[00306] DAY      EO=1 IR=1 fused[EO+IR:0.68] tracks[#1]
[00307] DAY      EO=1 IR=1 fused[EO+IR:0.69] tracks[#1]
[00308] DAY      EO=1 IR=1 fused[EO+IR:0.68] tracks[#1]
[00309] DAY      EO=1 IR=1 fused[EO+IR:0.68] tracks[#1]
[00310] DAY      EO=1 IR=1 fused[EO+IR:0.69] tracks[#1]
[00311] DAY      EO=1 IR=1 fused[EO+IR:0.68] tracks[#1]
[00312] DAY      EO=1 IR=1 fused[EO+IR:0.68] tracks[#1]
[00313] DAY      EO=1 IR=1 fused[EO+IR:0.68] tracks[#1]
[00314] DAY      EO=1 IR=1 fused[EO+IR:0.70] tracks[#1]
[00315] DAY      EO=1 IR=1 fused[EO+IR:0.68] tracks[#1]
[00316] DAY      EO=1 IR=1 fused[EO+IR:0.68] tracks[#1]
[00317] DAY      EO=1 IR=1 fused[EO+IR:0.69] tracks[#1]
[00318] DAY      EO=1 IR=1 fused[EO+IR:0.69] tracks[#1]
[00319] DAY      EO=1 IR=1 fused[EO+IR:0.71] tracks[#1]
[00320] DAY      EO=1 IR=1 fused[EO+IR:0.70] tracks[#1]
[00321] DAY      EO=1 IR=1 fused[EO+IR:0.70] tracks[#1]
[00322] DAY      EO=1 IR=1 fused[EO+IR:0.70] tracks[#1]
[00323] DAY      EO=1 IR=1 fused[EO+IR:0.70] tracks[#1]
[00324] DAY      EO=1 IR=1 fused[EO+IR:0.70] tracks[#1]
[00325] DAY      EO=1 IR=1 fused[EO+IR:0.70] tracks[#1]
[00326] DAY      EO=1 IR=1 fused[EO+IR:0.71] tracks[#1]
[00327] DAY      EO=1 IR=1 fused[EO+IR:0.70] tracks[#1]
[00328] DAY      EO=1 IR=1 fused[EO+IR:0.70] tracks[#1]
[00329] DAY      EO=1 IR=1 fused[EO+IR:0.70] tracks[#1]
[00330] DAY      EO=1 IR=1 fused[EO+IR:0.69] tracks[#1]
[00331] DAY      EO=1 IR=1 fused[EO+IR:0.70] tracks[#1]
[00332] DAY      EO=1 IR=1 fused[EO+IR:0.70] tracks[#1]
[00333] DAY      EO=1 IR=1 fused[EO+IR:0.71] tracks[#1]
[00334] DAY      EO=1 IR=1 fused[EO+IR:0.70] tracks[#1]
[00335] DAY      EO=1 IR=1 fused[EO+IR:0.70] tracks[#1]
[00336] DAY      EO=1 IR=1 fused[EO+IR:0.70] tracks[#1]
[00337] DAY      EO=1 IR=1 fused[EO+IR:0.70] tracks[#1]
[00338] DAY      EO=1 IR=1 fused[EO+IR:0.70] tracks[#1]
[00339] DAY      EO=1 IR=1 fused[EO+IR:0.70] tracks[#1]
[00340] DAY      EO=1 IR=1 fused[EO+IR:0.70] tracks[#1]
[00341] DAY      EO=1 IR=1 fused[EO+IR:0.70] tracks[#1]
[00342] DAY      EO=1 IR=1 fused[EO+IR:0.70] tracks[#1]
[00343] DAY      EO=1 IR=1 fused[EO+IR:0.69] tracks[#1]
[00344] DAY      EO=1 IR=1 fused[EO+IR:0.70] tracks[#1]
[00345] DAY      EO=1 IR=1 fused[EO+IR:0.69] tracks[#1]
[00346] DAY      EO=1 IR=1 fused[EO+IR:0.70] tracks[#1]
[00347] DAY      EO=1 IR=1 fused[EO+IR:0.70] tracks[#1]
[00348] DAY      EO=1 IR=1 fused[EO+IR:0.69] tracks[#1]
[00349] DAY      EO=1 IR=1 fused[EO+IR:0.70] tracks[#1]
[00350] DAY      EO=1 IR=1 fused[EO+IR:0.70] tracks[#1]
[00351] DAY      EO=1 IR=1 fused[EO+IR:0.69] tracks[#1]
[00352] DAY      EO=1 IR=1 fused[EO+IR:0.70] tracks[#1]
[00353] DAY      EO=1 IR=1 fused[EO+IR:0.70] tracks[#1]
[00354] DAY      EO=1 IR=1 fused[EO+IR:0.69] tracks[#1]
[00355] DAY      EO=1 IR=1 fused[EO+IR:0.68] tracks[#1]
[00356] DAY      EO=1 IR=1 fused[EO+IR:0.69] tracks[#1]
[00357] DAY      EO=1 IR=1 fused[EO+IR:0.68] tracks[#1]
[00358] DAY      EO=1 IR=1 fused[EO+IR:0.69] tracks[#1]
[00359] DAY      EO=1 IR=1 fused[EO+IR:0.70] tracks[#1]
[00360] DAY      EO=1 IR=1 fused[EO+IR:0.70] tracks[#1]
[00361] DAY      EO=1 IR=1 fused[EO+IR:0.70] tracks[#1]
[00362] DAY      EO=1 IR=1 fused[EO+IR:0.70] tracks[#1]
[00363] DAY      EO=1 IR=1 fused[EO+IR:0.70] tracks[#1]
[00364] DAY      EO=1 IR=1 fused[EO+IR:0.69] tracks[#1]
[00365] DAY      EO=1 IR=1 fused[EO+IR:0.69] tracks[#1]
[00366] DAY      EO=1 IR=1 fused[EO+IR:0.69] tracks[#1]
[00367] DAY      EO=1 IR=1 fused[EO+IR:0.68] tracks[#1]
[00368] DAY      EO=1 IR=1 fused[EO+IR:0.66] tracks[#1]
[00369] DAY      EO=1 IR=1 fused[EO+IR:0.66] tracks[#1]
[00370] DAY      EO=1 IR=1 fused[EO+IR:0.68] tracks[#1]
[00371] DAY      EO=1 IR=1 fused[EO+IR:0.69] tracks[#1]
[00372] DAY      EO=1 IR=1 fused[EO+IR:0.70] tracks[#1]
[00373] DAY      EO=1 IR=1 fused[EO+IR:0.71] tracks[#1]
[00374] DAY      EO=1 IR=1 fused[EO+IR:0.70] tracks[#1]
[00375] DAY      EO=1 IR=1 fused[EO+IR:0.69] tracks[#1]
[00376] DAY      EO=1 IR=1 fused[EO+IR:0.68] tracks[#1]
[00377] DAY      EO=1 IR=1 fused[EO+IR:0.69] tracks[#1]
[00378] DAY      EO=1 IR=1 fused[EO+IR:0.71] tracks[#1]
[00379] DAY      EO=1 IR=1 fused[EO+IR:0.70] tracks[#1]
[00380] DAY      EO=1 IR=1 fused[EO+IR:0.68] tracks[#1]
[00381] DAY      EO=1 IR=1 fused[EO+IR:0.69] tracks[#1]
[00382] DAY      EO=1 IR=1 fused[EO+IR:0.68] tracks[#1]
[00383] DAY      EO=1 IR=1 fused[EO+IR:0.66] tracks[#1]
[00384] DAY      EO=1 IR=1 fused[EO+IR:0.70] tracks[#1]
[00385] DAY      EO=1 IR=1 fused[EO+IR:0.69] tracks[#1]
[00386] DAY      EO=1 IR=1 fused[EO+IR:0.67] tracks[#1]
[00387] DAY      EO=1 IR=1 fused[EO+IR:0.64] tracks[#1]
[00388] DAY      EO=1 IR=1 fused[EO+IR:0.69] tracks[#1]
[00389] DAY      EO=1 IR=1 fused[EO+IR:0.67] tracks[#1]
[00390] DAY      EO=1 IR=1 fused[-] tracks[#1]
[00391] DAY      EO=1 IR=1 fused[EO+IR:0.64] tracks[#1]
[00392] DAY      EO=1 IR=1 fused[EO+IR:0.64] tracks[#1]
[00393] DAY      EO=1 IR=1 fused[EO+IR:0.71] tracks[#1]
[00394] DAY      EO=1 IR=1 fused[EO+IR:0.63] tracks[#1]
[00395] DAY      EO=1 IR=1 fused[EO+IR:0.65] tracks[#1]
[00396] DAY      EO=1 IR=1 fused[-] tracks[#1]
[00397] DAY      EO=1 IR=1 fused[-] tracks[#1]
[00398] DAY      EO=1 IR=1 fused[-] tracks[#1]
[00399] DAY      EO=1 IR=1 fused[EO+IR:0.65] tracks[#1]
[00400] DAY      EO=1 IR=1 fused[EO+IR:0.68] tracks[#1]
[00401] DAY      EO=1 IR=1 fused[EO+IR:0.65] tracks[#1]
[00402] DAY      EO=1 IR=1 fused[-] tracks[#1]
[00403] DAY      EO=1 IR=1 fused[-] tracks[#1]
[00404] DAY      EO=1 IR=1 fused[-] tracks[#1]
[00405] DAY      EO=1 IR=1 fused[EO+IR:0.65] tracks[#1]
[00406] DAY      EO=1 IR=1 fused[EO+IR:0.69] tracks[#1]
[00407] DAY      EO=1 IR=1 fused[EO+IR:0.68] tracks[#1]
[00408] DAY      EO=1 IR=1 fused[-] tracks[#1]
[00409] DAY      EO=1 IR=1 fused[-] tracks[#1]
[00410] DAY      EO=1 IR=1 fused[-] tracks[#1]
[00411] DAY      EO=1 IR=1 fused[EO+IR:0.66] tracks[#1]
[00412] DAY      EO=1 IR=1 fused[EO+IR:0.69] tracks[#1]
[00413] DAY      EO=1 IR=1 fused[EO+IR:0.66] tracks[#1]
[00414] DAY      EO=1 IR=1 fused[-] tracks[#1]
[00415] DAY      EO=1 IR=1 fused[-] tracks[#1]
[00416] DAY      EO=1 IR=1 fused[-] tracks[#1]
[00417] DAY      EO=1 IR=1 fused[-] tracks[#1]
[00418] DAY      EO=1 IR=1 fused[-] tracks[#1]
[00419] DAY      EO=1 IR=1 fused[EO+IR:0.66] tracks[#1]
[00420] DAY      EO=1 IR=1 fused[-] tracks[#1]
[00421] DAY      EO=1 IR=1 fused[-] tracks[#1]
[00422] DAY      EO=1 IR=1 fused[-] tracks[#1]
[00423] DAY      EO=1 IR=1 fused[-] tracks[#1]
[00424] DAY      EO=1 IR=1 fused[-] tracks[#1]
[00425] DAY      EO=1 IR=1 fused[-] tracks[-]
[00426] DAY      EO=1 IR=1 fused[-] tracks[-]
[00427] DAY      EO=1 IR=1 fused[-] tracks[-]
[00428] DAY      EO=1 IR=1 fused[-] tracks[-]
[00429] DAY      EO=1 IR=1 fused[-] tracks[-]
[00430] DAY      EO=1 IR=1 fused[-] tracks[-]
[00431] DAY      EO=1 IR=1 fused[-] tracks[-]
[00432] DAY      EO=1 IR=1 fused[-] tracks[-]
[00433] DAY      EO=1 IR=1 fused[-] tracks[-]
[00434] DAY      EO=1 IR=1 fused[-] tracks[-]
[00435] DAY      EO=1 IR=1 fused[-] tracks[-]
[00436] DAY      EO=1 IR=1 fused[-] tracks[-]
[00437] DAY      EO=1 IR=1 fused[-] tracks[-]
[00438] DAY      EO=1 IR=1 fused[-] tracks[-]
[00439] DAY      EO=1 IR=1 fused[-] tracks[-]
[00440] DAY      EO=1 IR=1 fused[-] tracks[-]
[00441] DAY      EO=1 IR=1 fused[-] tracks[-]
[00442] DAY      EO=1 IR=1 fused[-] tracks[-]
[00443] DAY      EO=1 IR=1 fused[-] tracks[-]
[00444] DAY      EO=1 IR=1 fused[-] tracks[-]
[00445] DAY      EO=1 IR=1 fused[-] tracks[-]
[00446] DAY      EO=1 IR=1 fused[-] tracks[-]
[00447] DAY      EO=1 IR=1 fused[-] tracks[-]
[00448] DAY      EO=1 IR=1 fused[-] tracks[-]
[00449] DAY      EO=1 IR=1 fused[-] tracks[-]
[00450] DAY      EO=1 IR=1 fused[-] tracks[-]
[00451] DAY      EO=1 IR=1 fused[-] tracks[-]
[00452] DAY      EO=1 IR=1 fused[-] tracks[-]
[00453] DAY      EO=1 IR=1 fused[-] tracks[-]
[00454] DAY      EO=1 IR=1 fused[-] tracks[-]
[00455] DAY      EO=1 IR=1 fused[-] tracks[-]
[00456] DAY      EO=1 IR=1 fused[-] tracks[-]
[00457] DAY      EO=1 IR=1 fused[-] tracks[-]
[00458] DAY      EO=1 IR=1 fused[-] tracks[-]
[00459] DAY      EO=1 IR=1 fused[-] tracks[-]
[00460] DAY      EO=1 IR=1 fused[-] tracks[-]
[00461] DAY      EO=1 IR=1 fused[-] tracks[-]
[00462] DAY      EO=1 IR=1 fused[-] tracks[-]
[00463] DAY      EO=1 IR=1 fused[-] tracks[-]
[00464] DAY      EO=1 IR=1 fused[-] tracks[-]
[00465] DAY      EO=1 IR=1 fused[-] tracks[-]
[00466] DAY      EO=1 IR=1 fused[-] tracks[-]
[00467] DAY      EO=1 IR=1 fused[-] tracks[-]
[00468] DAY      EO=1 IR=1 fused[-] tracks[-]
[00469] DAY      EO=1 IR=1 fused[-] tracks[-]
[00470] DAY      EO=1 IR=1 fused[-] tracks[-]
[00471] DAY      EO=1 IR=1 fused[-] tracks[-]
[00472] DAY      EO=1 IR=1 fused[-] tracks[-]
[00473] DAY      EO=1 IR=1 fused[-] tracks[-]
[00474] DAY      EO=1 IR=1 fused[-] tracks[-]
[00475] DAY      EO=1 IR=1 fused[-] tracks[-]
[00476] DAY      EO=1 IR=1 fused[-] tracks[-]
[00477] DAY      EO=1 IR=1 fused[-] tracks[-]
[00478] DAY      EO=1 IR=1 fused[-] tracks[-]
[00479] DAY      EO=1 IR=1 fused[-] tracks[-]
[00480] DAY      EO=1 IR=1 fused[-] tracks[-]
[00481] DAY      EO=1 IR=1 fused[-] tracks[-]
[00482] DAY      EO=1 IR=1 fused[-] tracks[-]
[00483] DAY      EO=1 IR=1 fused[-] tracks[-]
[00484] DAY      EO=1 IR=1 fused[-] tracks[-]
[00485] DAY      EO=1 IR=1 fused[-] tracks[-]
[00486] DAY      EO=1 IR=1 fused[-] tracks[-]
[00487] DAY      EO=1 IR=1 fused[-] tracks[-]
[00488] DAY      EO=1 IR=1 fused[-] tracks[-]
[00489] DAY      EO=1 IR=1 fused[-] tracks[-]
[00490] DAY      EO=1 IR=1 fused[-] tracks[-]
[00491] DAY      EO=1 IR=1 fused[-] tracks[-]
[00492] DAY      EO=1 IR=1 fused[-] tracks[-]
[00493] DAY      EO=1 IR=1 fused[-] tracks[-]
[00494] DAY      EO=1 IR=1 fused[-] tracks[-]
[00495] DAY      EO=1 IR=1 fused[-] tracks[-]
[00496] DAY      EO=1 IR=1 fused[-] tracks[-]
[00497] DAY      EO=1 IR=1 fused[-] tracks[-]
[00498] DAY      EO=1 IR=1 fused[-] tracks[-]
[00499] DAY      EO=1 IR=1 fused[-] tracks[-]
[00500] DAY      EO=1 IR=1 fused[-] tracks[-]
[00501] DAY      EO=1 IR=1 fused[-] tracks[-]
[00502] DAY      EO=1 IR=1 fused[-] tracks[-]
[00503] DAY      EO=1 IR=1 fused[-] tracks[-]
[00504] DAY      EO=1 IR=1 fused[-] tracks[-]
[00505] DAY      EO=1 IR=1 fused[-] tracks[-]
[00506] DAY      EO=1 IR=1 fused[-] tracks[-]
[00507] DAY      EO=1 IR=1 fused[-] tracks[-]
[00508] DAY      EO=1 IR=1 fused[-] tracks[-]
[00509] DAY      EO=1 IR=1 fused[-] tracks[-]
[00510] DAY      EO=1 IR=1 fused[-] tracks[-]
[00511] DAY      EO=1 IR=1 fused[-] tracks[-]
[00512] DAY      EO=1 IR=1 fused[-] tracks[-]
[00513] DAY      EO=1 IR=1 fused[-] tracks[-]
[00514] DAY      EO=1 IR=1 fused[-] tracks[-]
[00515] DAY      EO=1 IR=1 fused[-] tracks[-]
[00516] DAY      EO=1 IR=1 fused[-] tracks[-]
[00517] DAY      EO=1 IR=1 fused[-] tracks[-]
[00518] DAY      EO=1 IR=1 fused[-] tracks[-]
[00519] DAY      EO=1 IR=1 fused[-] tracks[-]
[00520] DAY      EO=1 IR=1 fused[-] tracks[-]
[00521] DAY      EO=1 IR=1 fused[-] tracks[-]
[00522] DAY      EO=1 IR=1 fused[-] tracks[-]
[00523] DAY      EO=1 IR=1 fused[-] tracks[-]
[00524] DAY      EO=1 IR=1 fused[-] tracks[-]
[00525] DAY      EO=1 IR=1 fused[-] tracks[-]
[00526] DAY      EO=1 IR=1 fused[-] tracks[-]
[00527] DAY      EO=1 IR=1 fused[-] tracks[-]
[00528] DAY      EO=1 IR=1 fused[-] tracks[-]
[00529] DAY      EO=1 IR=1 fused[-] tracks[-]
[00530] DAY      EO=1 IR=1 fused[-] tracks[-]
[00531] DAY      EO=1 IR=1 fused[-] tracks[-]
[00532] DAY      EO=1 IR=1 fused[-] tracks[-]
[00533] DAY      EO=1 IR=1 fused[-] tracks[-]
[00534] DAY      EO=1 IR=1 fused[-] tracks[-]
[00535] DAY      EO=1 IR=1 fused[-] tracks[-]
[00536] DAY      EO=1 IR=1 fused[-] tracks[-]
[00537] DAY      EO=1 IR=1 fused[-] tracks[-]
[00538] DAY      EO=1 IR=1 fused[-] tracks[-]
[00539] DAY      EO=1 IR=1 fused[-] tracks[-]
[00540] DAY      EO=1 IR=1 fused[-] tracks[-]
[00541] DAY      EO=1 IR=1 fused[-] tracks[-]
[00542] DAY      EO=1 IR=1 fused[-] tracks[-]
[00543] DAY      EO=1 IR=1 fused[-] tracks[-]
[00544] DAY      EO=1 IR=1 fused[-] tracks[-]
[00545] DAY      EO=1 IR=1 fused[-] tracks[-]
[00546] DAY      EO=1 IR=1 fused[-] tracks[-]
[00547] DAY      EO=1 IR=1 fused[-] tracks[-]
[00548] DAY      EO=1 IR=1 fused[-] tracks[-]
[00549] DAY      EO=1 IR=1 fused[-] tracks[-]
[00550] DAY      EO=2 IR=1 fused[-] tracks[-]
[00551] DAY      EO=1 IR=1 fused[-] tracks[-]
[00552] DAY      EO=1 IR=1 fused[-] tracks[-]
[00553] DAY      EO=1 IR=1 fused[EO+IR:0.57] tracks[-]
[00554] DAY      EO=1 IR=1 fused[-] tracks[-]
[00555] DAY      EO=1 IR=1 fused[-] tracks[-]
[00556] DAY      EO=1 IR=1 fused[-] tracks[-]
[00557] DAY      EO=1 IR=1 fused[-] tracks[-]
[00558] DAY      EO=2 IR=1 fused[EO+IR:0.59] tracks[-]
[00559] DAY      EO=2 IR=1 fused[-] tracks[-]
[00560] DAY      EO=1 IR=1 fused[-] tracks[-]
[00561] DAY      EO=1 IR=1 fused[-] tracks[-]
[00562] DAY      EO=1 IR=1 fused[-] tracks[-]
[00563] DAY      EO=1 IR=1 fused[-] tracks[-]
[00564] DAY      EO=1 IR=1 fused[EO+IR:0.60] tracks[#2]
[00565] DAY      EO=2 IR=1 fused[EO+IR:0.62] tracks[#2]
[00566] DAY      EO=2 IR=1 fused[EO+IR:0.62] tracks[#2]
[00567] DAY      EO=1 IR=1 fused[EO+IR:0.64] tracks[#2]
[00568] DAY      EO=1 IR=1 fused[EO+IR:0.62] tracks[#2]
[00569] DAY      EO=1 IR=1 fused[EO+IR:0.63] tracks[#2]
[00570] DAY      EO=1 IR=1 fused[EO+IR:0.62] tracks[#2]
[00571] DAY      EO=1 IR=1 fused[EO+IR:0.59] tracks[#2]
[00572] DAY      EO=1 IR=1 fused[EO+IR:0.62] tracks[#2]
[00573] DAY      EO=1 IR=1 fused[EO+IR:0.58] tracks[#2]
[00574] DAY      EO=1 IR=1 fused[EO+IR:0.59] tracks[#2]
[00575] DAY      EO=1 IR=1 fused[EO+IR:0.64] tracks[#2]
[00576] DAY      EO=1 IR=1 fused[EO+IR:0.62] tracks[#2]
[00577] DAY      EO=1 IR=1 fused[EO+IR:0.58] tracks[#2]
[00578] DAY      EO=1 IR=1 fused[EO+IR:0.58] tracks[#2]
[00579] DAY      EO=1 IR=1 fused[EO+IR:0.60] tracks[#2]
[00580] DAY      EO=1 IR=0 fused[-] tracks[#2]
[00581] DAY      EO=2 IR=1 fused[EO+IR:0.59] tracks[#2]
[00582] DAY      EO=1 IR=1 fused[EO+IR:0.62] tracks[#2]
[00583] DAY      EO=1 IR=1 fused[EO+IR:0.60] tracks[#2]
[00584] DAY      EO=1 IR=1 fused[EO+IR:0.59] tracks[#2]
[00585] DAY      EO=1 IR=1 fused[EO+IR:0.64] tracks[#2]
[00586] DAY      EO=1 IR=1 fused[EO+IR:0.60] tracks[#2]
[00587] DAY      EO=1 IR=1 fused[EO+IR:0.63] tracks[#2]
[00588] DAY      EO=1 IR=1 fused[EO+IR:0.60] tracks[#2]
[00589] DAY      EO=1 IR=1 fused[EO+IR:0.62] tracks[#2]
[00590] DAY      EO=1 IR=1 fused[EO+IR:0.64] tracks[#2]
[00591] DAY      EO=1 IR=1 fused[EO+IR:0.60] tracks[#2]
[00592] DAY      EO=1 IR=1 fused[EO+IR:0.62] tracks[#2]
[00593] DAY      EO=1 IR=1 fused[EO+IR:0.61] tracks[#2]
[00594] DAY      EO=1 IR=1 fused[EO+IR:0.59] tracks[#2]
[00595] DAY      EO=1 IR=1 fused[EO+IR:0.61] tracks[#2]
[00596] DAY      EO=1 IR=1 fused[EO+IR:0.59] tracks[#2]
[00597] DAY      EO=1 IR=1 fused[EO+IR:0.58] tracks[#2]
[00598] DAY      EO=1 IR=1 fused[EO+IR:0.62] tracks[#2]
[00599] DAY      EO=1 IR=1 fused[EO+IR:0.61] tracks[#2]
[00600] DAY      EO=1 IR=1 fused[EO+IR:0.59] tracks[#2]
[00601] DAY      EO=1 IR=1 fused[EO+IR:0.59] tracks[#2]
[00602] DAY      EO=1 IR=1 fused[EO+IR:0.59] tracks[#2]
[00603] DAY      EO=1 IR=1 fused[EO+IR:0.62] tracks[#2]
[00604] DAY      EO=1 IR=1 fused[EO+IR:0.61] tracks[#2]
[00605] DAY      EO=1 IR=1 fused[EO+IR:0.60] tracks[#2]
[00606] DAY      EO=1 IR=1 fused[EO+IR:0.62] tracks[#2]
[00607] DAY      EO=1 IR=1 fused[EO+IR:0.62] tracks[#2]
[00608] DAY      EO=1 IR=1 fused[EO+IR:0.60] tracks[#2]
[00609] DAY      EO=1 IR=1 fused[EO+IR:0.57] tracks[#2]
[00610] DAY      EO=1 IR=1 fused[EO+IR:0.62] tracks[#2]
[00611] DAY      EO=1 IR=1 fused[EO+IR:0.62] tracks[#2]
[00612] DAY      EO=1 IR=1 fused[EO+IR:0.61] tracks[#2]
[00613] DAY      EO=1 IR=1 fused[EO+IR:0.62] tracks[#2]
[00614] DAY      EO=1 IR=1 fused[EO+IR:0.64] tracks[#2]
[00615] DAY      EO=1 IR=1 fused[EO+IR:0.60] tracks[#2]
[00616] DAY      EO=1 IR=1 fused[EO+IR:0.58] tracks[#2]
[00617] DAY      EO=1 IR=1 fused[EO+IR:0.61] tracks[#2]
[00618] DAY      EO=1 IR=1 fused[EO+IR:0.64] tracks[#2]
[00619] DAY      EO=1 IR=1 fused[EO+IR:0.60] tracks[#2]
[00620] DAY      EO=1 IR=1 fused[EO+IR:0.60] tracks[#2]
[00621] DAY      EO=1 IR=1 fused[EO+IR:0.64] tracks[#2]
[00622] DAY      EO=1 IR=1 fused[EO+IR:0.61] tracks[#2]
[00623] DAY      EO=1 IR=1 fused[EO+IR:0.63] tracks[#2]
[00624] DAY      EO=1 IR=1 fused[EO+IR:0.63] tracks[#2]
[00625] DAY      EO=1 IR=1 fused[EO+IR:0.63] tracks[#2]
[00626] DAY      EO=1 IR=1 fused[EO+IR:0.61] tracks[#2]
[00627] DAY      EO=1 IR=1 fused[EO+IR:0.59] tracks[#2]
[00628] DAY      EO=1 IR=1 fused[EO+IR:0.63] tracks[#2]
[00629] DAY      EO=1 IR=1 fused[EO+IR:0.62] tracks[#2]
[00630] DAY      EO=1 IR=1 fused[EO+IR:0.59] tracks[#2]
[00631] DAY      EO=1 IR=1 fused[EO+IR:0.61] tracks[#2]
[00632] DAY      EO=1 IR=1 fused[EO+IR:0.61] tracks[#2]
[00633] DAY      EO=1 IR=1 fused[EO+IR:0.64] tracks[#2]
[00634] DAY      EO=1 IR=1 fused[EO+IR:0.62] tracks[#2]
[00635] DAY      EO=1 IR=1 fused[EO+IR:0.61] tracks[#2]
[00636] DAY      EO=1 IR=1 fused[EO+IR:0.64] tracks[#2]
[00637] DAY      EO=1 IR=1 fused[EO+IR:0.66] tracks[#2]
[00638] DAY      EO=1 IR=1 fused[EO+IR:0.61] tracks[#2]
[00639] DAY      EO=1 IR=1 fused[EO+IR:0.59] tracks[#2]
[00640] DAY      EO=1 IR=1 fused[EO+IR:0.62] tracks[#2]
[00641] DAY      EO=1 IR=1 fused[EO+IR:0.63] tracks[#2]
[00642] DAY      EO=1 IR=1 fused[EO+IR:0.64] tracks[#2]
[00643] DAY      EO=1 IR=1 fused[EO+IR:0.62] tracks[#2]
[00644] DAY      EO=1 IR=1 fused[EO+IR:0.61] tracks[#2]
[00645] DAY      EO=1 IR=1 fused[EO+IR:0.63] tracks[#2]
[00646] DAY      EO=1 IR=1 fused[EO+IR:0.64] tracks[#2]
[00647] DAY      EO=1 IR=1 fused[EO+IR:0.59] tracks[#2]
[00648] DAY      EO=1 IR=1 fused[EO+IR:0.59] tracks[#2]
[00649] DAY      EO=1 IR=1 fused[EO+IR:0.59] tracks[#2]
[00650] DAY      EO=1 IR=1 fused[EO+IR:0.62] tracks[#2]
[00651] DAY      EO=1 IR=1 fused[EO+IR:0.58] tracks[#2]
[00652] DAY      EO=1 IR=1 fused[EO+IR:0.58] tracks[#2]
[00653] DAY      EO=1 IR=1 fused[EO+IR:0.61] tracks[#2]
[00654] DAY      EO=1 IR=1 fused[EO+IR:0.60] tracks[#2]
[00655] DAY      EO=1 IR=1 fused[EO+IR:0.63] tracks[#2]
[00656] DAY      EO=1 IR=1 fused[EO+IR:0.63] tracks[#2]
[00657] DAY      EO=1 IR=1 fused[EO+IR:0.61] tracks[#2]
[00658] DAY      EO=1 IR=1 fused[EO+IR:0.61] tracks[#2]
[00659] DAY      EO=1 IR=1 fused[EO+IR:0.63] tracks[#2]
[00660] DAY      EO=1 IR=1 fused[EO+IR:0.64] tracks[#2]
[00661] DAY      EO=1 IR=1 fused[EO+IR:0.62] tracks[#2]
[00662] DAY      EO=1 IR=1 fused[EO+IR:0.62] tracks[#2]
[00663] DAY      EO=1 IR=1 fused[EO+IR:0.63] tracks[#2]
[00664] DAY      EO=1 IR=1 fused[EO+IR:0.62] tracks[#2]
[00665] DAY      EO=1 IR=1 fused[EO+IR:0.61] tracks[#2]
[00666] DAY      EO=1 IR=1 fused[EO+IR:0.64] tracks[#2]
[00667] DAY      EO=1 IR=1 fused[EO+IR:0.64] tracks[#2]
[00668] DAY      EO=1 IR=1 fused[EO+IR:0.63] tracks[#2]
[00669] DAY      EO=1 IR=1 fused[EO+IR:0.62] tracks[#2]
[00670] DAY      EO=1 IR=1 fused[EO+IR:0.62] tracks[#2]
[00671] DAY      EO=1 IR=1 fused[EO+IR:0.62] tracks[#2]
[00672] DAY      EO=1 IR=1 fused[EO+IR:0.61] tracks[#2]
[00673] DAY      EO=1 IR=1 fused[EO+IR:0.57] tracks[#2]
[00674] DAY      EO=1 IR=1 fused[EO+IR:0.61] tracks[#2]
[00675] DAY      EO=1 IR=1 fused[EO+IR:0.64] tracks[#2]
[00676] DAY      EO=1 IR=1 fused[EO+IR:0.64] tracks[#2]
[00677] DAY      EO=1 IR=1 fused[EO+IR:0.66] tracks[#2]
[00678] DAY      EO=1 IR=1 fused[EO+IR:0.63] tracks[#2]
[00679] DAY      EO=1 IR=1 fused[EO+IR:0.62] tracks[#2]
[00680] DAY      EO=1 IR=1 fused[EO+IR:0.61] tracks[#2]
[00681] DAY      EO=1 IR=1 fused[EO+IR:0.60] tracks[#2]
[00682] DAY      EO=1 IR=1 fused[EO+IR:0.65] tracks[#2]
[00683] DAY      EO=1 IR=1 fused[EO+IR:0.62] tracks[#2]
[00684] DAY      EO=1 IR=1 fused[EO+IR:0.62] tracks[#2]
[00685] DAY      EO=1 IR=1 fused[EO+IR:0.64] tracks[#2]
[00686] DAY      EO=1 IR=1 fused[EO+IR:0.64] tracks[#2]
[00687] DAY      EO=1 IR=1 fused[EO+IR:0.64] tracks[#2]
[00688] DAY      EO=1 IR=1 fused[EO+IR:0.63] tracks[#2]
[00689] DAY      EO=1 IR=1 fused[EO+IR:0.64] tracks[#2]
[00690] DAY      EO=1 IR=1 fused[EO+IR:0.64] tracks[#2]
[00691] DAY      EO=1 IR=1 fused[EO+IR:0.63] tracks[#2]
[00692] DAY      EO=1 IR=1 fused[EO+IR:0.62] tracks[#2]
[00693] DAY      EO=1 IR=1 fused[EO+IR:0.61] tracks[#2]
[00694] DAY      EO=1 IR=1 fused[EO+IR:0.60] tracks[#2]
[00695] DAY      EO=1 IR=1 fused[EO+IR:0.60] tracks[#2]
[00696] DAY      EO=1 IR=1 fused[EO+IR:0.60] tracks[#2]
[00697] DAY      EO=1 IR=1 fused[EO+IR:0.61] tracks[#2]
[00698] DAY      EO=1 IR=1 fused[EO+IR:0.60] tracks[#2]
[00699] DAY      EO=1 IR=1 fused[EO+IR:0.66] tracks[#2]
[00700] DAY      EO=1 IR=1 fused[EO+IR:0.65] tracks[#2]
[00701] DAY      EO=1 IR=1 fused[EO+IR:0.64] tracks[#2]
[00702] DAY      EO=1 IR=1 fused[EO+IR:0.66] tracks[#2]
[00703] DAY      EO=1 IR=1 fused[EO+IR:0.65] tracks[#2]
[00704] DAY      EO=1 IR=1 fused[EO+IR:0.65] tracks[#2]
[00705] DAY      EO=1 IR=1 fused[EO+IR:0.62] tracks[#2]
[00706] DAY      EO=1 IR=1 fused[EO+IR:0.62] tracks[#2]
[00707] DAY      EO=1 IR=1 fused[EO+IR:0.61] tracks[#2]
[00708] DAY      EO=1 IR=1 fused[EO+IR:0.61] tracks[#2]
[00709] DAY      EO=1 IR=1 fused[EO+IR:0.56] tracks[#2]
[00710] DAY      EO=1 IR=1 fused[EO+IR:0.61] tracks[#2]
[00711] DAY      EO=1 IR=1 fused[EO+IR:0.61] tracks[#2]
[00712] DAY      EO=1 IR=1 fused[EO+IR:0.62] tracks[#2]
[00713] DAY      EO=1 IR=1 fused[EO+IR:0.61] tracks[#2]
[00714] DAY      EO=1 IR=1 fused[EO+IR:0.59] tracks[#2]
[00715] DAY      EO=1 IR=1 fused[EO+IR:0.58] tracks[#2]
[00716] DAY      EO=1 IR=1 fused[EO+IR:0.58] tracks[#2]
[00717] DAY      EO=1 IR=1 fused[EO+IR:0.61] tracks[#2]
[00718] DAY      EO=1 IR=1 fused[EO+IR:0.60] tracks[#2]
[00719] DAY      EO=1 IR=1 fused[EO+IR:0.59] tracks[#2]
[00720] DAY      EO=1 IR=1 fused[EO+IR:0.60] tracks[#2]
[00721] DAY      EO=1 IR=1 fused[EO+IR:0.60] tracks[#2]
[00722] DAY      EO=1 IR=1 fused[EO+IR:0.60] tracks[#2]
[00723] DAY      EO=1 IR=1 fused[EO+IR:0.61] tracks[#2]
[00724] DAY      EO=1 IR=1 fused[EO+IR:0.61] tracks[#2]
[00725] DAY      EO=1 IR=1 fused[EO+IR:0.61] tracks[#2]
[00726] DAY      EO=2 IR=1 fused[EO+IR:0.61] tracks[#2]
[00727] DAY      EO=1 IR=1 fused[EO+IR:0.61] tracks[#2]
[00728] DAY      EO=1 IR=1 fused[EO+IR:0.64] tracks[#2]
[00729] DAY      EO=1 IR=1 fused[EO+IR:0.63] tracks[#2]
[00730] DAY      EO=1 IR=1 fused[EO+IR:0.64] tracks[#2]
[00731] DAY      EO=1 IR=1 fused[EO+IR:0.64] tracks[#2]
[00732] DAY      EO=1 IR=1 fused[EO+IR:0.64] tracks[#2]
[00733] DAY      EO=1 IR=1 fused[EO+IR:0.66] tracks[#2]
[00734] DAY      EO=1 IR=1 fused[EO+IR:0.66] tracks[#2]
[00735] DAY      EO=1 IR=1 fused[EO+IR:0.65] tracks[#2]
[00736] DAY      EO=1 IR=1 fused[EO+IR:0.65] tracks[#2]
[00737] DAY      EO=1 IR=1 fused[EO+IR:0.66] tracks[#2]
[00738] DAY      EO=1 IR=1 fused[EO+IR:0.65] tracks[#2]
[00739] DAY      EO=1 IR=1 fused[EO+IR:0.66] tracks[#2]
[00740] DAY      EO=1 IR=1 fused[EO+IR:0.66] tracks[#2]
[00741] DAY      EO=1 IR=1 fused[EO+IR:0.65] tracks[#2]
[00742] DAY      EO=1 IR=1 fused[EO+IR:0.66] tracks[#2]
[00743] DAY      EO=1 IR=1 fused[EO+IR:0.67] tracks[#2]
[00744] DAY      EO=1 IR=1 fused[EO+IR:0.65] tracks[#2]
[00745] DAY      EO=1 IR=1 fused[EO+IR:0.67] tracks[#2]
[00746] DAY      EO=1 IR=1 fused[EO+IR:0.65] tracks[#2]
[00747] DAY      EO=1 IR=1 fused[EO+IR:0.66] tracks[#2]
[00748] DAY      EO=1 IR=1 fused[EO+IR:0.65] tracks[#2]
[00749] DAY      EO=1 IR=1 fused[EO+IR:0.64] tracks[#2]
[00750] DAY      EO=1 IR=1 fused[EO+IR:0.64] tracks[#2]
[00751] DAY      EO=1 IR=1 fused[EO+IR:0.66] tracks[#2]
[00752] DAY      EO=1 IR=1 fused[EO+IR:0.65] tracks[#2]
[00753] DAY      EO=1 IR=1 fused[EO+IR:0.65] tracks[#2]
[00754] DAY      EO=1 IR=1 fused[EO+IR:0.66] tracks[#2]
[00755] DAY      EO=1 IR=1 fused[EO+IR:0.66] tracks[#2]
[00756] DAY      EO=1 IR=1 fused[EO+IR:0.66] tracks[#2]
[00757] DAY      EO=1 IR=1 fused[EO+IR:0.66] tracks[#2]
[00758] DAY      EO=1 IR=1 fused[EO+IR:0.67] tracks[#2]
[00759] DAY      EO=1 IR=1 fused[EO+IR:0.67] tracks[#2]
[00760] DAY      EO=1 IR=1 fused[EO+IR:0.67] tracks[#2]
[00761] DAY      EO=1 IR=1 fused[EO+IR:0.68] tracks[#2]
[00762] DAY      EO=1 IR=1 fused[EO+IR:0.68] tracks[#2]
[00763] DAY      EO=1 IR=1 fused[EO+IR:0.68] tracks[#2]
[00764] DAY      EO=1 IR=1 fused[EO+IR:0.69] tracks[#2]
[00765] DAY      EO=1 IR=1 fused[EO+IR:0.69] tracks[#2]
[00766] DAY      EO=1 IR=1 fused[EO+IR:0.69] tracks[#2]
[00767] DAY      EO=1 IR=1 fused[EO+IR:0.68] tracks[#2]
[00768] DAY      EO=1 IR=1 fused[EO+IR:0.68] tracks[#2]
[00769] DAY      EO=1 IR=1 fused[EO+IR:0.66] tracks[#2]
[00770] DAY      EO=1 IR=1 fused[EO+IR:0.67] tracks[#2]
[00771] DAY      EO=1 IR=1 fused[EO+IR:0.67] tracks[#2]
[00772] DAY      EO=1 IR=1 fused[EO+IR:0.67] tracks[#2]
[00773] DAY      EO=1 IR=1 fused[EO+IR:0.69] tracks[#2]
[00774] DAY      EO=1 IR=1 fused[EO+IR:0.68] tracks[#2]
Processed 775 frames | 617 with fused det | 634 with track
