[00000] DAY      meanV=173.1 EO=1 IR=1 | fused[-] | tracks[-]
[00001] DAY      meanV=173.1 EO=1 IR=1 | fused[-] | tracks[-]
[00002] DAY      meanV=173.1 EO=1 IR=1 | fused[-] | tracks[-]
[00003] DAY      meanV=173.1 EO=1 IR=1 | fused[-] | tracks[-]
[00004] DAY      meanV=173.1 EO=1 IR=1 | fused[-] | tracks[-]
[00005] DAY      meanV=173.1 EO=1 IR=1 | fused[-] | tracks[-]
[00006] DAY      meanV=173.1 EO=1 IR=1 | fused[-] | tracks[-]
[00007] DAY      meanV=173.1 EO=1 IR=1 | fused[-] | tracks[-]
[00008] DAY      meanV=173.1 EO=1 IR=1 | fused[-] | tracks[-]
[00009] DAY      meanV=173.0 EO=1 IR=1 | fused[-] | tracks[-]
[00010] DAY      meanV=173.0 EO=1 IR=1 | fused[-] | tracks[-]
[00011] DAY      meanV=173.0 EO=1 IR=1 | fused[-] | tracks[-]
[00012] DAY      meanV=173.0 EO=1 IR=1 | fused[-] | tracks[-]
[00013] DAY      meanV=173.1 EO=1 IR=1 | fused[-] | tracks[-]
[00014] DAY      meanV=173.1 EO=1 IR=1 | fused[-] | tracks[-]
[00015] DAY      meanV=173.1 EO=1 IR=1 | fused[-] | tracks[-]
[00016] DAY      meanV=173.1 EO=1 IR=1 | fused[-] | tracks[-]
[00017] DAY      meanV=173.1 EO=1 IR=1 | fused[-] | tracks[-]
[00018] DAY      meanV=173.1 EO=1 IR=1 | fused[-] | tracks[-]
[00019] DAY      meanV=173.1 EO=1 IR=1 | fused[-] | tracks[-]
[00020] DAY      meanV=173.2 EO=1 IR=1 | fused[-] | tracks[-]
[00021] DAY      meanV=173.2 EO=1 IR=1 | fused[-] | tracks[-]
[00022] DAY      meanV=173.2 EO=1 IR=1 | fused[-] | tracks[-]
[00023] DAY      meanV=173.2 EO=1 IR=1 | fused[-] | tracks[-]
[00024] DAY      meanV=173.2 EO=1 IR=1 | fused[-] | tracks[-]
[00025] DAY      meanV=173.1 EO=1 IR=1 | fused[-] | tracks[-]
[00026] DAY      meanV=173.1 EO=1 IR=1 | fused[-] | tracks[-]
[00027] DAY      meanV=173.1 EO=1 IR=1 | fused[-] | tracks[-]
[00028] DAY      meanV=173.1 EO=1 IR=1 | fused[-] | tracks[-]
[00029] DAY      meanV=173.1 EO=1 IR=1 | fused[-] | tracks[-]
[00030] DAY      meanV=173.1 EO=1 IR=1 | fused[-] | tracks[-]
[00031] DAY      meanV=173.1 EO=1 IR=1 | fused[-] | tracks[-]
[00032] DAY      meanV=173.1 EO=1 IR=1 | fused[-] | tracks[-]
[00033] DAY      meanV=173.1 EO=1 IR=1 | fused[-] | tracks[-]
[00034] DAY      meanV=173.1 EO=1 IR=1 | fused[-] | tracks[-]
[00035] DAY      meanV=173.0 EO=1 IR=1 | fused[-] | tracks[-]
[00036] DAY      meanV=173.0 EO=1 IR=1 | fused[-] | tracks[-]
[00037] DAY      meanV=173.0 EO=1 IR=1 | fused[-] | tracks[-]
[00038] DAY      meanV=173.0 EO=1 IR=1 | fused[-] | tracks[-]
[00039] DAY      meanV=173.0 EO=1 IR=1 | fused[-] | tracks[-]
[00040] DAY      meanV=173.0 EO=1 IR=1 | fused[-] | tracks[-]
[00041] DAY      meanV=173.1 EO=1 IR=1 | fused[-] | tracks[-]
[00042] DAY      meanV=173.1 EO=1 IR=1 | fused[-] | tracks[-]
[00043] DAY      meanV=173.1 EO=1 IR=1 | fused[-] | tracks[-]
[00044] DAY      meanV=173.1 EO=1 IR=1 | fused[-] | tracks[-]
[00045] DAY      meanV=173.1 EO=1 IR=1 | fused[-] | tracks[-]
[00046] DAY      meanV=173.0 EO=1 IR=1 | fused[-] | tracks[-]
[00047] DAY      meanV=173.0 EO=1 IR=1 | fused[-] | tracks[-]
[00048] DAY      meanV=173.0 EO=1 IR=1 | fused[-] | tracks[-]
[00049] DAY      meanV=173.1 EO=1 IR=1 | fused[-] | tracks[-]
[00050] DAY      meanV=173.1 EO=1 IR=1 | fused[-] | tracks[-]
[00051] DAY      meanV=173.1 EO=1 IR=1 | fused[-] | tracks[-]
[00052] DAY      meanV=173.0 EO=1 IR=1 | fused[-] | tracks[-]
[00053] DAY      meanV=173.0 EO=1 IR=1 | fused[-] | tracks[-]
[00054] DAY      meanV=173.0 EO=1 IR=1 | fused[-] | tracks[-]
[00055] DAY      meanV=173.0 EO=1 IR=1 | fused[-] | tracks[-]
[00056] DAY      meanV=173.0 EO=1 IR=1 | fused[-] | tracks[-]
[00057] DAY      meanV=173.0 EO=1 IR=1 | fused[-] | tracks[-]
[00058] DAY      meanV=173.0 EO=1 IR=1 | fused[-] | tracks[-]
[00059] DAY      meanV=173.0 EO=1 IR=1 | fused[-] | tracks[-]
[00060] DAY      meanV=173.0 EO=1 IR=1 | fused[-] | tracks[-]
[00061] DAY      meanV=173.1 EO=1 IR=1 | fused[-] | tracks[-]
[00062] DAY      meanV=173.1 EO=1 IR=1 | fused[-] | tracks[-]
[00063] DAY      meanV=173.1 EO=1 IR=1 | fused[-] | tracks[-]
[00064] DAY      meanV=173.1 EO=1 IR=1 | fused[-] | tracks[-]
[00065] DAY      meanV=173.1 EO=1 IR=1 | fused[-] | tracks[-]
[00066] DAY      meanV=173.1 EO=1 IR=1 | fused[-] | tracks[-]
[00067] DAY      meanV=173.1 EO=1 IR=1 | fused[-] | tracks[-]
[00068] DAY      meanV=173.1 EO=1 IR=1 | fused[-] | tracks[-]
[00069] DAY      meanV=173.0 EO=1 IR=1 | fused[-] | tracks[-]
[00070] DAY      meanV=173.0 EO=1 IR=1 | fused[-] | tracks[-]
[00071] DAY      meanV=173.0 EO=1 IR=1 | fused[-] | tracks[-]
[00072] DAY      meanV=173.0 EO=1 IR=1 | fused[-] | tracks[-]
[00073] DAY      meanV=173.0 EO=1 IR=1 | fused[-] | tracks[-]
[00074] DAY      meanV=173.0 EO=1 IR=1 | fused[-] | tracks[-]
[00075] DAY      meanV=173.0 EO=1 IR=1 | fused[-] | tracks[-]
[00076] DAY      meanV=173.0 EO=1 IR=1 | fused[-] | tracks[-]
[00077] DAY      meanV=173.0 EO=1 IR=1 | fused[-] | tracks[-]
[00078] DAY      meanV=172.9 EO=1 IR=1 | fused[-] | tracks[-]
[00079] DAY      meanV=173.0 EO=1 IR=1 | fused[-] | tracks[-]
[00080] DAY      meanV=172.9 EO=1 IR=1 | fused[-] | tracks[-]
[00081] DAY      meanV=173.0 EO=1 IR=1 | fused[-] | tracks[-]
[00082] DAY      meanV=172.9 EO=1 IR=1 | fused[-] | tracks[-]
[00083] DAY      meanV=172.9 EO=1 IR=1 | fused[-] | tracks[-]
[00084] DAY      meanV=172.9 EO=1 IR=1 | fused[-] | tracks[-]
[00085] DAY      meanV=172.9 EO=1 IR=1 | fused[-] | tracks[-]
[00086] DAY      meanV=172.9 EO=1 IR=1 | fused[-] | tracks[-]
[00087] DAY      meanV=172.9 EO=1 IR=1 | fused[-] | tracks[-]
[00088] DAY      meanV=172.9 EO=1 IR=1 | fused[-] | tracks[-]
[00089] DAY      meanV=172.9 EO=1 IR=1 | fused[-] | tracks[-]
[00090] DAY      meanV=172.9 EO=1 IR=1 | fused[-] | tracks[-]
[00091] DAY      meanV=172.9 EO=1 IR=1 | fused[-] | tracks[-]
[00092] DAY      meanV=172.9 EO=1 IR=1 | fused[-] | tracks[-]
[00093] DAY      meanV=172.9 EO=1 IR=1 | fused[-] | tracks[-]
[00094] DAY      meanV=172.9 EO=1 IR=1 | fused[-] | tracks[-]
[00095] DAY      meanV=172.9 EO=1 IR=1 | fused[-] | tracks[-]
[00096] DAY      meanV=172.9 EO=1 IR=1 | fused[-] | tracks[-]
[00097] DAY      meanV=172.9 EO=1 IR=1 | fused[-] | tracks[-]
[00098] DAY      meanV=172.9 EO=1 IR=1 | fused[-] | tracks[-]
[00099] DAY      meanV=172.9 EO=1 IR=1 | fused[-] | tracks[-]
[00100] DAY      meanV=172.9 EO=1 IR=1 | fused[-] | tracks[-]
[00101] DAY      meanV=172.9 EO=1 IR=1 | fused[-] | tracks[-]
[00102] DAY      meanV=172.9 EO=1 IR=1 | fused[-] | tracks[-]
[00103] DAY      meanV=172.9 EO=1 IR=1 | fused[-] | tracks[-]
[00104] DAY      meanV=172.9 EO=1 IR=1 | fused[-] | tracks[-]
[00105] DAY      meanV=172.9 EO=1 IR=1 | fused[-] | tracks[-]
[00106] DAY      meanV=172.9 EO=1 IR=1 | fused[-] | tracks[-]
[00107] DAY      meanV=172.9 EO=1 IR=1 | fused[-] | tracks[-]
[00108] DAY      meanV=172.9 EO=1 IR=1 | fused[-] | tracks[-]
[00109] DAY      meanV=172.9 EO=1 IR=1 | fused[-] | tracks[-]
[00110] DAY      meanV=172.9 EO=1 IR=1 | fused[-] | tracks[-]
[00111] DAY      meanV=172.9 EO=1 IR=1 | fused[-] | tracks[-]
[00112] DAY      meanV=172.9 EO=1 IR=1 | fused[-] | tracks[-]
[00113] DAY      meanV=172.9 EO=1 IR=1 | fused[-] | tracks[-]
[00114] DAY      meanV=172.9 EO=1 IR=1 | fused[-] | tracks[-]
[00115] DAY      meanV=172.9 EO=1 IR=1 | fused[-] | tracks[-]
[00116] DAY      meanV=172.9 EO=1 IR=1 | fused[-] | tracks[-]
[00117] DAY      meanV=172.9 EO=1 IR=1 | fused[-] | tracks[-]
[00118] DAY      meanV=172.9 EO=1 IR=1 | fused[-] | tracks[-]
[00119] DAY      meanV=172.9 EO=1 IR=1 | fused[-] | tracks[-]
[00120] DAY      meanV=172.9 EO=1 IR=1 | fused[-] | tracks[-]
[00121] DAY      meanV=172.9 EO=1 IR=1 | fused[-] | tracks[-]
[00122] DAY      meanV=172.9 EO=1 IR=1 | fused[-] | tracks[-]
[00123] DAY      meanV=172.9 EO=1 IR=1 | fused[-] | tracks[-]
[00124] DAY      meanV=172.9 EO=1 IR=1 | fused[-] | tracks[-]
[00125] DAY      meanV=172.9 EO=1 IR=1 | fused[-] | tracks[-]
[00126] DAY      meanV=172.9 EO=1 IR=1 | fused[-] | tracks[-]
[00127] DAY      meanV=172.9 EO=1 IR=1 | fused[-] | tracks[-]
[00128] DAY      meanV=172.9 EO=1 IR=1 | fused[-] | tracks[-]
[00129] DAY      meanV=172.9 EO=1 IR=1 | fused[-] | tracks[-]
[00130] DAY      meanV=172.9 EO=1 IR=1 | fused[-] | tracks[-]
[00131] DAY      meanV=172.9 EO=1 IR=1 | fused[-] | tracks[-]
[00132] DAY      meanV=172.9 EO=1 IR=1 | fused[-] | tracks[-]
[00133] DAY      meanV=172.9 EO=1 IR=1 | fused[-] | tracks[-]
[00134] DAY      meanV=172.9 EO=1 IR=1 | fused[-] | tracks[-]
[00135] DAY      meanV=173.0 EO=1 IR=1 | fused[-] | tracks[-]
[00136] DAY      meanV=173.0 EO=1 IR=1 | fused[-] | tracks[-]
[00137] DAY      meanV=173.0 EO=1 IR=1 | fused[-] | tracks[-]
[00138] DAY      meanV=173.0 EO=1 IR=1 | fused[-] | tracks[-]
[00139] DAY      meanV=173.0 EO=1 IR=1 | fused[-] | tracks[-]
[00140] DAY      meanV=173.0 EO=1 IR=1 | fused[-] | tracks[-]
[00141] DAY      meanV=173.0 EO=1 IR=1 | fused[-] | tracks[-]
[00142] DAY      meanV=172.9 EO=1 IR=1 | fused[-] | tracks[-]
[00143] DAY      meanV=172.9 EO=1 IR=1 | fused[-] | tracks[-]
[00144] DAY      meanV=172.9 EO=1 IR=1 | fused[-] | tracks[-]
[00145] DAY      meanV=173.0 EO=1 IR=1 | fused[-] | tracks[-]
[00146] DAY      meanV=173.0 EO=1 IR=1 | fused[-] | tracks[-]
[00147] DAY      meanV=172.9 EO=1 IR=1 | fused[-] | tracks[-]
[00148] DAY      meanV=172.9 EO=1 IR=1 | fused[-] | tracks[-]
[00149] DAY      meanV=172.9 EO=1 IR=1 | fused[-] | tracks[-]
[00150] DAY      meanV=172.9 EO=1 IR=1 | fused[-] | tracks[-]
[00151] DAY      meanV=172.9 EO=1 IR=1 | fused[-] | tracks[-]
[00152] DAY      meanV=172.9 EO=1 IR=1 | fused[-] | tracks[-]
[00153] DAY      meanV=172.8 EO=1 IR=1 | fused[-] | tracks[-]
[00154] DAY      meanV=172.8 EO=1 IR=1 | fused[-] | tracks[-]
[00155] DAY      meanV=172.8 EO=1 IR=1 | fused[-] | tracks[-]
[00156] DAY      meanV=172.8 EO=1 IR=1 | fused[-] | tracks[-]
[00157] DAY      meanV=172.8 EO=1 IR=1 | fused[-] | tracks[-]
[00158] DAY      meanV=172.5 EO=1 IR=1 | fused[-] | tracks[-]
[00159] DAY      meanV=172.0 EO=1 IR=1 | fused[-] | tracks[-]
[00160] DAY      meanV=171.6 EO=1 IR=1 | fused[-] | tracks[-]
[00161] DAY      meanV=171.5 EO=1 IR=1 | fused[-] | tracks[-]
[00162] DAY      meanV=171.5 EO=1 IR=1 | fused[-] | tracks[-]
[00163] DAY      meanV=171.5 EO=1 IR=1 | fused[-] | tracks[-]
[00164] DAY      meanV=171.5 EO=1 IR=1 | fused[-] | tracks[-]
[00165] DAY      meanV=171.5 EO=1 IR=1 | fused[-] | tracks[-]
[00166] DAY      meanV=171.5 EO=1 IR=1 | fused[-] | tracks[-]
[00167] DAY      meanV=171.6 EO=1 IR=1 | fused[-] | tracks[-]
[00168] DAY      meanV=171.6 EO=1 IR=1 | fused[-] | tracks[-]
[00169] DAY      meanV=171.6 EO=1 IR=1 | fused[-] | tracks[-]
[00170] DAY      meanV=171.7 EO=1 IR=1 | fused[-] | tracks[-]
[00171] DAY      meanV=171.7 EO=1 IR=1 | fused[-] | tracks[-]
[00172] DAY      meanV=171.7 EO=1 IR=1 | fused[-] | tracks[-]
[00173] DAY      meanV=171.7 EO=1 IR=1 | fused[-] | tracks[-]
[00174] DAY      meanV=171.7 EO=1 IR=1 | fused[-] | tracks[-]
[00175] DAY      meanV=171.7 EO=1 IR=1 | fused[-] | tracks[-]
[00176] DAY      meanV=171.7 EO=1 IR=1 | fused[-] | tracks[-]
[00177] DAY      meanV=171.7 EO=1 IR=1 | fused[-] | tracks[-]
[00178] DAY      meanV=171.7 EO=1 IR=1 | fused[EO+IR:0.61] | tracks[-]
[00179] DAY      meanV=171.8 EO=1 IR=1 | fused[EO+IR:0.63] | tracks[-]
[00180] DAY      meanV=171.8 EO=1 IR=1 | fused[EO+IR:0.62] | tracks[#1@(1949,1648)]
[00181] DAY      meanV=171.8 EO=1 IR=1 | fused[EO+IR:0.63] | tracks[#1@(1980,1649)]
[00182] DAY      meanV=171.8 EO=1 IR=1 | fused[EO+IR:0.60] | tracks[#1@(2003,1648)]
[00183] DAY      meanV=171.8 EO=1 IR=1 | fused[EO+IR:0.63] | tracks[#1@(2035,1649)]
[00184] DAY      meanV=171.8 EO=1 IR=1 | fused[EO+IR:0.61] | tracks[#1@(2061,1650)]
[00185] DAY      meanV=171.8 EO=1 IR=1 | fused[-] | tracks[#1@(2088,1650)]
[00186] DAY      meanV=171.8 EO=1 IR=1 | fused[EO+IR:0.64] | tracks[#1@(2104,1650)]
[00187] DAY      meanV=171.8 EO=1 IR=1 | fused[-] | tracks[#1@(2125,1649)]
[00188] DAY      meanV=171.8 EO=1 IR=1 | fused[-] | tracks[#1@(2147,1649)]
[00189] DAY      meanV=171.8 EO=1 IR=1 | fused[-] | tracks[#1@(2168,1648)]
[00190] DAY      meanV=171.8 EO=1 IR=1 | fused[-] | tracks[#1@(2190,1648)]
[00191] DAY      meanV=171.8 EO=1 IR=1 | fused[-] | tracks[#1@(2212,1648)]
[00192] DAY      meanV=171.8 EO=1 IR=1 | fused[-] | tracks[-]
[00193] DAY      meanV=171.8 EO=1 IR=1 | fused[-] | tracks[-]
[00194] DAY      meanV=171.8 EO=1 IR=1 | fused[-] | tracks[-]
[00195] DAY      meanV=171.8 EO=1 IR=1 | fused[-] | tracks[-]
[00196] DAY      meanV=171.8 EO=1 IR=1 | fused[-] | tracks[-]
[00197] DAY      meanV=171.8 EO=1 IR=1 | fused[-] | tracks[-]
[00198] DAY      meanV=171.8 EO=1 IR=1 | fused[-] | tracks[-]
[00199] DAY      meanV=171.8 EO=1 IR=1 | fused[-] | tracks[-]
[00200] DAY      meanV=171.8 EO=1 IR=1 | fused[-] | tracks[-]
[00201] DAY      meanV=171.8 EO=1 IR=1 | fused[-] | tracks[-]
[00202] DAY      meanV=171.8 EO=1 IR=1 | fused[-] | tracks[-]
[00203] DAY      meanV=171.4 EO=1 IR=1 | fused[-] | tracks[-]
[00204] DAY      meanV=171.0 EO=1 IR=1 | fused[-] | tracks[-]
[00205] DAY      meanV=170.4 EO=1 IR=1 | fused[-] | tracks[-]
[00206] DAY      meanV=170.4 EO=1 IR=1 | fused[-] | tracks[-]
[00207] DAY      meanV=170.4 EO=1 IR=1 | fused[-] | tracks[-]
[00208] DAY      meanV=170.4 EO=1 IR=1 | fused[-] | tracks[-]
[00209] DAY      meanV=170.4 EO=1 IR=1 | fused[-] | tracks[-]
[00210] DAY      meanV=170.4 EO=1 IR=1 | fused[-] | tracks[-]
[00211] DAY      meanV=170.4 EO=1 IR=1 | fused[-] | tracks[-]
[00212] DAY      meanV=170.4 EO=1 IR=1 | fused[-] | tracks[-]
[00213] DAY      meanV=170.5 EO=1 IR=1 | fused[-] | tracks[-]
[00214] DAY      meanV=170.5 EO=1 IR=1 | fused[-] | tracks[-]
[00215] DAY      meanV=170.5 EO=1 IR=1 | fused[-] | tracks[-]
[00216] DAY      meanV=170.5 EO=1 IR=1 | fused[-] | tracks[-]
[00217] DAY      meanV=170.5 EO=1 IR=1 | fused[-] | tracks[-]
[00218] DAY      meanV=170.6 EO=1 IR=1 | fused[-] | tracks[-]
[00219] DAY      meanV=170.6 EO=1 IR=1 | fused[-] | tracks[-]
[00220] DAY      meanV=170.6 EO=1 IR=1 | fused[-] | tracks[-]
[00221] DAY      meanV=170.6 EO=1 IR=1 | fused[-] | tracks[-]
[00222] DAY      meanV=170.6 EO=1 IR=1 | fused[-] | tracks[-]
[00223] DAY      meanV=170.6 EO=1 IR=1 | fused[-] | tracks[-]
[00224] DAY      meanV=170.7 EO=1 IR=1 | fused[-] | tracks[-]
[00225] DAY      meanV=170.7 EO=1 IR=1 | fused[-] | tracks[-]
[00226] DAY      meanV=170.7 EO=1 IR=1 | fused[-] | tracks[-]
[00227] DAY      meanV=170.7 EO=1 IR=1 | fused[-] | tracks[-]
[00228] DAY      meanV=170.7 EO=1 IR=1 | fused[-] | tracks[-]
[00229] DAY      meanV=170.7 EO=1 IR=1 | fused[-] | tracks[-]
[00230] DAY      meanV=170.7 EO=1 IR=1 | fused[-] | tracks[-]
[00231] DAY      meanV=170.8 EO=1 IR=1 | fused[-] | tracks[-]
[00232] DAY      meanV=170.8 EO=1 IR=1 | fused[-] | tracks[-]
[00233] DAY      meanV=170.8 EO=1 IR=1 | fused[-] | tracks[-]
[00234] DAY      meanV=170.8 EO=1 IR=1 | fused[-] | tracks[-]
[00235] DAY      meanV=170.9 EO=1 IR=1 | fused[-] | tracks[-]
[00236] DAY      meanV=170.9 EO=1 IR=1 | fused[-] | tracks[-]
[00237] DAY      meanV=170.9 EO=1 IR=1 | fused[-] | tracks[-]
[00238] DAY      meanV=170.9 EO=1 IR=1 | fused[-] | tracks[-]
[00239] DAY      meanV=170.8 EO=1 IR=1 | fused[-] | tracks[-]
[00240] DAY      meanV=170.8 EO=1 IR=1 | fused[-] | tracks[-]
[00241] DAY      meanV=170.8 EO=1 IR=1 | fused[-] | tracks[-]
[00242] DAY      meanV=170.8 EO=1 IR=1 | fused[-] | tracks[-]
[00243] DAY      meanV=170.8 EO=1 IR=1 | fused[-] | tracks[-]
[00244] DAY      meanV=170.8 EO=1 IR=1 | fused[-] | tracks[-]
[00245] DAY      meanV=170.8 EO=1 IR=1 | fused[-] | tracks[-]
[00246] DAY      meanV=170.8 EO=1 IR=1 | fused[-] | tracks[-]
[00247] DAY      meanV=170.8 EO=1 IR=1 | fused[-] | tracks[-]
[00248] DAY      meanV=170.8 EO=1 IR=1 | fused[-] | tracks[-]
[00249] DAY      meanV=170.8 EO=1 IR=1 | fused[-] | tracks[-]
[00250] DAY      meanV=170.8 EO=1 IR=1 | fused[-] | tracks[-]
[00251] DAY      meanV=170.8 EO=1 IR=1 | fused[-] | tracks[-]
[00252] DAY      meanV=170.8 EO=1 IR=1 | fused[-] | tracks[-]
[00253] DAY      meanV=170.8 EO=1 IR=1 | fused[-] | tracks[-]
[00254] DAY      meanV=170.8 EO=1 IR=1 | fused[-] | tracks[-]
[00255] DAY      meanV=170.8 EO=1 IR=1 | fused[-] | tracks[-]
[00256] DAY      meanV=170.8 EO=1 IR=1 | fused[-] | tracks[-]
[00257] DAY      meanV=170.8 EO=1 IR=1 | fused[-] | tracks[-]
[00258] DAY      meanV=170.8 EO=1 IR=1 | fused[-] | tracks[-]
[00259] DAY      meanV=170.8 EO=1 IR=1 | fused[-] | tracks[-]
[00260] DAY      meanV=170.8 EO=1 IR=1 | fused[-] | tracks[-]
[00261] DAY      meanV=170.8 EO=1 IR=1 | fused[-] | tracks[-]
[00262] DAY      meanV=170.8 EO=2 IR=1 | fused[-] | tracks[-]
[00263] DAY      meanV=170.8 EO=1 IR=1 | fused[-] | tracks[-]
[00264] DAY      meanV=170.8 EO=1 IR=1 | fused[-] | tracks[-]
[00265] DAY      meanV=170.9 EO=1 IR=1 | fused[-] | tracks[-]
[00266] DAY      meanV=170.9 EO=1 IR=1 | fused[-] | tracks[-]
[00267] DAY      meanV=170.9 EO=1 IR=1 | fused[-] | tracks[-]
[00268] DAY      meanV=170.9 EO=1 IR=1 | fused[-] | tracks[-]
[00269] DAY      meanV=170.9 EO=1 IR=1 | fused[-] | tracks[-]
[00270] DAY      meanV=170.8 EO=1 IR=1 | fused[-] | tracks[-]
[00271] DAY      meanV=170.8 EO=1 IR=1 | fused[-] | tracks[-]
[00272] DAY      meanV=170.8 EO=1 IR=1 | fused[-] | tracks[-]
[00273] DAY      meanV=170.8 EO=1 IR=1 | fused[-] | tracks[-]
[00274] DAY      meanV=170.8 EO=1 IR=1 | fused[-] | tracks[-]
[00275] DAY      meanV=170.8 EO=1 IR=1 | fused[-] | tracks[-]
[00276] DAY      meanV=170.8 EO=1 IR=1 | fused[-] | tracks[-]
[00277] DAY      meanV=170.8 EO=1 IR=1 | fused[-] | tracks[-]
[00278] DAY      meanV=170.7 EO=1 IR=1 | fused[-] | tracks[-]
[00279] DAY      meanV=170.8 EO=1 IR=1 | fused[-] | tracks[-]
[00280] DAY      meanV=170.8 EO=1 IR=1 | fused[-] | tracks[-]
[00281] DAY      meanV=170.7 EO=1 IR=1 | fused[-] | tracks[-]
[00282] DAY      meanV=170.7 EO=1 IR=1 | fused[-] | tracks[-]
[00283] DAY      meanV=170.8 EO=1 IR=1 | fused[-] | tracks[-]
[00284] DAY      meanV=170.8 EO=1 IR=1 | fused[-] | tracks[-]
[00285] DAY      meanV=170.8 EO=1 IR=1 | fused[-] | tracks[-]
[00286] DAY      meanV=170.8 EO=1 IR=1 | fused[-] | tracks[-]
[00287] DAY      meanV=170.8 EO=1 IR=1 | fused[-] | tracks[-]
[00288] DAY      meanV=170.8 EO=1 IR=1 | fused[-] | tracks[-]
[00289] DAY      meanV=170.8 EO=1 IR=1 | fused[-] | tracks[-]
[00290] DAY      meanV=170.8 EO=1 IR=1 | fused[-] | tracks[-]
[00291] DAY      meanV=170.8 EO=1 IR=1 | fused[-] | tracks[-]
[00292] DAY      meanV=170.8 EO=1 IR=1 | fused[-] | tracks[-]
[00293] DAY      meanV=170.8 EO=1 IR=1 | fused[-] | tracks[-]
[00294] DAY      meanV=170.8 EO=1 IR=1 | fused[-] | tracks[-]
[00295] DAY      meanV=170.8 EO=1 IR=1 | fused[-] | tracks[-]
[00296] DAY      meanV=170.8 EO=1 IR=1 | fused[-] | tracks[-]
[00297] DAY      meanV=170.8 EO=1 IR=1 | fused[-] | tracks[-]
[00298] DAY      meanV=170.7 EO=1 IR=1 | fused[-] | tracks[-]
[00299] DAY      meanV=170.7 EO=1 IR=1 | fused[-] | tracks[-]
[00300] DAY      meanV=170.7 EO=1 IR=1 | fused[-] | tracks[-]
[00301] DAY      meanV=170.7 EO=1 IR=1 | fused[-] | tracks[-]
[00302] DAY      meanV=170.7 EO=1 IR=1 | fused[-] | tracks[-]
[00303] DAY      meanV=170.7 EO=1 IR=1 | fused[-] | tracks[-]
[00304] DAY      meanV=170.7 EO=1 IR=1 | fused[-] | tracks[-]
[00305] DAY      meanV=170.7 EO=1 IR=1 | fused[-] | tracks[-]
[00306] DAY      meanV=170.7 EO=1 IR=1 | fused[-] | tracks[-]
[00307] DAY      meanV=170.7 EO=1 IR=1 | fused[-] | tracks[-]
[00308] DAY      meanV=170.8 EO=1 IR=1 | fused[-] | tracks[-]
[00309] DAY      meanV=170.8 EO=1 IR=1 | fused[-] | tracks[-]
[00310] DAY      meanV=170.8 EO=1 IR=1 | fused[-] | tracks[-]
[00311] DAY      meanV=170.8 EO=1 IR=1 | fused[-] | tracks[-]
[00312] DAY      meanV=170.8 EO=1 IR=1 | fused[-] | tracks[-]
[00313] DAY      meanV=170.8 EO=1 IR=1 | fused[-] | tracks[-]
[00314] DAY      meanV=170.8 EO=1 IR=1 | fused[-] | tracks[-]
[00315] DAY      meanV=170.8 EO=1 IR=1 | fused[-] | tracks[-]
[00316] DAY      meanV=170.8 EO=1 IR=1 | fused[-] | tracks[-]
[00317] DAY      meanV=170.8 EO=1 IR=1 | fused[-] | tracks[-]
[00318] DAY      meanV=170.8 EO=1 IR=1 | fused[-] | tracks[-]
[00319] DAY      meanV=170.8 EO=1 IR=1 | fused[-] | tracks[-]
[00320] DAY      meanV=170.8 EO=1 IR=1 | fused[-] | tracks[-]
[00321] DAY      meanV=170.8 EO=1 IR=1 | fused[-] | tracks[-]
[00322] DAY      meanV=170.8 EO=1 IR=1 | fused[-] | tracks[-]
[00323] DAY      meanV=170.8 EO=1 IR=1 | fused[-] | tracks[-]
[00324] DAY      meanV=170.6 EO=1 IR=1 | fused[-] | tracks[-]
[00325] DAY      meanV=170.6 EO=1 IR=1 | fused[-] | tracks[-]
[00326] DAY      meanV=170.5 EO=1 IR=1 | fused[-] | tracks[-]
[00327] DAY      meanV=170.5 EO=1 IR=1 | fused[-] | tracks[-]
[00328] DAY      meanV=170.5 EO=1 IR=1 | fused[-] | tracks[-]
[00329] DAY      meanV=170.5 EO=1 IR=1 | fused[-] | tracks[-]
[00330] DAY      meanV=170.5 EO=1 IR=1 | fused[-] | tracks[-]
[00331] DAY      meanV=170.5 EO=1 IR=1 | fused[-] | tracks[-]
[00332] DAY      meanV=170.4 EO=1 IR=1 | fused[-] | tracks[-]
[00333] DAY      meanV=170.3 EO=1 IR=1 | fused[-] | tracks[-]
[00334] DAY      meanV=170.3 EO=1 IR=1 | fused[-] | tracks[-]
[00335] DAY      meanV=170.3 EO=1 IR=1 | fused[-] | tracks[-]
[00336] DAY      meanV=170.3 EO=1 IR=1 | fused[-] | tracks[-]
[00337] DAY      meanV=170.3 EO=1 IR=1 | fused[-] | tracks[-]
[00338] DAY      meanV=170.4 EO=1 IR=1 | fused[-] | tracks[-]
[00339] DAY      meanV=170.4 EO=1 IR=1 | fused[-] | tracks[-]
[00340] DAY      meanV=170.4 EO=1 IR=1 | fused[-] | tracks[-]
[00341] DAY      meanV=170.0 EO=1 IR=1 | fused[-] | tracks[-]
[00342] DAY      meanV=169.6 EO=1 IR=1 | fused[-] | tracks[-]
[00343] DAY      meanV=169.5 EO=1 IR=1 | fused[-] | tracks[-]
[00344] DAY      meanV=169.5 EO=1 IR=1 | fused[-] | tracks[-]
[00345] DAY      meanV=169.5 EO=1 IR=1 | fused[-] | tracks[-]
[00346] DAY      meanV=169.5 EO=1 IR=1 | fused[-] | tracks[-]
[00347] DAY      meanV=169.6 EO=1 IR=1 | fused[-] | tracks[-]
[00348] DAY      meanV=169.6 EO=1 IR=1 | fused[-] | tracks[-]
[00349] DAY      meanV=169.6 EO=1 IR=1 | fused[-] | tracks[-]
[00350] DAY      meanV=169.7 EO=1 IR=1 | fused[-] | tracks[-]
[00351] DAY      meanV=169.7 EO=1 IR=1 | fused[-] | tracks[-]
[00352] DAY      meanV=169.8 EO=1 IR=1 | fused[-] | tracks[-]
[00353] DAY      meanV=169.3 EO=1 IR=1 | fused[-] | tracks[-]
[00354] DAY      meanV=169.0 EO=1 IR=1 | fused[-] | tracks[-]
[00355] DAY      meanV=168.4 EO=1 IR=1 | fused[-] | tracks[-]
[00356] DAY      meanV=168.3 EO=1 IR=1 | fused[-] | tracks[-]
[00357] DAY      meanV=168.3 EO=1 IR=1 | fused[-] | tracks[-]
[00358] DAY      meanV=168.3 EO=1 IR=1 | fused[-] | tracks[-]
[00359] DAY      meanV=168.3 EO=1 IR=1 | fused[-] | tracks[-]
[00360] DAY      meanV=168.4 EO=1 IR=1 | fused[-] | tracks[-]
[00361] DAY      meanV=168.4 EO=1 IR=1 | fused[-] | tracks[-]
[00362] DAY      meanV=168.5 EO=1 IR=1 | fused[-] | tracks[-]
[00363] DAY      meanV=168.5 EO=1 IR=1 | fused[-] | tracks[-]
[00364] DAY      meanV=168.6 EO=1 IR=1 | fused[-] | tracks[-]
[00365] DAY      meanV=168.6 EO=1 IR=1 | fused[-] | tracks[-]
[00366] DAY      meanV=168.6 EO=1 IR=1 | fused[-] | tracks[-]
[00367] DAY      meanV=168.7 EO=1 IR=1 | fused[-] | tracks[-]
[00368] DAY      meanV=168.7 EO=1 IR=1 | fused[-] | tracks[-]
[00369] DAY      meanV=168.7 EO=1 IR=1 | fused[-] | tracks[-]
[00370] DAY      meanV=168.7 EO=1 IR=1 | fused[-] | tracks[-]
[00371] DAY      meanV=168.7 EO=1 IR=1 | fused[-] | tracks[-]
[00372] DAY      meanV=168.7 EO=1 IR=1 | fused[-] | tracks[-]
[00373] DAY      meanV=168.8 EO=1 IR=1 | fused[-] | tracks[-]
[00374] DAY      meanV=168.6 EO=1 IR=1 | fused[-] | tracks[-]
[00375] DAY      meanV=168.3 EO=1 IR=1 | fused[-] | tracks[-]
[00376] DAY      meanV=167.7 EO=1 IR=1 | fused[-] | tracks[-]
[00377] DAY      meanV=167.6 EO=1 IR=1 | fused[-] | tracks[-]
[00378] DAY      meanV=167.6 EO=1 IR=1 | fused[-] | tracks[-]
[00379] DAY      meanV=167.6 EO=1 IR=1 | fused[-] | tracks[-]
[00380] DAY      meanV=167.7 EO=1 IR=1 | fused[-] | tracks[-]
[00381] DAY      meanV=167.8 EO=1 IR=1 | fused[-] | tracks[-]
[00382] DAY      meanV=167.8 EO=1 IR=1 | fused[-] | tracks[-]
[00383] DAY      meanV=167.9 EO=1 IR=1 | fused[-] | tracks[-]
[00384] DAY      meanV=167.9 EO=1 IR=1 | fused[-] | tracks[-]
[00385] DAY      meanV=167.9 EO=1 IR=1 | fused[-] | tracks[-]
[00386] DAY      meanV=168.0 EO=1 IR=1 | fused[-] | tracks[-]
[00387] DAY      meanV=168.0 EO=1 IR=1 | fused[-] | tracks[-]
[00388] DAY      meanV=168.0 EO=1 IR=1 | fused[-] | tracks[-]
[00389] DAY      meanV=168.0 EO=1 IR=1 | fused[-] | tracks[-]
[00390] DAY      meanV=168.0 EO=1 IR=1 | fused[-] | tracks[-]
[00391] DAY      meanV=168.1 EO=1 IR=1 | fused[-] | tracks[-]
[00392] DAY      meanV=168.0 EO=1 IR=1 | fused[-] | tracks[-]
[00393] DAY      meanV=168.1 EO=1 IR=1 | fused[-] | tracks[-]
[00394] DAY      meanV=168.1 EO=1 IR=1 | fused[-] | tracks[-]
[00395] DAY      meanV=168.1 EO=1 IR=1 | fused[-] | tracks[-]
[00396] DAY      meanV=168.0 EO=1 IR=1 | fused[-] | tracks[-]
[00397] DAY      meanV=168.1 EO=1 IR=1 | fused[-] | tracks[-]
[00398] DAY      meanV=168.1 EO=1 IR=1 | fused[-] | tracks[-]
[00399] DAY      meanV=168.1 EO=1 IR=1 | fused[-] | tracks[-]
[00400] DAY      meanV=168.1 EO=1 IR=1 | fused[-] | tracks[-]
[00401] DAY      meanV=168.1 EO=1 IR=1 | fused[-] | tracks[-]
[00402] DAY      meanV=168.1 EO=1 IR=1 | fused[-] | tracks[-]
[00403] DAY      meanV=168.1 EO=1 IR=1 | fused[-] | tracks[-]
[00404] DAY      meanV=168.1 EO=1 IR=1 | fused[-] | tracks[-]
[00405] DAY      meanV=168.1 EO=1 IR=1 | fused[-] | tracks[-]
[00406] DAY      meanV=168.1 EO=1 IR=1 | fused[-] | tracks[-]
[00407] DAY      meanV=168.1 EO=1 IR=1 | fused[-] | tracks[-]
[00408] DAY      meanV=168.1 EO=1 IR=1 | fused[-] | tracks[-]
[00409] DAY      meanV=168.1 EO=1 IR=1 | fused[-] | tracks[-]
[00410] DAY      meanV=168.1 EO=1 IR=1 | fused[-] | tracks[-]
[00411] DAY      meanV=168.0 EO=1 IR=1 | fused[-] | tracks[-]
[00412] DAY      meanV=168.0 EO=1 IR=1 | fused[-] | tracks[-]
[00413] DAY      meanV=168.0 EO=1 IR=1 | fused[-] | tracks[-]
[00414] DAY      meanV=168.5 EO=1 IR=1 | fused[-] | tracks[-]
[00415] DAY      meanV=168.9 EO=1 IR=1 | fused[-] | tracks[-]
[00416] DAY      meanV=169.2 EO=1 IR=1 | fused[-] | tracks[-]
[00417] DAY      meanV=169.3 EO=1 IR=1 | fused[-] | tracks[-]
[00418] DAY      meanV=169.3 EO=1 IR=1 | fused[-] | tracks[-]
[00419] DAY      meanV=169.3 EO=1 IR=1 | fused[-] | tracks[-]
[00420] DAY      meanV=169.3 EO=1 IR=1 | fused[-] | tracks[-]
[00421] DAY      meanV=169.2 EO=1 IR=1 | fused[-] | tracks[-]
[00422] DAY      meanV=169.2 EO=1 IR=1 | fused[-] | tracks[-]
[00423] DAY      meanV=169.6 EO=1 IR=1 | fused[-] | tracks[-]
[00424] DAY      meanV=169.9 EO=1 IR=1 | fused[-] | tracks[-]
[00425] DAY      meanV=170.5 EO=1 IR=1 | fused[-] | tracks[-]
[00426] DAY      meanV=170.6 EO=1 IR=1 | fused[-] | tracks[-]
[00427] DAY      meanV=170.6 EO=1 IR=1 | fused[-] | tracks[-]
[00428] DAY      meanV=170.6 EO=1 IR=1 | fused[-] | tracks[-]
[00429] DAY      meanV=170.5 EO=1 IR=1 | fused[-] | tracks[-]
[00430] DAY      meanV=170.5 EO=1 IR=1 | fused[-] | tracks[-]
[00431] DAY      meanV=170.4 EO=1 IR=2 | fused[-] | tracks[-]
[00432] DAY      meanV=170.4 EO=1 IR=2 | fused[-] | tracks[-]
[00433] DAY      meanV=170.4 EO=1 IR=1 | fused[-] | tracks[-]
[00434] DAY      meanV=170.4 EO=1 IR=1 | fused[-] | tracks[-]
[00435] DAY      meanV=170.3 EO=1 IR=1 | fused[-] | tracks[-]
[00436] DAY      meanV=170.2 EO=1 IR=1 | fused[-] | tracks[-]
[00437] DAY      meanV=170.2 EO=1 IR=1 | fused[-] | tracks[-]
[00438] DAY      meanV=170.2 EO=1 IR=1 | fused[-] | tracks[-]
[00439] DAY      meanV=170.1 EO=1 IR=1 | fused[-] | tracks[-]
[00440] DAY      meanV=170.1 EO=1 IR=1 | fused[-] | tracks[-]
[00441] DAY      meanV=170.1 EO=1 IR=1 | fused[-] | tracks[-]
[00442] DAY      meanV=170.1 EO=1 IR=1 | fused[-] | tracks[-]
[00443] DAY      meanV=170.1 EO=1 IR=1 | fused[-] | tracks[-]
[00444] DAY      meanV=170.1 EO=1 IR=1 | fused[-] | tracks[-]
[00445] DAY      meanV=170.1 EO=1 IR=1 | fused[-] | tracks[-]
[00446] DAY      meanV=170.0 EO=1 IR=1 | fused[-] | tracks[-]
[00447] DAY      meanV=170.0 EO=1 IR=1 | fused[-] | tracks[-]
[00448] DAY      meanV=170.0 EO=1 IR=1 | fused[-] | tracks[-]
[00449] DAY      meanV=170.0 EO=1 IR=1 | fused[-] | tracks[-]
[00450] DAY      meanV=170.0 EO=1 IR=1 | fused[-] | tracks[-]
[00451] DAY      meanV=170.0 EO=1 IR=1 | fused[-] | tracks[-]
[00452] DAY      meanV=170.0 EO=1 IR=1 | fused[-] | tracks[-]
[00453] DAY      meanV=170.0 EO=1 IR=1 | fused[-] | tracks[-]
[00454] DAY      meanV=170.0 EO=1 IR=1 | fused[-] | tracks[-]
[00455] DAY      meanV=170.0 EO=1 IR=1 | fused[-] | tracks[-]
[00456] DAY      meanV=170.0 EO=1 IR=1 | fused[-] | tracks[-]
[00457] DAY      meanV=170.0 EO=1 IR=1 | fused[-] | tracks[-]
[00458] DAY      meanV=169.9 EO=1 IR=1 | fused[-] | tracks[-]
[00459] DAY      meanV=170.0 EO=1 IR=1 | fused[-] | tracks[-]
[00460] DAY      meanV=170.0 EO=1 IR=1 | fused[-] | tracks[-]
[00461] DAY      meanV=170.0 EO=1 IR=1 | fused[-] | tracks[-]
[00462] DAY      meanV=170.0 EO=1 IR=1 | fused[-] | tracks[-]
[00463] DAY      meanV=170.0 EO=1 IR=1 | fused[-] | tracks[-]
[00464] DAY      meanV=170.0 EO=1 IR=1 | fused[-] | tracks[-]
[00465] DAY      meanV=169.5 EO=1 IR=1 | fused[-] | tracks[-]
[00466] DAY      meanV=169.2 EO=1 IR=1 | fused[-] | tracks[-]
[00467] DAY      meanV=168.6 EO=1 IR=1 | fused[-] | tracks[-]
[00468] DAY      meanV=168.3 EO=1 IR=1 | fused[-] | tracks[-]
[00469] DAY      meanV=168.0 EO=1 IR=1 | fused[-] | tracks[-]
[00470] DAY      meanV=167.9 EO=1 IR=1 | fused[-] | tracks[-]
[00471] DAY      meanV=167.9 EO=1 IR=1 | fused[-] | tracks[-]
[00472] DAY      meanV=167.9 EO=1 IR=1 | fused[-] | tracks[-]
[00473] DAY      meanV=167.9 EO=1 IR=1 | fused[-] | tracks[-]
[00474] DAY      meanV=168.0 EO=1 IR=1 | fused[-] | tracks[-]
[00475] DAY      meanV=168.0 EO=1 IR=1 | fused[-] | tracks[-]
[00476] DAY      meanV=168.1 EO=1 IR=1 | fused[-] | tracks[-]
[00477] DAY      meanV=168.1 EO=1 IR=1 | fused[-] | tracks[-]
[00478] DAY      meanV=168.2 EO=1 IR=1 | fused[-] | tracks[-]
[00479] DAY      meanV=168.2 EO=1 IR=1 | fused[-] | tracks[-]
[00480] DAY      meanV=168.2 EO=1 IR=1 | fused[-] | tracks[-]
[00481] DAY      meanV=168.3 EO=1 IR=1 | fused[-] | tracks[-]
[00482] DAY      meanV=167.8 EO=1 IR=1 | fused[-] | tracks[-]
[00483] DAY      meanV=167.5 EO=1 IR=1 | fused[-] | tracks[-]
[00484] DAY      meanV=166.9 EO=1 IR=1 | fused[-] | tracks[-]
[00485] DAY      meanV=166.8 EO=1 IR=1 | fused[-] | tracks[-]
[00486] DAY      meanV=166.8 EO=1 IR=1 | fused[-] | tracks[-]
[00487] DAY      meanV=166.8 EO=1 IR=1 | fused[-] | tracks[-]
[00488] DAY      meanV=166.9 EO=1 IR=1 | fused[-] | tracks[-]
[00489] DAY      meanV=167.0 EO=1 IR=1 | fused[-] | tracks[-]
[00490] DAY      meanV=167.0 EO=1 IR=1 | fused[-] | tracks[-]
[00491] DAY      meanV=167.1 EO=1 IR=1 | fused[-] | tracks[-]
[00492] DAY      meanV=167.2 EO=1 IR=1 | fused[-] | tracks[-]
[00493] DAY      meanV=167.2 EO=1 IR=1 | fused[-] | tracks[-]
[00494] DAY      meanV=167.2 EO=1 IR=1 | fused[-] | tracks[-]
[00495] DAY      meanV=167.3 EO=1 IR=1 | fused[-] | tracks[-]
[00496] DAY      meanV=167.3 EO=1 IR=1 | fused[-] | tracks[-]
[00497] DAY      meanV=167.3 EO=1 IR=1 | fused[-] | tracks[-]
[00498] DAY      meanV=167.4 EO=1 IR=1 | fused[-] | tracks[-]
[00499] DAY      meanV=167.4 EO=1 IR=1 | fused[-] | tracks[-]
[00500] DAY      meanV=167.5 EO=1 IR=1 | fused[-] | tracks[-]
[00501] DAY      meanV=167.5 EO=1 IR=1 | fused[-] | tracks[-]
[00502] DAY      meanV=167.6 EO=1 IR=1 | fused[-] | tracks[-]
[00503] DAY      meanV=167.6 EO=1 IR=1 | fused[-] | tracks[-]
[00504] DAY      meanV=167.6 EO=1 IR=1 | fused[-] | tracks[-]
[00505] DAY      meanV=167.6 EO=1 IR=1 | fused[-] | tracks[-]
[00506] DAY      meanV=167.6 EO=1 IR=1 | fused[-] | tracks[-]
[00507] DAY      meanV=167.6 EO=1 IR=1 | fused[-] | tracks[-]
[00508] DAY      meanV=167.6 EO=1 IR=1 | fused[-] | tracks[-]
[00509] DAY      meanV=167.6 EO=1 IR=1 | fused[-] | tracks[-]
[00510] DAY      meanV=167.6 EO=1 IR=1 | fused[-] | tracks[-]
[00511] DAY      meanV=167.6 EO=1 IR=1 | fused[-] | tracks[-]
[00512] DAY      meanV=167.6 EO=1 IR=1 | fused[-] | tracks[-]
[00513] DAY      meanV=168.1 EO=1 IR=1 | fused[-] | tracks[-]
[00514] DAY      meanV=168.4 EO=1 IR=1 | fused[-] | tracks[-]
[00515] DAY      meanV=169.0 EO=1 IR=1 | fused[-] | tracks[-]
[00516] DAY      meanV=169.4 EO=1 IR=1 | fused[-] | tracks[-]
[00517] DAY      meanV=169.4 EO=1 IR=1 | fused[-] | tracks[-]
[00518] DAY      meanV=169.5 EO=1 IR=1 | fused[-] | tracks[-]
[00519] DAY      meanV=169.4 EO=1 IR=1 | fused[-] | tracks[-]
[00520] DAY      meanV=169.4 EO=1 IR=1 | fused[-] | tracks[-]
[00521] DAY      meanV=169.3 EO=1 IR=1 | fused[-] | tracks[-]
[00522] DAY      meanV=169.3 EO=1 IR=1 | fused[-] | tracks[-]
[00523] DAY      meanV=169.2 EO=1 IR=1 | fused[-] | tracks[-]
[00524] DAY      meanV=169.4 EO=1 IR=1 | fused[-] | tracks[-]
[00525] DAY      meanV=169.8 EO=1 IR=1 | fused[-] | tracks[-]
[00526] DAY      meanV=170.1 EO=1 IR=1 | fused[-] | tracks[-]
[00527] DAY      meanV=170.7 EO=1 IR=1 | fused[-] | tracks[-]
[00528] DAY      meanV=171.0 EO=1 IR=1 | fused[-] | tracks[-]
[00529] DAY      meanV=171.5 EO=1 IR=1 | fused[-] | tracks[-]
[00530] DAY      meanV=171.6 EO=1 IR=1 | fused[-] | tracks[-]
[00531] DAY      meanV=171.5 EO=1 IR=1 | fused[-] | tracks[-]
[00532] DAY      meanV=171.5 EO=1 IR=1 | fused[-] | tracks[-]
[00533] DAY      meanV=171.4 EO=1 IR=1 | fused[-] | tracks[-]
[00534] DAY      meanV=171.3 EO=1 IR=1 | fused[-] | tracks[-]
[00535] DAY      meanV=171.2 EO=1 IR=1 | fused[-] | tracks[-]
[00536] DAY      meanV=171.1 EO=1 IR=1 | fused[-] | tracks[-]
[00537] DAY      meanV=171.1 EO=1 IR=1 | fused[-] | tracks[-]
[00538] DAY      meanV=171.0 EO=1 IR=1 | fused[-] | tracks[-]
[00539] DAY      meanV=170.9 EO=1 IR=1 | fused[-] | tracks[-]
[00540] DAY      meanV=170.8 EO=1 IR=1 | fused[-] | tracks[-]
[00541] DAY      meanV=170.8 EO=1 IR=1 | fused[-] | tracks[-]
[00542] DAY      meanV=170.8 EO=1 IR=1 | fused[-] | tracks[-]
[00543] DAY      meanV=170.8 EO=1 IR=1 | fused[-] | tracks[-]
[00544] DAY      meanV=170.7 EO=1 IR=1 | fused[-] | tracks[-]
[00545] DAY      meanV=170.6 EO=1 IR=1 | fused[-] | tracks[-]
[00546] DAY      meanV=170.6 EO=1 IR=1 | fused[-] | tracks[-]
[00547] DAY      meanV=170.6 EO=1 IR=1 | fused[-] | tracks[-]
[00548] DAY      meanV=170.6 EO=1 IR=1 | fused[-] | tracks[-]
[00549] DAY      meanV=170.6 EO=1 IR=1 | fused[-] | tracks[-]
[00550] DAY      meanV=170.5 EO=1 IR=1 | fused[-] | tracks[-]
[00551] DAY      meanV=170.6 EO=1 IR=1 | fused[-] | tracks[-]
[00552] DAY      meanV=170.6 EO=1 IR=1 | fused[-] | tracks[-]
[00553] DAY      meanV=170.6 EO=1 IR=1 | fused[-] | tracks[-]
[00554] DAY      meanV=170.6 EO=1 IR=1 | fused[-] | tracks[-]
[00555] DAY      meanV=170.6 EO=1 IR=1 | fused[-] | tracks[-]
[00556] DAY      meanV=170.6 EO=1 IR=1 | fused[-] | tracks[-]
[00557] DAY      meanV=170.6 EO=1 IR=0 | fused[-] | tracks[-]
[00558] DAY      meanV=170.6 EO=1 IR=0 | fused[-] | tracks[-]
[00559] DAY      meanV=170.6 EO=1 IR=0 | fused[-] | tracks[-]
[00560] DAY      meanV=170.6 EO=1 IR=1 | fused[-] | tracks[-]
[00561] DAY      meanV=170.6 EO=1 IR=1 | fused[-] | tracks[-]
[00562] DAY      meanV=170.6 EO=1 IR=1 | fused[-] | tracks[-]
[00563] DAY      meanV=170.6 EO=1 IR=1 | fused[-] | tracks[-]
[00564] DAY      meanV=170.6 EO=1 IR=1 | fused[-] | tracks[-]
[00565] DAY      meanV=170.6 EO=1 IR=1 | fused[-] | tracks[-]
[00566] DAY      meanV=170.6 EO=2 IR=1 | fused[-] | tracks[-]
[00567] DAY      meanV=170.6 EO=1 IR=1 | fused[-] | tracks[-]
[00568] DAY      meanV=170.6 EO=1 IR=1 | fused[-] | tracks[-]
[00569] DAY      meanV=170.5 EO=1 IR=1 | fused[-] | tracks[-]
[00570] DAY      meanV=170.5 EO=1 IR=1 | fused[-] | tracks[-]
[00571] DAY      meanV=170.5 EO=1 IR=1 | fused[-] | tracks[-]
[00572] DAY      meanV=170.5 EO=1 IR=0 | fused[-] | tracks[-]
[00573] DAY      meanV=170.5 EO=1 IR=1 | fused[-] | tracks[-]
[00574] DAY      meanV=170.5 EO=1 IR=1 | fused[-] | tracks[-]
[00575] DAY      meanV=170.5 EO=1 IR=1 | fused[-] | tracks[-]
[00576] DAY      meanV=170.5 EO=1 IR=1 | fused[-] | tracks[-]
[00577] DAY      meanV=170.4 EO=1 IR=0 | fused[-] | tracks[-]
[00578] DAY      meanV=170.4 EO=1 IR=0 | fused[-] | tracks[-]
[00579] DAY      meanV=170.4 EO=1 IR=0 | fused[-] | tracks[-]
[00580] DAY      meanV=170.4 EO=1 IR=0 | fused[-] | tracks[-]
[00581] DAY      meanV=170.4 EO=1 IR=1 | fused[-] | tracks[-]
[00582] DAY      meanV=170.4 EO=1 IR=1 | fused[-] | tracks[-]
[00583] DAY      meanV=170.4 EO=1 IR=1 | fused[-] | tracks[-]
[00584] DAY      meanV=170.4 EO=1 IR=1 | fused[-] | tracks[-]
[00585] DAY      meanV=170.4 EO=1 IR=1 | fused[-] | tracks[-]
[00586] DAY      meanV=170.4 EO=1 IR=1 | fused[-] | tracks[-]
[00587] DAY      meanV=170.4 EO=1 IR=1 | fused[-] | tracks[-]
[00588] DAY      meanV=170.4 EO=1 IR=1 | fused[-] | tracks[-]
[00589] DAY      meanV=170.3 EO=1 IR=1 | fused[-] | tracks[-]
[00590] DAY      meanV=170.3 EO=1 IR=1 | fused[-] | tracks[-]
[00591] DAY      meanV=170.3 EO=1 IR=0 | fused[-] | tracks[-]
[00592] DAY      meanV=170.3 EO=1 IR=1 | fused[-] | tracks[-]
[00593] DAY      meanV=170.3 EO=1 IR=1 | fused[-] | tracks[-]
[00594] DAY      meanV=170.4 EO=1 IR=1 | fused[-] | tracks[-]
[00595] DAY      meanV=170.4 EO=1 IR=1 | fused[-] | tracks[-]
[00596] DAY      meanV=170.4 EO=1 IR=1 | fused[-] | tracks[-]
[00597] DAY      meanV=170.4 EO=1 IR=1 | fused[-] | tracks[-]
[00598] DAY      meanV=170.4 EO=1 IR=1 | fused[-] | tracks[-]
[00599] DAY      meanV=170.4 EO=1 IR=1 | fused[-] | tracks[-]
[00600] DAY      meanV=170.4 EO=1 IR=1 | fused[-] | tracks[-]
[00601] DAY      meanV=170.4 EO=1 IR=1 | fused[-] | tracks[-]
[00602] DAY      meanV=170.4 EO=1 IR=1 | fused[-] | tracks[-]
[00603] DAY      meanV=170.4 EO=1 IR=1 | fused[-] | tracks[-]
[00604] DAY      meanV=170.4 EO=1 IR=1 | fused[-] | tracks[-]
[00605] DAY      meanV=170.4 EO=1 IR=1 | fused[-] | tracks[-]
[00606] DAY      meanV=170.4 EO=1 IR=1 | fused[-] | tracks[-]
[00607] DAY      meanV=170.4 EO=1 IR=1 | fused[-] | tracks[-]
[00608] DAY      meanV=170.4 EO=1 IR=1 | fused[-] | tracks[-]
[00609] DAY      meanV=170.4 EO=1 IR=1 | fused[-] | tracks[-]
[00610] DAY      meanV=170.3 EO=1 IR=1 | fused[-] | tracks[-]
[00611] DAY      meanV=170.3 EO=1 IR=1 | fused[-] | tracks[-]
[00612] DAY      meanV=170.4 EO=1 IR=1 | fused[-] | tracks[-]
[00613] DAY      meanV=170.4 EO=1 IR=1 | fused[-] | tracks[-]
[00614] DAY      meanV=170.3 EO=1 IR=1 | fused[-] | tracks[-]
[00615] DAY      meanV=170.3 EO=1 IR=1 | fused[-] | tracks[-]
[00616] DAY      meanV=170.4 EO=1 IR=1 | fused[-] | tracks[-]
[00617] DAY      meanV=170.3 EO=1 IR=1 | fused[-] | tracks[-]
[00618] DAY      meanV=170.3 EO=1 IR=1 | fused[-] | tracks[-]
[00619] DAY      meanV=170.4 EO=1 IR=1 | fused[-] | tracks[-]
[00620] DAY      meanV=170.4 EO=1 IR=1 | fused[-] | tracks[-]
[00621] DAY      meanV=170.4 EO=1 IR=1 | fused[-] | tracks[-]
[00622] DAY      meanV=170.4 EO=1 IR=1 | fused[-] | tracks[-]
[00623] DAY      meanV=170.4 EO=1 IR=1 | fused[-] | tracks[-]
[00624] DAY      meanV=170.4 EO=1 IR=1 | fused[-] | tracks[-]
[00625] DAY      meanV=170.4 EO=1 IR=1 | fused[-] | tracks[-]
[00626] DAY      meanV=170.3 EO=1 IR=1 | fused[-] | tracks[-]
[00627] DAY      meanV=170.4 EO=1 IR=1 | fused[-] | tracks[-]
[00628] DAY      meanV=170.3 EO=1 IR=1 | fused[-] | tracks[-]
[00629] DAY      meanV=170.4 EO=1 IR=1 | fused[-] | tracks[-]
[00630] DAY      meanV=170.3 EO=1 IR=1 | fused[-] | tracks[-]
[00631] DAY      meanV=170.3 EO=1 IR=1 | fused[-] | tracks[-]
[00632] DAY      meanV=170.3 EO=1 IR=1 | fused[-] | tracks[-]
[00633] DAY      meanV=170.3 EO=1 IR=1 | fused[-] | tracks[-]
[00634] DAY      meanV=170.3 EO=1 IR=1 | fused[-] | tracks[-]
[00635] DAY      meanV=170.3 EO=1 IR=1 | fused[-] | tracks[-]
[00636] DAY      meanV=170.3 EO=1 IR=1 | fused[-] | tracks[-]
[00637] DAY      meanV=170.4 EO=1 IR=1 | fused[-] | tracks[-]
[00638] DAY      meanV=170.4 EO=1 IR=1 | fused[-] | tracks[-]
[00639] DAY      meanV=170.4 EO=1 IR=1 | fused[-] | tracks[-]
[00640] DAY      meanV=170.4 EO=1 IR=1 | fused[-] | tracks[-]
[00641] DAY      meanV=170.4 EO=1 IR=1 | fused[-] | tracks[-]
[00642] DAY      meanV=170.4 EO=1 IR=1 | fused[-] | tracks[-]
[00643] DAY      meanV=170.4 EO=1 IR=1 | fused[-] | tracks[-]
[00644] DAY      meanV=170.4 EO=1 IR=1 | fused[-] | tracks[-]
[00645] DAY      meanV=170.4 EO=1 IR=1 | fused[-] | tracks[-]
[00646] DAY      meanV=170.4 EO=1 IR=1 | fused[-] | tracks[-]
[00647] DAY      meanV=170.4 EO=1 IR=1 | fused[-] | tracks[-]
[00648] DAY      meanV=170.4 EO=1 IR=1 | fused[-] | tracks[-]
[00649] DAY      meanV=170.6 EO=1 IR=1 | fused[-] | tracks[-]
[00650] DAY      meanV=170.9 EO=1 IR=1 | fused[-] | tracks[-]
[00651] DAY      meanV=171.0 EO=1 IR=1 | fused[-] | tracks[-]
[00652] DAY      meanV=171.0 EO=1 IR=1 | fused[-] | tracks[-]
[00653] DAY      meanV=171.0 EO=1 IR=1 | fused[-] | tracks[-]
[00654] DAY      meanV=170.9 EO=1 IR=1 | fused[-] | tracks[-]
[00655] DAY      meanV=170.9 EO=1 IR=1 | fused[-] | tracks[-]
[00656] DAY      meanV=170.9 EO=1 IR=1 | fused[-] | tracks[-]
[00657] DAY      meanV=170.9 EO=1 IR=1 | fused[-] | tracks[-]
[00658] DAY      meanV=170.9 EO=1 IR=1 | fused[-] | tracks[-]
[00659] DAY      meanV=170.9 EO=1 IR=1 | fused[-] | tracks[-]
[00660] DAY      meanV=170.9 EO=1 IR=1 | fused[-] | tracks[-]
[00661] DAY      meanV=170.9 EO=1 IR=1 | fused[-] | tracks[-]
[00662] DAY      meanV=170.9 EO=1 IR=1 | fused[-] | tracks[-]
[00663] DAY      meanV=170.9 EO=1 IR=1 | fused[-] | tracks[-]
[00664] DAY      meanV=170.9 EO=1 IR=1 | fused[-] | tracks[-]
[00665] DAY      meanV=170.9 EO=1 IR=1 | fused[-] | tracks[-]
[00666] DAY      meanV=170.9 EO=1 IR=1 | fused[-] | tracks[-]
[00667] DAY      meanV=170.9 EO=1 IR=1 | fused[-] | tracks[-]
[00668] DAY      meanV=170.8 EO=1 IR=1 | fused[-] | tracks[-]
[00669] DAY      meanV=170.9 EO=1 IR=1 | fused[-] | tracks[-]
[00670] DAY      meanV=170.8 EO=1 IR=1 | fused[-] | tracks[-]
[00671] DAY      meanV=170.8 EO=1 IR=1 | fused[-] | tracks[-]
[00672] DAY      meanV=170.8 EO=1 IR=1 | fused[-] | tracks[-]
[00673] DAY      meanV=170.8 EO=1 IR=1 | fused[-] | tracks[-]
[00674] DAY      meanV=170.8 EO=1 IR=1 | fused[-] | tracks[-]
[00675] DAY      meanV=170.8 EO=1 IR=1 | fused[-] | tracks[-]
[00676] DAY      meanV=170.8 EO=1 IR=1 | fused[-] | tracks[-]
[00677] DAY      meanV=170.8 EO=1 IR=1 | fused[-] | tracks[-]
[00678] DAY      meanV=170.8 EO=1 IR=1 | fused[-] | tracks[-]
[00679] DAY      meanV=170.8 EO=1 IR=1 | fused[-] | tracks[-]
[00680] DAY      meanV=170.8 EO=1 IR=1 | fused[-] | tracks[-]
[00681] DAY      meanV=170.8 EO=1 IR=1 | fused[-] | tracks[-]
[00682] DAY      meanV=170.8 EO=1 IR=1 | fused[-] | tracks[-]
[00683] DAY      meanV=170.8 EO=1 IR=1 | fused[-] | tracks[-]
[00684] DAY      meanV=170.8 EO=1 IR=1 | fused[-] | tracks[-]
[00685] DAY      meanV=171.3 EO=1 IR=1 | fused[-] | tracks[-]
[00686] DAY      meanV=171.6 EO=1 IR=1 | fused[-] | tracks[-]
[00687] DAY      meanV=172.2 EO=1 IR=1 | fused[-] | tracks[-]
[00688] DAY      meanV=172.3 EO=1 IR=1 | fused[-] | tracks[-]
[00689] DAY      meanV=172.3 EO=1 IR=1 | fused[-] | tracks[-]
[00690] DAY      meanV=172.3 EO=1 IR=1 | fused[-] | tracks[-]
[00691] DAY      meanV=172.3 EO=1 IR=1 | fused[-] | tracks[-]
[00692] DAY      meanV=172.2 EO=1 IR=1 | fused[-] | tracks[-]
[00693] DAY      meanV=172.2 EO=1 IR=1 | fused[-] | tracks[-]
[00694] DAY      meanV=172.1 EO=1 IR=1 | fused[-] | tracks[-]
[00695] DAY      meanV=172.1 EO=1 IR=1 | fused[-] | tracks[-]
[00696] DAY      meanV=172.0 EO=1 IR=1 | fused[-] | tracks[-]
[00697] DAY      meanV=172.0 EO=1 IR=1 | fused[-] | tracks[-]
[00698] DAY      meanV=172.0 EO=1 IR=1 | fused[-] | tracks[-]
[00699] DAY      meanV=171.9 EO=1 IR=1 | fused[-] | tracks[-]
[00700] DAY      meanV=171.9 EO=1 IR=1 | fused[-] | tracks[-]
[00701] DAY      meanV=171.9 EO=1 IR=1 | fused[-] | tracks[-]
[00702] DAY      meanV=171.8 EO=1 IR=1 | fused[-] | tracks[-]
[00703] DAY      meanV=171.8 EO=1 IR=1 | fused[-] | tracks[-]
[00704] DAY      meanV=171.8 EO=1 IR=1 | fused[-] | tracks[-]
[00705] DAY      meanV=171.8 EO=1 IR=1 | fused[-] | tracks[-]
[00706] DAY      meanV=171.8 EO=1 IR=1 | fused[-] | tracks[-]
[00707] DAY      meanV=171.8 EO=1 IR=1 | fused[-] | tracks[-]
[00708] DAY      meanV=171.8 EO=1 IR=1 | fused[-] | tracks[-]
[00709] DAY      meanV=171.8 EO=1 IR=1 | fused[-] | tracks[-]
[00710] DAY      meanV=171.8 EO=1 IR=1 | fused[-] | tracks[-]
[00711] DAY      meanV=171.8 EO=1 IR=1 | fused[-] | tracks[-]
[00712] DAY      meanV=171.8 EO=1 IR=1 | fused[-] | tracks[-]
[00713] DAY      meanV=171.8 EO=1 IR=1 | fused[-] | tracks[-]
[00714] DAY      meanV=171.8 EO=1 IR=1 | fused[-] | tracks[-]
[00715] DAY      meanV=171.8 EO=1 IR=1 | fused[-] | tracks[-]
[00716] DAY      meanV=171.8 EO=1 IR=1 | fused[-] | tracks[-]
[00717] DAY      meanV=171.8 EO=1 IR=1 | fused[-] | tracks[-]
[00718] DAY      meanV=171.8 EO=1 IR=1 | fused[-] | tracks[-]
[00719] DAY      meanV=171.8 EO=1 IR=1 | fused[-] | tracks[-]
[00720] DAY      meanV=171.8 EO=1 IR=1 | fused[-] | tracks[-]
[00721] DAY      meanV=171.8 EO=1 IR=1 | fused[-] | tracks[-]
[00722] DAY      meanV=171.8 EO=1 IR=1 | fused[-] | tracks[-]
[00723] DAY      meanV=171.8 EO=1 IR=1 | fused[-] | tracks[-]
[00724] DAY      meanV=171.8 EO=1 IR=1 | fused[-] | tracks[-]
[00725] DAY      meanV=171.8 EO=1 IR=1 | fused[-] | tracks[-]
[00726] DAY      meanV=171.8 EO=1 IR=1 | fused[-] | tracks[-]
[00727] DAY      meanV=171.8 EO=1 IR=1 | fused[-] | tracks[-]
[00728] DAY      meanV=171.8 EO=1 IR=1 | fused[-] | tracks[-]
[00729] DAY      meanV=171.7 EO=1 IR=1 | fused[-] | tracks[-]
[00730] DAY      meanV=171.7 EO=1 IR=1 | fused[-] | tracks[-]
[00731] DAY      meanV=171.7 EO=1 IR=1 | fused[-] | tracks[-]
[00732] DAY      meanV=171.8 EO=1 IR=1 | fused[-] | tracks[-]
[00733] DAY      meanV=171.8 EO=1 IR=1 | fused[-] | tracks[-]
[00734] DAY      meanV=171.7 EO=1 IR=1 | fused[-] | tracks[-]
[00735] DAY      meanV=171.7 EO=1 IR=1 | fused[-] | tracks[-]
[00736] DAY      meanV=171.7 EO=1 IR=1 | fused[-] | tracks[-]
[00737] DAY      meanV=171.7 EO=1 IR=1 | fused[-] | tracks[-]
[00738] DAY      meanV=171.7 EO=1 IR=1 | fused[-] | tracks[-]
[00739] DAY      meanV=171.7 EO=1 IR=1 | fused[-] | tracks[-]
[00740] DAY      meanV=171.7 EO=1 IR=1 | fused[-] | tracks[-]
[00741] DAY      meanV=171.8 EO=1 IR=1 | fused[-] | tracks[-]
[00742] DAY      meanV=171.8 EO=1 IR=1 | fused[-] | tracks[-]
[00743] DAY      meanV=171.8 EO=1 IR=1 | fused[-] | tracks[-]
[00744] DAY      meanV=171.8 EO=1 IR=1 | fused[-] | tracks[-]
[00745] DAY      meanV=172.0 EO=1 IR=1 | fused[-] | tracks[-]
[00746] DAY      meanV=172.5 EO=1 IR=1 | fused[-] | tracks[-]
[00747] DAY      meanV=172.9 EO=1 IR=1 | fused[-] | tracks[-]
[00748] DAY      meanV=173.1 EO=1 IR=1 | fused[-] | tracks[-]
[00749] DAY      meanV=173.1 EO=1 IR=1 | fused[-] | tracks[-]
[00750] DAY      meanV=173.2 EO=1 IR=1 | fused[-] | tracks[-]
[00751] DAY      meanV=173.1 EO=1 IR=1 | fused[-] | tracks[-]
[00752] DAY      meanV=173.1 EO=1 IR=1 | fused[-] | tracks[-]
[00753] DAY      meanV=173.1 EO=1 IR=1 | fused[-] | tracks[-]
[00754] DAY      meanV=173.0 EO=1 IR=1 | fused[-] | tracks[-]
[00755] DAY      meanV=173.0 EO=1 IR=1 | fused[-] | tracks[-]
[00756] DAY      meanV=172.9 EO=1 IR=1 | fused[-] | tracks[-]
[00757] DAY      meanV=172.9 EO=1 IR=1 | fused[-] | tracks[-]
[00758] DAY      meanV=172.8 EO=1 IR=1 | fused[-] | tracks[-]
[00759] DAY      meanV=172.8 EO=1 IR=1 | fused[-] | tracks[-]
[00760] DAY      meanV=172.8 EO=1 IR=1 | fused[-] | tracks[-]
[00761] DAY      meanV=172.8 EO=1 IR=1 | fused[-] | tracks[-]
[00762] DAY      meanV=172.7 EO=1 IR=1 | fused[-] | tracks[-]
[00763] DAY      meanV=172.8 EO=1 IR=1 | fused[-] | tracks[-]
[00764] DAY      meanV=172.7 EO=1 IR=1 | fused[-] | tracks[-]
[00765] DAY      meanV=172.8 EO=1 IR=1 | fused[-] | tracks[-]
[00766] DAY      meanV=172.7 EO=1 IR=1 | fused[-] | tracks[-]
[00767] DAY      meanV=172.7 EO=1 IR=1 | fused[-] | tracks[-]
[00768] DAY      meanV=172.7 EO=1 IR=1 | fused[-] | tracks[-]
[00769] DAY      meanV=172.7 EO=1 IR=1 | fused[-] | tracks[-]
[00770] DAY      meanV=172.7 EO=1 IR=1 | fused[-] | tracks[-]
[00771] DAY      meanV=172.7 EO=1 IR=1 | fused[-] | tracks[-]
[00772] DAY      meanV=172.7 EO=1 IR=1 | fused[-] | tracks[-]
[00773] DAY      meanV=172.7 EO=1 IR=1 | fused[-] | tracks[-]
[00774] DAY      meanV=172.7 EO=1 IR=1 | fused[-] | tracks[-]
Processed 775 frame pair(s).
